[4.359s] Invoking command in '/home/luna/stage_imitation_learning/ros2_ws/src/create3_il': PYTHONPATH=/home/luna/stage_imitation_learning/ros2_ws/build/create3_il/prefix_override:/usr/lib/python3/dist-packages/colcon_core/task/python/colcon_distutils_commands:/home/luna/stage_imitation_learning/ros2_ws/install/create3_il/lib/python3.10/site-packages:${PYTHONPATH} /usr/bin/python3 -W ignore:setup.py install is deprecated -W ignore:easy_install command is deprecated setup.py egg_info --egg-base ../../build/create3_il build --build-base /home/luna/stage_imitation_learning/ros2_ws/build/create3_il/build install --record /home/luna/stage_imitation_learning/ros2_ws/build/create3_il/install.log --install-scripts $base/lib/create3_il --single-version-externally-managed install_data
[5.965s] running egg_info
[6.016s] writing ../../build/create3_il/create3_il.egg-info/PKG-INFO
[6.017s] writing dependency_links to ../../build/create3_il/create3_il.egg-info/dependency_links.txt
[6.018s] writing entry points to ../../build/create3_il/create3_il.egg-info/entry_points.txt
[6.019s] writing requirements to ../../build/create3_il/create3_il.egg-info/requires.txt
[6.020s] writing top-level names to ../../build/create3_il/create3_il.egg-info/top_level.txt
[6.169s] reading manifest file '../../build/create3_il/create3_il.egg-info/SOURCES.txt'
[6.173s] writing manifest file '../../build/create3_il/create3_il.egg-info/SOURCES.txt'
[6.173s] running build
[6.174s] running build_py
[6.178s] running install
[6.207s] running install_lib
[6.271s] running install_data
[6.271s] running install_egg_info
[6.328s] removing '/home/luna/stage_imitation_learning/ros2_ws/install/create3_il/lib/python3.10/site-packages/create3_il-0.0.0-py3.10.egg-info' (and everything under it)
[6.331s] Copying ../../build/create3_il/create3_il.egg-info to /home/luna/stage_imitation_learning/ros2_ws/install/create3_il/lib/python3.10/site-packages/create3_il-0.0.0-py3.10.egg-info
[6.336s] running install_scripts
[6.573s] Installing bc_inference_node script to /home/luna/stage_imitation_learning/ros2_ws/install/create3_il/lib/create3_il
[6.574s] Installing dagger_session_node script to /home/luna/stage_imitation_learning/ros2_ws/install/create3_il/lib/create3_il
[6.576s] Installing il_data_collector script to /home/luna/stage_imitation_learning/ros2_ws/install/create3_il/lib/create3_il
[6.579s] writing list of installed files to '/home/luna/stage_imitation_learning/ros2_ws/build/create3_il/install.log'
[6.733s] Invoked command in '/home/luna/stage_imitation_learning/ros2_ws/src/create3_il' returned '0': PYTHONPATH=/home/luna/stage_imitation_learning/ros2_ws/build/create3_il/prefix_override:/usr/lib/python3/dist-packages/colcon_core/task/python/colcon_distutils_commands:/home/luna/stage_imitation_learning/ros2_ws/install/create3_il/lib/python3.10/site-packages:${PYTHONPATH} /usr/bin/python3 -W ignore:setup.py install is deprecated -W ignore:easy_install command is deprecated setup.py egg_info --egg-base ../../build/create3_il build --build-base /home/luna/stage_imitation_learning/ros2_ws/build/create3_il/build install --record /home/luna/stage_imitation_learning/ros2_ws/build/create3_il/install.log --install-scripts $base/lib/create3_il --single-version-externally-managed install_data
