[1.390s] DEBUG:colcon:Command line arguments: ['/usr/bin/colcon', 'build', '--symlink-install', '--packages-select', 'create3_lidar_description']
[1.390s] DEBUG:colcon:Parsed command line arguments: Namespace(log_base=None, log_level=None, verb_name='build', build_base='build', install_base='install', merge_install=False, symlink_install=True, test_result_base=None, continue_on_error=False, executor='parallel', parallel_workers=16, event_handlers=None, ignore_user_meta=False, metas=['./colcon.meta'], base_paths=['.'], packages_ignore=None, packages_ignore_regex=None, paths=None, packages_up_to=None, packages_up_to_regex=None, packages_above=None, packages_above_and_dependencies=None, packages_above_depth=None, packages_select_by_dep=None, packages_skip_by_dep=None, packages_skip_up_to=None, packages_select_build_failed=False, packages_skip_build_finished=False, packages_select_test_failures=False, packages_skip_test_passed=False, packages_select=['create3_lidar_description'], packages_skip=None, packages_select_regex=None, packages_skip_regex=None, packages_start=None, packages_end=None, allow_overriding=[], cmake_args=None, cmake_target=None, cmake_target_skip_unavailable=False, cmake_clean_cache=False, cmake_clean_first=False, cmake_force_configure=False, ament_cmake_args=None, catkin_cmake_args=None, catkin_skip_building_tests=False, mixin_files=None, mixin=None, verb_parser=<colcon_mixin.mixin.mixin_argument.MixinArgumentDecorator object at 0x7f6890456f20>, verb_extension=<colcon_core.verb.build.BuildVerb object at 0x7f68904569b0>, main=<bound method BuildVerb.main of <colcon_core.verb.build.BuildVerb object at 0x7f68904569b0>>, mixin_verb=('build',))
[2.994s] Level 1:colcon.colcon_core.package_discovery:discover_packages(colcon_meta) check parameters
[2.995s] Level 1:colcon.colcon_core.package_discovery:discover_packages(recursive) check parameters
[2.995s] Level 1:colcon.colcon_core.package_discovery:discover_packages(ignore) check parameters
[2.995s] Level 1:colcon.colcon_core.package_discovery:discover_packages(path) check parameters
[2.995s] Level 1:colcon.colcon_core.package_discovery:discover_packages(colcon_meta) discover
[2.995s] Level 1:colcon.colcon_core.package_discovery:discover_packages(recursive) discover
[2.996s] INFO:colcon.colcon_core.package_discovery:Crawling recursively for packages in '/home/luna/stage_imitation_learning/ros2_ws'
[2.997s] Level 1:colcon.colcon_core.package_identification:_identify(.) by extensions ['ignore', 'ignore_ament_install']
[2.998s] Level 1:colcon.colcon_core.package_identification:_identify(.) by extension 'ignore'
[2.998s] Level 1:colcon.colcon_core.package_identification:_identify(.) by extension 'ignore_ament_install'
[2.998s] Level 1:colcon.colcon_core.package_identification:_identify(.) by extensions ['colcon_pkg']
[2.998s] Level 1:colcon.colcon_core.package_identification:_identify(.) by extension 'colcon_pkg'
[2.998s] Level 1:colcon.colcon_core.package_identification:_identify(.) by extensions ['colcon_meta']
[2.998s] Level 1:colcon.colcon_core.package_identification:_identify(.) by extension 'colcon_meta'
[2.998s] Level 1:colcon.colcon_core.package_identification:_identify(.) by extensions ['ros']
[2.998s] Level 1:colcon.colcon_core.package_identification:_identify(.) by extension 'ros'
[3.046s] Level 1:colcon.colcon_core.package_identification:_identify(.) by extensions ['cmake', 'python']
[3.046s] Level 1:colcon.colcon_core.package_identification:_identify(.) by extension 'cmake'
[3.047s] Level 1:colcon.colcon_core.package_identification:_identify(.) by extension 'python'
[3.047s] Level 1:colcon.colcon_core.package_identification:_identify(.) by extensions ['python_setup_py']
[3.047s] Level 1:colcon.colcon_core.package_identification:_identify(.) by extension 'python_setup_py'
[3.049s] Level 1:colcon.colcon_core.package_identification:_identify(build) by extensions ['ignore', 'ignore_ament_install']
[3.049s] Level 1:colcon.colcon_core.package_identification:_identify(build) by extension 'ignore'
[3.049s] Level 1:colcon.colcon_core.package_identification:_identify(build) ignored
[3.050s] Level 1:colcon.colcon_core.package_identification:_identify(install) by extensions ['ignore', 'ignore_ament_install']
[3.050s] Level 1:colcon.colcon_core.package_identification:_identify(install) by extension 'ignore'
[3.050s] Level 1:colcon.colcon_core.package_identification:_identify(install) ignored
[3.050s] Level 1:colcon.colcon_core.package_identification:_identify(log) by extensions ['ignore', 'ignore_ament_install']
[3.051s] Level 1:colcon.colcon_core.package_identification:_identify(log) by extension 'ignore'
[3.051s] Level 1:colcon.colcon_core.package_identification:_identify(log) ignored
[3.051s] Level 1:colcon.colcon_core.package_identification:_identify(src) by extensions ['ignore', 'ignore_ament_install']
[3.051s] Level 1:colcon.colcon_core.package_identification:_identify(src) by extension 'ignore'
[3.051s] Level 1:colcon.colcon_core.package_identification:_identify(src) by extension 'ignore_ament_install'
[3.051s] Level 1:colcon.colcon_core.package_identification:_identify(src) by extensions ['colcon_pkg']
[3.051s] Level 1:colcon.colcon_core.package_identification:_identify(src) by extension 'colcon_pkg'
[3.052s] Level 1:colcon.colcon_core.package_identification:_identify(src) by extensions ['colcon_meta']
[3.052s] Level 1:colcon.colcon_core.package_identification:_identify(src) by extension 'colcon_meta'
[3.052s] Level 1:colcon.colcon_core.package_identification:_identify(src) by extensions ['ros']
[3.052s] Level 1:colcon.colcon_core.package_identification:_identify(src) by extension 'ros'
[3.052s] Level 1:colcon.colcon_core.package_identification:_identify(src) by extensions ['cmake', 'python']
[3.052s] Level 1:colcon.colcon_core.package_identification:_identify(src) by extension 'cmake'
[3.052s] Level 1:colcon.colcon_core.package_identification:_identify(src) by extension 'python'
[3.052s] Level 1:colcon.colcon_core.package_identification:_identify(src) by extensions ['python_setup_py']
[3.052s] Level 1:colcon.colcon_core.package_identification:_identify(src) by extension 'python_setup_py'
[3.053s] Level 1:colcon.colcon_core.package_identification:_identify(src/create3_il) by extensions ['ignore', 'ignore_ament_install']
[3.053s] Level 1:colcon.colcon_core.package_identification:_identify(src/create3_il) by extension 'ignore'
[3.053s] Level 1:colcon.colcon_core.package_identification:_identify(src/create3_il) by extension 'ignore_ament_install'
[3.053s] Level 1:colcon.colcon_core.package_identification:_identify(src/create3_il) by extensions ['colcon_pkg']
[3.053s] Level 1:colcon.colcon_core.package_identification:_identify(src/create3_il) by extension 'colcon_pkg'
[3.054s] Level 1:colcon.colcon_core.package_identification:_identify(src/create3_il) by extensions ['colcon_meta']
[3.054s] Level 1:colcon.colcon_core.package_identification:_identify(src/create3_il) by extension 'colcon_meta'
[3.054s] Level 1:colcon.colcon_core.package_identification:_identify(src/create3_il) by extensions ['ros']
[3.054s] Level 1:colcon.colcon_core.package_identification:_identify(src/create3_il) by extension 'ros'
[3.070s] DEBUG:colcon.colcon_core.package_identification:Package 'src/create3_il' with type 'ros.ament_python' and name 'create3_il'
[3.071s] Level 1:colcon.colcon_core.package_identification:_identify(src/create3_lidar_description) by extensions ['ignore', 'ignore_ament_install']
[3.071s] Level 1:colcon.colcon_core.package_identification:_identify(src/create3_lidar_description) by extension 'ignore'
[3.072s] Level 1:colcon.colcon_core.package_identification:_identify(src/create3_lidar_description) by extension 'ignore_ament_install'
[3.072s] Level 1:colcon.colcon_core.package_identification:_identify(src/create3_lidar_description) by extensions ['colcon_pkg']
[3.072s] Level 1:colcon.colcon_core.package_identification:_identify(src/create3_lidar_description) by extension 'colcon_pkg'
[3.072s] Level 1:colcon.colcon_core.package_identification:_identify(src/create3_lidar_description) by extensions ['colcon_meta']
[3.072s] Level 1:colcon.colcon_core.package_identification:_identify(src/create3_lidar_description) by extension 'colcon_meta'
[3.073s] Level 1:colcon.colcon_core.package_identification:_identify(src/create3_lidar_description) by extensions ['ros']
[3.073s] Level 1:colcon.colcon_core.package_identification:_identify(src/create3_lidar_description) by extension 'ros'
[3.075s] DEBUG:colcon.colcon_core.package_identification:Package 'src/create3_lidar_description' with type 'ros.ament_cmake' and name 'create3_lidar_description'
[3.076s] Level 1:colcon.colcon_core.package_discovery:discover_packages(recursive) using defaults
[3.076s] Level 1:colcon.colcon_core.package_discovery:discover_packages(ignore) discover
[3.076s] Level 1:colcon.colcon_core.package_discovery:discover_packages(ignore) using defaults
[3.076s] Level 1:colcon.colcon_core.package_discovery:discover_packages(path) discover
[3.076s] Level 1:colcon.colcon_core.package_discovery:discover_packages(path) using defaults
[3.159s] INFO:colcon.colcon_core.package_selection:Skipping not selected package 'create3_il' in 'src/create3_il'
[3.162s] Level 1:colcon.colcon_core.package_discovery:discover_packages(prefix_path) check parameters
[3.163s] Level 1:colcon.colcon_core.package_discovery:discover_packages(prefix_path) discover
[3.178s] DEBUG:colcon.colcon_installed_package_information.package_discovery:Found 2 installed packages in /home/luna/stage_imitation_learning/ros2_ws/install
[3.183s] DEBUG:colcon.colcon_installed_package_information.package_discovery:Found 329 installed packages in /opt/ros/humble
[3.189s] Level 1:colcon.colcon_core.package_discovery:discover_packages(prefix_path) using defaults
[3.353s] Level 5:colcon.colcon_core.verb:set package 'create3_lidar_description' build argument 'cmake_args' from command line to 'None'
[3.353s] Level 5:colcon.colcon_core.verb:set package 'create3_lidar_description' build argument 'cmake_target' from command line to 'None'
[3.353s] Level 5:colcon.colcon_core.verb:set package 'create3_lidar_description' build argument 'cmake_target_skip_unavailable' from command line to 'False'
[3.353s] Level 5:colcon.colcon_core.verb:set package 'create3_lidar_description' build argument 'cmake_clean_cache' from command line to 'False'
[3.353s] Level 5:colcon.colcon_core.verb:set package 'create3_lidar_description' build argument 'cmake_clean_first' from command line to 'False'
[3.353s] Level 5:colcon.colcon_core.verb:set package 'create3_lidar_description' build argument 'cmake_force_configure' from command line to 'False'
[3.353s] Level 5:colcon.colcon_core.verb:set package 'create3_lidar_description' build argument 'ament_cmake_args' from command line to 'None'
[3.353s] Level 5:colcon.colcon_core.verb:set package 'create3_lidar_description' build argument 'catkin_cmake_args' from command line to 'None'
[3.354s] Level 5:colcon.colcon_core.verb:set package 'create3_lidar_description' build argument 'catkin_skip_building_tests' from command line to 'False'
[3.354s] DEBUG:colcon.colcon_core.verb:Building package 'create3_lidar_description' with the following arguments: {'ament_cmake_args': None, 'build_base': '/home/luna/stage_imitation_learning/ros2_ws/build/create3_lidar_description', 'catkin_cmake_args': None, 'catkin_skip_building_tests': False, 'cmake_args': None, 'cmake_clean_cache': False, 'cmake_clean_first': False, 'cmake_force_configure': False, 'cmake_target': None, 'cmake_target_skip_unavailable': False, 'install_base': '/home/luna/stage_imitation_learning/ros2_ws/install/create3_lidar_description', 'merge_install': False, 'path': '/home/luna/stage_imitation_learning/ros2_ws/src/create3_lidar_description', 'symlink_install': True, 'test_result_base': None}
[3.354s] INFO:colcon.colcon_core.executor:Executing jobs using 'parallel' executor
[3.358s] DEBUG:colcon.colcon_parallel_executor.executor.parallel:run_until_complete
[3.359s] INFO:colcon.colcon_ros.task.ament_cmake.build:Building ROS package in '/home/luna/stage_imitation_learning/ros2_ws/src/create3_lidar_description' with build type 'ament_cmake'
[3.360s] INFO:colcon.colcon_cmake.task.cmake.build:Building CMake package in '/home/luna/stage_imitation_learning/ros2_ws/src/create3_lidar_description'
[3.401s] INFO:colcon.colcon_core.plugin_system:Skipping extension 'colcon_core.shell.bat': Not used on non-Windows systems
[3.401s] INFO:colcon.colcon_core.shell:Skip shell extension 'powershell' for command environment: Not usable outside of PowerShell
[3.402s] DEBUG:colcon.colcon_core.shell:Skip shell extension 'dsv' for command environment
[3.453s] DEBUG:colcon.colcon_core.event_handler.log_command:Invoking command in '/home/luna/stage_imitation_learning/ros2_ws/build/create3_lidar_description': CMAKE_PREFIX_PATH=${CMAKE_PREFIX_PATH}:/home/luna/stage_imitation_learning/ros2_ws/install/create3_il:/opt/ros/humble /usr/bin/cmake --build /home/luna/stage_imitation_learning/ros2_ws/build/create3_lidar_description -- -j16 -l16
[3.738s] DEBUG:colcon.colcon_core.event_handler.log_command:Invoked command in '/home/luna/stage_imitation_learning/ros2_ws/build/create3_lidar_description' returned '0': CMAKE_PREFIX_PATH=${CMAKE_PREFIX_PATH}:/home/luna/stage_imitation_learning/ros2_ws/install/create3_il:/opt/ros/humble /usr/bin/cmake --build /home/luna/stage_imitation_learning/ros2_ws/build/create3_lidar_description -- -j16 -l16
[3.771s] DEBUG:colcon.colcon_core.event_handler.log_command:Invoking command in '/home/luna/stage_imitation_learning/ros2_ws/build/create3_lidar_description': CMAKE_PREFIX_PATH=${CMAKE_PREFIX_PATH}:/home/luna/stage_imitation_learning/ros2_ws/install/create3_il:/opt/ros/humble /usr/bin/cmake --install /home/luna/stage_imitation_learning/ros2_ws/build/create3_lidar_description
[3.847s] Level 1:colcon.colcon_core.environment:create_environment_scripts_only(create3_lidar_description)
[3.849s] DEBUG:colcon.colcon_core.event_handler.log_command:Invoked command in '/home/luna/stage_imitation_learning/ros2_ws/build/create3_lidar_description' returned '0': CMAKE_PREFIX_PATH=${CMAKE_PREFIX_PATH}:/home/luna/stage_imitation_learning/ros2_ws/install/create3_il:/opt/ros/humble /usr/bin/cmake --install /home/luna/stage_imitation_learning/ros2_ws/build/create3_lidar_description
[3.877s] Level 1:colcon.colcon_core.environment:checking '/home/luna/stage_imitation_learning/ros2_ws/install/create3_lidar_description' for CMake module files
[3.881s] Level 1:colcon.colcon_core.environment:checking '/home/luna/stage_imitation_learning/ros2_ws/install/create3_lidar_description' for CMake config files
[3.882s] Level 1:colcon.colcon_core.shell:create_environment_hook('create3_lidar_description', 'cmake_prefix_path')
[3.883s] INFO:colcon.colcon_core.shell:Creating environment hook '/home/luna/stage_imitation_learning/ros2_ws/install/create3_lidar_description/share/create3_lidar_description/hook/cmake_prefix_path.ps1'
[3.891s] INFO:colcon.colcon_core.shell:Creating environment descriptor '/home/luna/stage_imitation_learning/ros2_ws/install/create3_lidar_description/share/create3_lidar_description/hook/cmake_prefix_path.dsv'
[3.898s] INFO:colcon.colcon_core.shell:Creating environment hook '/home/luna/stage_imitation_learning/ros2_ws/install/create3_lidar_description/share/create3_lidar_description/hook/cmake_prefix_path.sh'
[3.910s] Level 1:colcon.colcon_core.environment:checking '/home/luna/stage_imitation_learning/ros2_ws/install/create3_lidar_description/bin'
[3.910s] Level 1:colcon.colcon_core.environment:checking '/home/luna/stage_imitation_learning/ros2_ws/install/create3_lidar_description/lib/pkgconfig/create3_lidar_description.pc'
[3.911s] Level 1:colcon.colcon_core.environment:checking '/home/luna/stage_imitation_learning/ros2_ws/install/create3_lidar_description/lib/python3.10/site-packages'
[3.912s] Level 1:colcon.colcon_core.environment:checking '/home/luna/stage_imitation_learning/ros2_ws/install/create3_lidar_description/bin'
[3.914s] INFO:colcon.colcon_core.shell:Creating package script '/home/luna/stage_imitation_learning/ros2_ws/install/create3_lidar_description/share/create3_lidar_description/package.ps1'
[3.920s] INFO:colcon.colcon_core.shell:Creating package descriptor '/home/luna/stage_imitation_learning/ros2_ws/install/create3_lidar_description/share/create3_lidar_description/package.dsv'
[3.923s] INFO:colcon.colcon_core.shell:Creating package script '/home/luna/stage_imitation_learning/ros2_ws/install/create3_lidar_description/share/create3_lidar_description/package.sh'
[3.927s] INFO:colcon.colcon_core.shell:Creating package script '/home/luna/stage_imitation_learning/ros2_ws/install/create3_lidar_description/share/create3_lidar_description/package.bash'
[3.931s] INFO:colcon.colcon_core.shell:Creating package script '/home/luna/stage_imitation_learning/ros2_ws/install/create3_lidar_description/share/create3_lidar_description/package.zsh'
[3.933s] Level 1:colcon.colcon_core.environment:create_file_with_runtime_dependencies(/home/luna/stage_imitation_learning/ros2_ws/install/create3_lidar_description/share/colcon-core/packages/create3_lidar_description)
[3.936s] Level 1:colcon.colcon_core.environment:create_environment_scripts_only(create3_lidar_description)
[3.937s] Level 1:colcon.colcon_core.environment:checking '/home/luna/stage_imitation_learning/ros2_ws/install/create3_lidar_description' for CMake module files
[3.939s] Level 1:colcon.colcon_core.environment:checking '/home/luna/stage_imitation_learning/ros2_ws/install/create3_lidar_description' for CMake config files
[3.941s] Level 1:colcon.colcon_core.shell:create_environment_hook('create3_lidar_description', 'cmake_prefix_path')
[3.942s] INFO:colcon.colcon_core.shell:Creating environment hook '/home/luna/stage_imitation_learning/ros2_ws/install/create3_lidar_description/share/create3_lidar_description/hook/cmake_prefix_path.ps1'
[3.944s] INFO:colcon.colcon_core.shell:Creating environment descriptor '/home/luna/stage_imitation_learning/ros2_ws/install/create3_lidar_description/share/create3_lidar_description/hook/cmake_prefix_path.dsv'
[3.945s] INFO:colcon.colcon_core.shell:Creating environment hook '/home/luna/stage_imitation_learning/ros2_ws/install/create3_lidar_description/share/create3_lidar_description/hook/cmake_prefix_path.sh'
[3.947s] Level 1:colcon.colcon_core.environment:checking '/home/luna/stage_imitation_learning/ros2_ws/install/create3_lidar_description/bin'
[3.947s] Level 1:colcon.colcon_core.environment:checking '/home/luna/stage_imitation_learning/ros2_ws/install/create3_lidar_description/lib/pkgconfig/create3_lidar_description.pc'
[3.948s] Level 1:colcon.colcon_core.environment:checking '/home/luna/stage_imitation_learning/ros2_ws/install/create3_lidar_description/lib/python3.10/site-packages'
[3.949s] Level 1:colcon.colcon_core.environment:checking '/home/luna/stage_imitation_learning/ros2_ws/install/create3_lidar_description/bin'
[3.951s] INFO:colcon.colcon_core.shell:Creating package script '/home/luna/stage_imitation_learning/ros2_ws/install/create3_lidar_description/share/create3_lidar_description/package.ps1'
[3.953s] INFO:colcon.colcon_core.shell:Creating package descriptor '/home/luna/stage_imitation_learning/ros2_ws/install/create3_lidar_description/share/create3_lidar_description/package.dsv'
[3.956s] INFO:colcon.colcon_core.shell:Creating package script '/home/luna/stage_imitation_learning/ros2_ws/install/create3_lidar_description/share/create3_lidar_description/package.sh'
[3.957s] INFO:colcon.colcon_core.shell:Creating package script '/home/luna/stage_imitation_learning/ros2_ws/install/create3_lidar_description/share/create3_lidar_description/package.bash'
[3.960s] INFO:colcon.colcon_core.shell:Creating package script '/home/luna/stage_imitation_learning/ros2_ws/install/create3_lidar_description/share/create3_lidar_description/package.zsh'
[3.961s] Level 1:colcon.colcon_core.environment:create_file_with_runtime_dependencies(/home/luna/stage_imitation_learning/ros2_ws/install/create3_lidar_description/share/colcon-core/packages/create3_lidar_description)
[3.962s] DEBUG:colcon.colcon_parallel_executor.executor.parallel:closing loop
[3.964s] DEBUG:colcon.colcon_parallel_executor.executor.parallel:loop closed
[3.964s] DEBUG:colcon.colcon_parallel_executor.executor.parallel:run_until_complete finished with '0'
[3.965s] DEBUG:colcon.colcon_core.event_reactor:joining thread
[4.411s] INFO:colcon.colcon_core.plugin_system:Skipping extension 'colcon_notification.desktop_notification.notify_send': Could not find 'notify-send'
[4.411s] INFO:colcon.colcon_core.plugin_system:Skipping extension 'colcon_notification.desktop_notification.terminal_notifier': Not used on non-Darwin systems
[4.411s] INFO:colcon.colcon_core.plugin_system:Skipping extension 'colcon_notification.desktop_notification.win32': Not used on non-Windows systems
[4.411s] INFO:colcon.colcon_notification.desktop_notification:Sending desktop notification using 'notify2'
[4.437s] DEBUG:colcon.colcon_notification.desktop_notification.notify2:Failed to initialize notify2: org.freedesktop.DBus.Error.FileNotFound: Failed to connect to socket /run/user/1000/bus: No such file or directory
[4.438s] DEBUG:colcon.colcon_core.event_reactor:joined thread
[4.439s] INFO:colcon.colcon_core.shell:Creating prefix script '/home/luna/stage_imitation_learning/ros2_ws/install/local_setup.ps1'
[4.444s] INFO:colcon.colcon_core.shell:Creating prefix util module '/home/luna/stage_imitation_learning/ros2_ws/install/_local_setup_util_ps1.py'
[4.452s] INFO:colcon.colcon_core.shell:Creating prefix chain script '/home/luna/stage_imitation_learning/ros2_ws/install/setup.ps1'
[4.457s] INFO:colcon.colcon_core.shell:Creating prefix script '/home/luna/stage_imitation_learning/ros2_ws/install/local_setup.sh'
[4.459s] INFO:colcon.colcon_core.shell:Creating prefix util module '/home/luna/stage_imitation_learning/ros2_ws/install/_local_setup_util_sh.py'
[4.462s] INFO:colcon.colcon_core.shell:Creating prefix chain script '/home/luna/stage_imitation_learning/ros2_ws/install/setup.sh'
[4.466s] INFO:colcon.colcon_core.shell:Creating prefix script '/home/luna/stage_imitation_learning/ros2_ws/install/local_setup.bash'
[4.468s] INFO:colcon.colcon_core.shell:Creating prefix chain script '/home/luna/stage_imitation_learning/ros2_ws/install/setup.bash'
[4.475s] INFO:colcon.colcon_core.shell:Creating prefix script '/home/luna/stage_imitation_learning/ros2_ws/install/local_setup.zsh'
[4.477s] INFO:colcon.colcon_core.shell:Creating prefix chain script '/home/luna/stage_imitation_learning/ros2_ws/install/setup.zsh'
