Traceback (most recent call last):
  File "/home/luna/stage_imitation_learning/ros2_ws/build/create3_il/setup.py", line 5, in <module>
    setup(
  File "/home/luna/.local/lib/python3.10/site-packages/setuptools/__init__.py", line 117, in setup
    return distutils.core.setup(**attrs)
  File "/home/luna/.local/lib/python3.10/site-packages/setuptools/_distutils/core.py", line 186, in setup
    return run_commands(dist)
  File "/home/luna/.local/lib/python3.10/site-packages/setuptools/_distutils/core.py", line 202, in run_commands
    dist.run_commands()
  File "/home/luna/.local/lib/python3.10/site-packages/setuptools/_distutils/dist.py", line 1002, in run_commands
    self.run_command(cmd)
  File "/home/luna/.local/lib/python3.10/site-packages/setuptools/dist.py", line 1104, in run_command
    super().run_command(command)
  File "/home/luna/.local/lib/python3.10/site-packages/setuptools/_distutils/dist.py", line 1020, in run_command
    cmd_obj.ensure_finalized()
  File "/home/luna/.local/lib/python3.10/site-packages/setuptools/_distutils/cmd.py", line 135, in ensure_finalized
    self.finalize_options()
  File "/home/luna/.local/lib/python3.10/site-packages/setuptools/command/develop.py", line 51, in finalize_options
    easy_install.finalize_options(self)
  File "/home/luna/.local/lib/python3.10/site-packages/setuptools/command/easy_install.py", line 251, in finalize_options
    'dist_fullname': self.distribution.get_fullname(),
  File "/home/luna/.local/lib/python3.10/site-packages/setuptools/_core_metadata.py", line 275, in get_fullname
    return _distribution_fullname(self.get_name(), self.get_version())
  File "/home/luna/.local/lib/python3.10/site-packages/setuptools/_core_metadata.py", line 293, in _distribution_fullname
    canonicalize_version(version, strip_trailing_zero=False),
TypeError: canonicalize_version() got an unexpected keyword argument 'strip_trailing_zero'
