[46.082s] DEBUG:colcon:Command line arguments: ['/usr/bin/colcon', 'build', '--symlink-install', '--packages-select', 'create3_il']
[46.082s] DEBUG:colcon:Parsed command line arguments: Namespace(log_base=None, log_level=None, verb_name='build', build_base='build', install_base='install', merge_install=False, symlink_install=True, test_result_base=None, continue_on_error=False, executor='parallel', parallel_workers=16, event_handlers=None, ignore_user_meta=False, metas=['./colcon.meta'], base_paths=['.'], packages_ignore=None, packages_ignore_regex=None, paths=None, packages_up_to=None, packages_up_to_regex=None, packages_above=None, packages_above_and_dependencies=None, packages_above_depth=None, packages_select_by_dep=None, packages_skip_by_dep=None, packages_skip_up_to=None, packages_select_build_failed=False, packages_skip_build_finished=False, packages_select_test_failures=False, packages_skip_test_passed=False, packages_select=['create3_il'], packages_skip=None, packages_select_regex=None, packages_skip_regex=None, packages_start=None, packages_end=None, allow_overriding=[], cmake_args=None, cmake_target=None, cmake_target_skip_unavailable=False, cmake_clean_cache=False, cmake_clean_first=False, cmake_force_configure=False, ament_cmake_args=None, catkin_cmake_args=None, catkin_skip_building_tests=False, mixin_files=None, mixin=None, verb_parser=<colcon_mixin.mixin.mixin_argument.MixinArgumentDecorator object at 0x7c2e2654aec0>, verb_extension=<colcon_core.verb.build.BuildVerb object at 0x7c2e2654a950>, main=<bound method BuildVerb.main of <colcon_core.verb.build.BuildVerb object at 0x7c2e2654a950>>, mixin_verb=('build',))
[46.271s] Level 1:colcon.colcon_core.package_discovery:discover_packages(colcon_meta) check parameters
[46.272s] Level 1:colcon.colcon_core.package_discovery:discover_packages(recursive) check parameters
[46.272s] Level 1:colcon.colcon_core.package_discovery:discover_packages(ignore) check parameters
[46.272s] Level 1:colcon.colcon_core.package_discovery:discover_packages(path) check parameters
[46.272s] Level 1:colcon.colcon_core.package_discovery:discover_packages(colcon_meta) discover
[46.272s] Level 1:colcon.colcon_core.package_discovery:discover_packages(recursive) discover
[46.272s] INFO:colcon.colcon_core.package_discovery:Crawling recursively for packages in '/home/luna/stage_imitation_learning/ros2_ws'
[46.272s] Level 1:colcon.colcon_core.package_identification:_identify(.) by extensions ['ignore', 'ignore_ament_install']
[46.272s] Level 1:colcon.colcon_core.package_identification:_identify(.) by extension 'ignore'
[46.272s] Level 1:colcon.colcon_core.package_identification:_identify(.) by extension 'ignore_ament_install'
[46.272s] Level 1:colcon.colcon_core.package_identification:_identify(.) by extensions ['colcon_pkg']
[46.272s] Level 1:colcon.colcon_core.package_identification:_identify(.) by extension 'colcon_pkg'
[46.272s] Level 1:colcon.colcon_core.package_identification:_identify(.) by extensions ['colcon_meta']
[46.272s] Level 1:colcon.colcon_core.package_identification:_identify(.) by extension 'colcon_meta'
[46.272s] Level 1:colcon.colcon_core.package_identification:_identify(.) by extensions ['ros']
[46.272s] Level 1:colcon.colcon_core.package_identification:_identify(.) by extension 'ros'
[46.284s] Level 1:colcon.colcon_core.package_identification:_identify(.) by extensions ['cmake', 'python']
[46.284s] Level 1:colcon.colcon_core.package_identification:_identify(.) by extension 'cmake'
[46.284s] Level 1:colcon.colcon_core.package_identification:_identify(.) by extension 'python'
[46.284s] Level 1:colcon.colcon_core.package_identification:_identify(.) by extensions ['python_setup_py']
[46.284s] Level 1:colcon.colcon_core.package_identification:_identify(.) by extension 'python_setup_py'
[46.284s] Level 1:colcon.colcon_core.package_identification:_identify(build) by extensions ['ignore', 'ignore_ament_install']
[46.284s] Level 1:colcon.colcon_core.package_identification:_identify(build) by extension 'ignore'
[46.284s] Level 1:colcon.colcon_core.package_identification:_identify(build) ignored
[46.284s] Level 1:colcon.colcon_core.package_identification:_identify(install) by extensions ['ignore', 'ignore_ament_install']
[46.284s] Level 1:colcon.colcon_core.package_identification:_identify(install) by extension 'ignore'
[46.284s] Level 1:colcon.colcon_core.package_identification:_identify(install) ignored
[46.284s] Level 1:colcon.colcon_core.package_identification:_identify(log) by extensions ['ignore', 'ignore_ament_install']
[46.284s] Level 1:colcon.colcon_core.package_identification:_identify(log) by extension 'ignore'
[46.284s] Level 1:colcon.colcon_core.package_identification:_identify(log) ignored
[46.284s] Level 1:colcon.colcon_core.package_identification:_identify(src) by extensions ['ignore', 'ignore_ament_install']
[46.284s] Level 1:colcon.colcon_core.package_identification:_identify(src) by extension 'ignore'
[46.284s] Level 1:colcon.colcon_core.package_identification:_identify(src) by extension 'ignore_ament_install'
[46.285s] Level 1:colcon.colcon_core.package_identification:_identify(src) by extensions ['colcon_pkg']
[46.285s] Level 1:colcon.colcon_core.package_identification:_identify(src) by extension 'colcon_pkg'
[46.285s] Level 1:colcon.colcon_core.package_identification:_identify(src) by extensions ['colcon_meta']
[46.285s] Level 1:colcon.colcon_core.package_identification:_identify(src) by extension 'colcon_meta'
[46.285s] Level 1:colcon.colcon_core.package_identification:_identify(src) by extensions ['ros']
[46.285s] Level 1:colcon.colcon_core.package_identification:_identify(src) by extension 'ros'
[46.285s] Level 1:colcon.colcon_core.package_identification:_identify(src) by extensions ['cmake', 'python']
[46.285s] Level 1:colcon.colcon_core.package_identification:_identify(src) by extension 'cmake'
[46.285s] Level 1:colcon.colcon_core.package_identification:_identify(src) by extension 'python'
[46.285s] Level 1:colcon.colcon_core.package_identification:_identify(src) by extensions ['python_setup_py']
[46.285s] Level 1:colcon.colcon_core.package_identification:_identify(src) by extension 'python_setup_py'
[46.285s] Level 1:colcon.colcon_core.package_identification:_identify(src/create3_il) by extensions ['ignore', 'ignore_ament_install']
[46.285s] Level 1:colcon.colcon_core.package_identification:_identify(src/create3_il) by extension 'ignore'
[46.285s] Level 1:colcon.colcon_core.package_identification:_identify(src/create3_il) by extension 'ignore_ament_install'
[46.285s] Level 1:colcon.colcon_core.package_identification:_identify(src/create3_il) by extensions ['colcon_pkg']
[46.285s] Level 1:colcon.colcon_core.package_identification:_identify(src/create3_il) by extension 'colcon_pkg'
[46.285s] Level 1:colcon.colcon_core.package_identification:_identify(src/create3_il) by extensions ['colcon_meta']
[46.285s] Level 1:colcon.colcon_core.package_identification:_identify(src/create3_il) by extension 'colcon_meta'
[46.285s] Level 1:colcon.colcon_core.package_identification:_identify(src/create3_il) by extensions ['ros']
[46.285s] Level 1:colcon.colcon_core.package_identification:_identify(src/create3_il) by extension 'ros'
[46.287s] DEBUG:colcon.colcon_core.package_identification:Package 'src/create3_il' with type 'ros.ament_python' and name 'create3_il'
[46.287s] Level 1:colcon.colcon_core.package_identification:_identify(src/create3_lidar_description) by extensions ['ignore', 'ignore_ament_install']
[46.287s] Level 1:colcon.colcon_core.package_identification:_identify(src/create3_lidar_description) by extension 'ignore'
[46.287s] Level 1:colcon.colcon_core.package_identification:_identify(src/create3_lidar_description) by extension 'ignore_ament_install'
[46.287s] Level 1:colcon.colcon_core.package_identification:_identify(src/create3_lidar_description) by extensions ['colcon_pkg']
[46.287s] Level 1:colcon.colcon_core.package_identification:_identify(src/create3_lidar_description) by extension 'colcon_pkg'
[46.287s] Level 1:colcon.colcon_core.package_identification:_identify(src/create3_lidar_description) by extensions ['colcon_meta']
[46.287s] Level 1:colcon.colcon_core.package_identification:_identify(src/create3_lidar_description) by extension 'colcon_meta'
[46.288s] Level 1:colcon.colcon_core.package_identification:_identify(src/create3_lidar_description) by extensions ['ros']
[46.288s] Level 1:colcon.colcon_core.package_identification:_identify(src/create3_lidar_description) by extension 'ros'
[46.288s] DEBUG:colcon.colcon_core.package_identification:Package 'src/create3_lidar_description' with type 'ros.ament_cmake' and name 'create3_lidar_description'
[46.288s] Level 1:colcon.colcon_core.package_discovery:discover_packages(recursive) using defaults
[46.288s] Level 1:colcon.colcon_core.package_discovery:discover_packages(ignore) discover
[46.288s] Level 1:colcon.colcon_core.package_discovery:discover_packages(ignore) using defaults
[46.288s] Level 1:colcon.colcon_core.package_discovery:discover_packages(path) discover
[46.288s] Level 1:colcon.colcon_core.package_discovery:discover_packages(path) using defaults
[46.304s] INFO:colcon.colcon_core.package_selection:Skipping not selected package 'create3_lidar_description' in 'src/create3_lidar_description'
[46.305s] Level 1:colcon.colcon_core.package_discovery:discover_packages(prefix_path) check parameters
[46.305s] Level 1:colcon.colcon_core.package_discovery:discover_packages(prefix_path) discover
[46.306s] DEBUG:colcon.colcon_installed_package_information.package_discovery:Found 2 installed packages in /home/luna/stage_imitation_learning/ros2_ws/install
[46.307s] DEBUG:colcon.colcon_installed_package_information.package_discovery:Found 329 installed packages in /opt/ros/humble
[46.308s] Level 1:colcon.colcon_core.package_discovery:discover_packages(prefix_path) using defaults
[46.338s] Level 5:colcon.colcon_core.verb:set package 'create3_il' build argument 'cmake_args' from command line to 'None'
[46.338s] Level 5:colcon.colcon_core.verb:set package 'create3_il' build argument 'cmake_target' from command line to 'None'
[46.338s] Level 5:colcon.colcon_core.verb:set package 'create3_il' build argument 'cmake_target_skip_unavailable' from command line to 'False'
[46.338s] Level 5:colcon.colcon_core.verb:set package 'create3_il' build argument 'cmake_clean_cache' from command line to 'False'
[46.338s] Level 5:colcon.colcon_core.verb:set package 'create3_il' build argument 'cmake_clean_first' from command line to 'False'
[46.338s] Level 5:colcon.colcon_core.verb:set package 'create3_il' build argument 'cmake_force_configure' from command line to 'False'
[46.339s] Level 5:colcon.colcon_core.verb:set package 'create3_il' build argument 'ament_cmake_args' from command line to 'None'
[46.339s] Level 5:colcon.colcon_core.verb:set package 'create3_il' build argument 'catkin_cmake_args' from command line to 'None'
[46.339s] Level 5:colcon.colcon_core.verb:set package 'create3_il' build argument 'catkin_skip_building_tests' from command line to 'False'
[46.339s] DEBUG:colcon.colcon_core.verb:Building package 'create3_il' with the following arguments: {'ament_cmake_args': None, 'build_base': '/home/luna/stage_imitation_learning/ros2_ws/build/create3_il', 'catkin_cmake_args': None, 'catkin_skip_building_tests': False, 'cmake_args': None, 'cmake_clean_cache': False, 'cmake_clean_first': False, 'cmake_force_configure': False, 'cmake_target': None, 'cmake_target_skip_unavailable': False, 'install_base': '/home/luna/stage_imitation_learning/ros2_ws/install/create3_il', 'merge_install': False, 'path': '/home/luna/stage_imitation_learning/ros2_ws/src/create3_il', 'symlink_install': True, 'test_result_base': None}
[46.339s] INFO:colcon.colcon_core.executor:Executing jobs using 'parallel' executor
[46.340s] DEBUG:colcon.colcon_parallel_executor.executor.parallel:run_until_complete
[46.340s] INFO:colcon.colcon_ros.task.ament_python.build:Building ROS package in '/home/luna/stage_imitation_learning/ros2_ws/src/create3_il' with build type 'ament_python'
[46.341s] Level 1:colcon.colcon_core.shell:create_environment_hook('create3_il', 'ament_prefix_path')
[46.342s] INFO:colcon.colcon_core.plugin_system:Skipping extension 'colcon_core.shell.bat': Not used on non-Windows systems
[46.342s] INFO:colcon.colcon_core.shell:Creating environment hook '/home/luna/stage_imitation_learning/ros2_ws/install/create3_il/share/create3_il/hook/ament_prefix_path.ps1'
[46.343s] INFO:colcon.colcon_core.shell:Creating environment descriptor '/home/luna/stage_imitation_learning/ros2_ws/install/create3_il/share/create3_il/hook/ament_prefix_path.dsv'
[46.343s] INFO:colcon.colcon_core.shell:Creating environment hook '/home/luna/stage_imitation_learning/ros2_ws/install/create3_il/share/create3_il/hook/ament_prefix_path.sh'
[46.344s] INFO:colcon.colcon_core.shell:Skip shell extension 'powershell' for command environment: Not usable outside of PowerShell
[46.344s] DEBUG:colcon.colcon_core.shell:Skip shell extension 'dsv' for command environment
[46.626s] INFO:colcon.colcon_core.task.python.build:Building Python package in '/home/luna/stage_imitation_learning/ros2_ws/src/create3_il'
[46.626s] INFO:colcon.colcon_core.shell:Skip shell extension 'powershell' for command environment: Not usable outside of PowerShell
[46.626s] DEBUG:colcon.colcon_core.shell:Skip shell extension 'dsv' for command environment
[47.164s] DEBUG:colcon.colcon_core.task.python.build:Available setuptools commands: init_catalog, extract_messages, dist_info, symlink_data, test, bdist_egg, install_data, sdist, build_py, bdist_wheel, update_catalog, build_ext, rotate, saveopts, easy_install, develop, alias, build_clib, build, compile_catalog, bdist_rpm, install_headers, bdist_dumb, install_scripts, bdist, editable_wheel, setopt, upload_docs, check, register, clean, install, upload, install_egg_info, install_lib, egg_info, build_scripts
[47.564s] DEBUG:colcon.colcon_core.task.python.build:Available setuptools 'develop' options: --allow-hosts, --upgrade, --record, --version, --quiet, --always-copy, --editable, --user, --dry-run, --no-find-links, --uninstall, --egg-path, --exclude-scripts, --script-dir, --no-user-cfg, --help, --prefix, --index-url, --local-snapshots-ok, --find-links, --build-directory, --multi-version, --install-dir, --site-dirs, --zip-ok, --no-deps, --optimize, --always-unzip, --verbose
[47.570s] DEBUG:colcon.colcon_core.event_handler.log_command:Invoking command in '/home/luna/stage_imitation_learning/ros2_ws/build/create3_il': PYTHONPATH=/home/luna/stage_imitation_learning/ros2_ws/build/create3_il/prefix_override:/usr/lib/python3/dist-packages/colcon_core/task/python/colcon_distutils_commands:/home/luna/stage_imitation_learning/ros2_ws/install/create3_il/lib/python3.10/site-packages:${PYTHONPATH} /usr/bin/python3 -W ignore:setup.py install is deprecated -W ignore:easy_install command is deprecated setup.py develop --editable --build-directory /home/luna/stage_imitation_learning/ros2_ws/build/create3_il/build --no-deps symlink_data
[48.219s] Level 1:colcon.colcon_core.shell:create_environment_hook('create3_il', 'pythonpath_develop')
[48.220s] INFO:colcon.colcon_core.shell:Creating environment hook '/home/luna/stage_imitation_learning/ros2_ws/build/create3_il/share/create3_il/hook/pythonpath_develop.ps1'
[48.222s] DEBUG:colcon.colcon_core.event_handler.log_command:Invoked command in '/home/luna/stage_imitation_learning/ros2_ws/build/create3_il' returned '0': PYTHONPATH=/home/luna/stage_imitation_learning/ros2_ws/build/create3_il/prefix_override:/usr/lib/python3/dist-packages/colcon_core/task/python/colcon_distutils_commands:/home/luna/stage_imitation_learning/ros2_ws/install/create3_il/lib/python3.10/site-packages:${PYTHONPATH} /usr/bin/python3 -W ignore:setup.py install is deprecated -W ignore:easy_install command is deprecated setup.py develop --editable --build-directory /home/luna/stage_imitation_learning/ros2_ws/build/create3_il/build --no-deps symlink_data
[48.222s] INFO:colcon.colcon_core.shell:Creating environment descriptor '/home/luna/stage_imitation_learning/ros2_ws/build/create3_il/share/create3_il/hook/pythonpath_develop.dsv'
[48.223s] INFO:colcon.colcon_core.shell:Creating environment hook '/home/luna/stage_imitation_learning/ros2_ws/build/create3_il/share/create3_il/hook/pythonpath_develop.sh'
[48.225s] Level 1:colcon.colcon_core.environment:checking '/home/luna/stage_imitation_learning/ros2_ws/install/create3_il' for CMake module files
[48.226s] Level 1:colcon.colcon_core.environment:checking '/home/luna/stage_imitation_learning/ros2_ws/install/create3_il' for CMake config files
[48.226s] Level 1:colcon.colcon_core.environment:checking '/home/luna/stage_imitation_learning/ros2_ws/install/create3_il/lib'
[48.226s] Level 1:colcon.colcon_core.environment:checking '/home/luna/stage_imitation_learning/ros2_ws/install/create3_il/bin'
[48.226s] Level 1:colcon.colcon_core.environment:checking '/home/luna/stage_imitation_learning/ros2_ws/install/create3_il/lib/pkgconfig/create3_il.pc'
[48.227s] Level 1:colcon.colcon_core.environment:checking '/home/luna/stage_imitation_learning/ros2_ws/install/create3_il/lib/python3.10/site-packages'
[48.227s] Level 1:colcon.colcon_core.shell:create_environment_hook('create3_il', 'pythonpath')
[48.228s] INFO:colcon.colcon_core.shell:Creating environment hook '/home/luna/stage_imitation_learning/ros2_ws/install/create3_il/share/create3_il/hook/pythonpath.ps1'
[48.229s] INFO:colcon.colcon_core.shell:Creating environment descriptor '/home/luna/stage_imitation_learning/ros2_ws/install/create3_il/share/create3_il/hook/pythonpath.dsv'
[48.230s] INFO:colcon.colcon_core.shell:Creating environment hook '/home/luna/stage_imitation_learning/ros2_ws/install/create3_il/share/create3_il/hook/pythonpath.sh'
[48.230s] Level 1:colcon.colcon_core.environment:checking '/home/luna/stage_imitation_learning/ros2_ws/install/create3_il/bin'
[48.231s] Level 1:colcon.colcon_core.environment:create_environment_scripts_only(create3_il)
[48.231s] INFO:colcon.colcon_core.shell:Creating package script '/home/luna/stage_imitation_learning/ros2_ws/install/create3_il/share/create3_il/package.ps1'
[48.232s] INFO:colcon.colcon_core.shell:Creating package descriptor '/home/luna/stage_imitation_learning/ros2_ws/install/create3_il/share/create3_il/package.dsv'
[48.233s] INFO:colcon.colcon_core.shell:Creating package script '/home/luna/stage_imitation_learning/ros2_ws/install/create3_il/share/create3_il/package.sh'
[48.234s] INFO:colcon.colcon_core.shell:Creating package script '/home/luna/stage_imitation_learning/ros2_ws/install/create3_il/share/create3_il/package.bash'
[48.235s] INFO:colcon.colcon_core.shell:Creating package script '/home/luna/stage_imitation_learning/ros2_ws/install/create3_il/share/create3_il/package.zsh'
[48.236s] Level 1:colcon.colcon_core.environment:create_file_with_runtime_dependencies(/home/luna/stage_imitation_learning/ros2_ws/install/create3_il/share/colcon-core/packages/create3_il)
[48.236s] DEBUG:colcon.colcon_parallel_executor.executor.parallel:closing loop
[48.238s] DEBUG:colcon.colcon_parallel_executor.executor.parallel:loop closed
[48.238s] DEBUG:colcon.colcon_parallel_executor.executor.parallel:run_until_complete finished with '0'
[48.239s] DEBUG:colcon.colcon_core.event_reactor:joining thread
[68.183s] INFO:colcon.colcon_core.plugin_system:Skipping extension 'colcon_notification.desktop_notification.notify_send': Could not find 'notify-send'
[68.183s] INFO:colcon.colcon_core.plugin_system:Skipping extension 'colcon_notification.desktop_notification.terminal_notifier': Not used on non-Darwin systems
[68.184s] INFO:colcon.colcon_core.plugin_system:Skipping extension 'colcon_notification.desktop_notification.win32': Not used on non-Windows systems
[68.184s] INFO:colcon.colcon_notification.desktop_notification:Sending desktop notification using 'notify2'
[68.184s] DEBUG:colcon.colcon_notification.desktop_notification.notify2:Failed to initialize notify2: org.freedesktop.DBus.Error.FileNotFound: Failed to connect to socket /run/user/1000/bus: No such file or directory
[68.185s] DEBUG:colcon.colcon_core.event_reactor:joined thread
[68.186s] INFO:colcon.colcon_core.shell:Creating prefix script '/home/luna/stage_imitation_learning/ros2_ws/install/local_setup.ps1'
[68.188s] INFO:colcon.colcon_core.shell:Creating prefix util module '/home/luna/stage_imitation_learning/ros2_ws/install/_local_setup_util_ps1.py'
[68.191s] INFO:colcon.colcon_core.shell:Creating prefix chain script '/home/luna/stage_imitation_learning/ros2_ws/install/setup.ps1'
[68.194s] INFO:colcon.colcon_core.shell:Creating prefix script '/home/luna/stage_imitation_learning/ros2_ws/install/local_setup.sh'
[68.197s] INFO:colcon.colcon_core.shell:Creating prefix util module '/home/luna/stage_imitation_learning/ros2_ws/install/_local_setup_util_sh.py'
[68.198s] INFO:colcon.colcon_core.shell:Creating prefix chain script '/home/luna/stage_imitation_learning/ros2_ws/install/setup.sh'
[68.201s] INFO:colcon.colcon_core.shell:Creating prefix script '/home/luna/stage_imitation_learning/ros2_ws/install/local_setup.bash'
[68.202s] INFO:colcon.colcon_core.shell:Creating prefix chain script '/home/luna/stage_imitation_learning/ros2_ws/install/setup.bash'
[68.205s] INFO:colcon.colcon_core.shell:Creating prefix script '/home/luna/stage_imitation_learning/ros2_ws/install/local_setup.zsh'
[68.207s] INFO:colcon.colcon_core.shell:Creating prefix chain script '/home/luna/stage_imitation_learning/ros2_ws/install/setup.zsh'
