[1.756s] DEBUG:colcon:Command line arguments: ['/usr/bin/colcon', 'build', '--symlink-install']
[1.756s] DEBUG:colcon:Parsed command line arguments: Namespace(log_base=None, log_level=None, verb_name='build', build_base='build', install_base='install', merge_install=False, symlink_install=True, test_result_base=None, continue_on_error=False, executor='parallel', parallel_workers=16, event_handlers=None, ignore_user_meta=False, metas=['./colcon.meta'], base_paths=['.'], packages_ignore=None, packages_ignore_regex=None, paths=None, packages_up_to=None, packages_up_to_regex=None, packages_above=None, packages_above_and_dependencies=None, packages_above_depth=None, packages_select_by_dep=None, packages_skip_by_dep=None, packages_skip_up_to=None, packages_select_build_failed=False, packages_skip_build_finished=False, packages_select_test_failures=False, packages_skip_test_passed=False, packages_select=None, packages_skip=None, packages_select_regex=None, packages_skip_regex=None, packages_start=None, packages_end=None, allow_overriding=[], cmake_args=None, cmake_target=None, cmake_target_skip_unavailable=False, cmake_clean_cache=False, cmake_clean_first=False, cmake_force_configure=False, ament_cmake_args=None, catkin_cmake_args=None, catkin_skip_building_tests=False, mixin_files=None, mixin=None, verb_parser=<colcon_mixin.mixin.mixin_argument.MixinArgumentDecorator object at 0x7b57673595d0>, verb_extension=<colcon_core.verb.build.BuildVerb object at 0x7b5767359060>, main=<bound method BuildVerb.main of <colcon_core.verb.build.BuildVerb object at 0x7b5767359060>>, mixin_verb=('build',))
[2.492s] Level 1:colcon.colcon_core.package_discovery:discover_packages(colcon_meta) check parameters
[2.493s] Level 1:colcon.colcon_core.package_discovery:discover_packages(recursive) check parameters
[2.493s] Level 1:colcon.colcon_core.package_discovery:discover_packages(ignore) check parameters
[2.493s] Level 1:colcon.colcon_core.package_discovery:discover_packages(path) check parameters
[2.493s] Level 1:colcon.colcon_core.package_discovery:discover_packages(colcon_meta) discover
[2.493s] Level 1:colcon.colcon_core.package_discovery:discover_packages(recursive) discover
[2.494s] INFO:colcon.colcon_core.package_discovery:Crawling recursively for packages in '/home/luna/stage_imitation_learning/ros2_ws'
[2.495s] Level 1:colcon.colcon_core.package_identification:_identify(.) by extensions ['ignore', 'ignore_ament_install']
[2.496s] Level 1:colcon.colcon_core.package_identification:_identify(.) by extension 'ignore'
[2.496s] Level 1:colcon.colcon_core.package_identification:_identify(.) by extension 'ignore_ament_install'
[2.497s] Level 1:colcon.colcon_core.package_identification:_identify(.) by extensions ['colcon_pkg']
[2.498s] Level 1:colcon.colcon_core.package_identification:_identify(.) by extension 'colcon_pkg'
[2.498s] Level 1:colcon.colcon_core.package_identification:_identify(.) by extensions ['colcon_meta']
[2.499s] Level 1:colcon.colcon_core.package_identification:_identify(.) by extension 'colcon_meta'
[2.499s] Level 1:colcon.colcon_core.package_identification:_identify(.) by extensions ['ros']
[2.499s] Level 1:colcon.colcon_core.package_identification:_identify(.) by extension 'ros'
[2.550s] Level 1:colcon.colcon_core.package_identification:_identify(.) by extensions ['cmake', 'python']
[2.550s] Level 1:colcon.colcon_core.package_identification:_identify(.) by extension 'cmake'
[2.551s] Level 1:colcon.colcon_core.package_identification:_identify(.) by extension 'python'
[2.551s] Level 1:colcon.colcon_core.package_identification:_identify(.) by extensions ['python_setup_py']
[2.551s] Level 1:colcon.colcon_core.package_identification:_identify(.) by extension 'python_setup_py'
[2.552s] Level 1:colcon.colcon_core.package_identification:_identify(build) by extensions ['ignore', 'ignore_ament_install']
[2.552s] Level 1:colcon.colcon_core.package_identification:_identify(build) by extension 'ignore'
[2.552s] Level 1:colcon.colcon_core.package_identification:_identify(build) ignored
[2.553s] Level 1:colcon.colcon_core.package_identification:_identify(install) by extensions ['ignore', 'ignore_ament_install']
[2.553s] Level 1:colcon.colcon_core.package_identification:_identify(install) by extension 'ignore'
[2.553s] Level 1:colcon.colcon_core.package_identification:_identify(install) ignored
[2.553s] Level 1:colcon.colcon_core.package_identification:_identify(log) by extensions ['ignore', 'ignore_ament_install']
[2.554s] Level 1:colcon.colcon_core.package_identification:_identify(log) by extension 'ignore'
[2.554s] Level 1:colcon.colcon_core.package_identification:_identify(log) ignored
[2.554s] Level 1:colcon.colcon_core.package_identification:_identify(src) by extensions ['ignore', 'ignore_ament_install']
[2.554s] Level 1:colcon.colcon_core.package_identification:_identify(src) by extension 'ignore'
[2.555s] Level 1:colcon.colcon_core.package_identification:_identify(src) by extension 'ignore_ament_install'
[2.555s] Level 1:colcon.colcon_core.package_identification:_identify(src) by extensions ['colcon_pkg']
[2.555s] Level 1:colcon.colcon_core.package_identification:_identify(src) by extension 'colcon_pkg'
[2.555s] Level 1:colcon.colcon_core.package_identification:_identify(src) by extensions ['colcon_meta']
[2.555s] Level 1:colcon.colcon_core.package_identification:_identify(src) by extension 'colcon_meta'
[2.555s] Level 1:colcon.colcon_core.package_identification:_identify(src) by extensions ['ros']
[2.556s] Level 1:colcon.colcon_core.package_identification:_identify(src) by extension 'ros'
[2.556s] Level 1:colcon.colcon_core.package_identification:_identify(src) by extensions ['cmake', 'python']
[2.556s] Level 1:colcon.colcon_core.package_identification:_identify(src) by extension 'cmake'
[2.556s] Level 1:colcon.colcon_core.package_identification:_identify(src) by extension 'python'
[2.556s] Level 1:colcon.colcon_core.package_identification:_identify(src) by extensions ['python_setup_py']
[2.556s] Level 1:colcon.colcon_core.package_identification:_identify(src) by extension 'python_setup_py'
[2.557s] Level 1:colcon.colcon_core.package_identification:_identify(src/create3_lidar_description) by extensions ['ignore', 'ignore_ament_install']
[2.557s] Level 1:colcon.colcon_core.package_identification:_identify(src/create3_lidar_description) by extension 'ignore'
[2.557s] Level 1:colcon.colcon_core.package_identification:_identify(src/create3_lidar_description) by extension 'ignore_ament_install'
[2.557s] Level 1:colcon.colcon_core.package_identification:_identify(src/create3_lidar_description) by extensions ['colcon_pkg']
[2.557s] Level 1:colcon.colcon_core.package_identification:_identify(src/create3_lidar_description) by extension 'colcon_pkg'
[2.558s] Level 1:colcon.colcon_core.package_identification:_identify(src/create3_lidar_description) by extensions ['colcon_meta']
[2.558s] Level 1:colcon.colcon_core.package_identification:_identify(src/create3_lidar_description) by extension 'colcon_meta'
[2.558s] Level 1:colcon.colcon_core.package_identification:_identify(src/create3_lidar_description) by extensions ['ros']
[2.558s] Level 1:colcon.colcon_core.package_identification:_identify(src/create3_lidar_description) by extension 'ros'
[2.566s] DEBUG:colcon.colcon_core.package_identification:Package 'src/create3_lidar_description' with type 'ros.ament_cmake' and name 'create3_lidar_description'
[2.566s] Level 1:colcon.colcon_core.package_discovery:discover_packages(recursive) using defaults
[2.567s] Level 1:colcon.colcon_core.package_discovery:discover_packages(ignore) discover
[2.567s] Level 1:colcon.colcon_core.package_discovery:discover_packages(ignore) using defaults
[2.567s] Level 1:colcon.colcon_core.package_discovery:discover_packages(path) discover
[2.567s] Level 1:colcon.colcon_core.package_discovery:discover_packages(path) using defaults
[2.743s] Level 1:colcon.colcon_core.package_discovery:discover_packages(prefix_path) check parameters
[2.744s] Level 1:colcon.colcon_core.package_discovery:discover_packages(prefix_path) discover
[2.759s] WARNING:colcon.colcon_core.prefix_path.colcon:The path '/home/luna/ros2_ws/install' in the environment variable COLCON_PREFIX_PATH doesn't exist
[2.759s] WARNING:colcon.colcon_ros.prefix_path.ament:The path '/home/luna/ros2_ws/install/create3_lidar_description' in the environment variable AMENT_PREFIX_PATH doesn't exist
[2.760s] WARNING:colcon.colcon_ros.prefix_path.catkin:The path '/home/luna/ros2_ws/install/create3_lidar_description' in the environment variable CMAKE_PREFIX_PATH doesn't exist
[2.779s] DEBUG:colcon.colcon_installed_package_information.package_discovery:Found 329 installed packages in /opt/ros/humble
[2.789s] Level 1:colcon.colcon_core.package_discovery:discover_packages(prefix_path) using defaults
[3.146s] Level 5:colcon.colcon_core.verb:set package 'create3_lidar_description' build argument 'cmake_args' from command line to 'None'
[3.146s] Level 5:colcon.colcon_core.verb:set package 'create3_lidar_description' build argument 'cmake_target' from command line to 'None'
[3.147s] Level 5:colcon.colcon_core.verb:set package 'create3_lidar_description' build argument 'cmake_target_skip_unavailable' from command line to 'False'
[3.147s] Level 5:colcon.colcon_core.verb:set package 'create3_lidar_description' build argument 'cmake_clean_cache' from command line to 'False'
[3.147s] Level 5:colcon.colcon_core.verb:set package 'create3_lidar_description' build argument 'cmake_clean_first' from command line to 'False'
[3.147s] Level 5:colcon.colcon_core.verb:set package 'create3_lidar_description' build argument 'cmake_force_configure' from command line to 'False'
[3.147s] Level 5:colcon.colcon_core.verb:set package 'create3_lidar_description' build argument 'ament_cmake_args' from command line to 'None'
[3.147s] Level 5:colcon.colcon_core.verb:set package 'create3_lidar_description' build argument 'catkin_cmake_args' from command line to 'None'
[3.147s] Level 5:colcon.colcon_core.verb:set package 'create3_lidar_description' build argument 'catkin_skip_building_tests' from command line to 'False'
[3.147s] DEBUG:colcon.colcon_core.verb:Building package 'create3_lidar_description' with the following arguments: {'ament_cmake_args': None, 'build_base': '/home/luna/stage_imitation_learning/ros2_ws/build/create3_lidar_description', 'catkin_cmake_args': None, 'catkin_skip_building_tests': False, 'cmake_args': None, 'cmake_clean_cache': False, 'cmake_clean_first': False, 'cmake_force_configure': False, 'cmake_target': None, 'cmake_target_skip_unavailable': False, 'install_base': '/home/luna/stage_imitation_learning/ros2_ws/install/create3_lidar_description', 'merge_install': False, 'path': '/home/luna/stage_imitation_learning/ros2_ws/src/create3_lidar_description', 'symlink_install': True, 'test_result_base': None}
[3.148s] INFO:colcon.colcon_core.executor:Executing jobs using 'parallel' executor
[3.164s] DEBUG:colcon.colcon_parallel_executor.executor.parallel:run_until_complete
[3.165s] INFO:colcon.colcon_ros.task.ament_cmake.build:Building ROS package in '/home/luna/stage_imitation_learning/ros2_ws/src/create3_lidar_description' with build type 'ament_cmake'
[3.165s] INFO:colcon.colcon_cmake.task.cmake.build:Building CMake package in '/home/luna/stage_imitation_learning/ros2_ws/src/create3_lidar_description'
[3.179s] INFO:colcon.colcon_core.plugin_system:Skipping extension 'colcon_core.shell.bat': Not used on non-Windows systems
[3.180s] INFO:colcon.colcon_core.shell:Skip shell extension 'powershell' for command environment: Not usable outside of PowerShell
[3.181s] DEBUG:colcon.colcon_core.shell:Skip shell extension 'dsv' for command environment
[3.256s] DEBUG:colcon.colcon_core.event_handler.log_command:Invoking command in '/home/luna/stage_imitation_learning/ros2_ws/build/create3_lidar_description': CMAKE_PREFIX_PATH=${CMAKE_PREFIX_PATH}:/opt/ros/humble /usr/bin/cmake /home/luna/stage_imitation_learning/ros2_ws/src/create3_lidar_description -DAMENT_CMAKE_SYMLINK_INSTALL=1 -DCMAKE_INSTALL_PREFIX=/home/luna/stage_imitation_learning/ros2_ws/install/create3_lidar_description
[21.229s] DEBUG:colcon.colcon_core.event_handler.log_command:Invoked command in '/home/luna/stage_imitation_learning/ros2_ws/build/create3_lidar_description' returned '0': CMAKE_PREFIX_PATH=${CMAKE_PREFIX_PATH}:/opt/ros/humble /usr/bin/cmake /home/luna/stage_imitation_learning/ros2_ws/src/create3_lidar_description -DAMENT_CMAKE_SYMLINK_INSTALL=1 -DCMAKE_INSTALL_PREFIX=/home/luna/stage_imitation_learning/ros2_ws/install/create3_lidar_description
[21.235s] DEBUG:colcon.colcon_core.event_handler.log_command:Invoking command in '/home/luna/stage_imitation_learning/ros2_ws/build/create3_lidar_description': CMAKE_PREFIX_PATH=${CMAKE_PREFIX_PATH}:/opt/ros/humble /usr/bin/cmake --build /home/luna/stage_imitation_learning/ros2_ws/build/create3_lidar_description -- -j16 -l16
[21.356s] DEBUG:colcon.colcon_core.event_handler.log_command:Invoked command in '/home/luna/stage_imitation_learning/ros2_ws/build/create3_lidar_description' returned '0': CMAKE_PREFIX_PATH=${CMAKE_PREFIX_PATH}:/opt/ros/humble /usr/bin/cmake --build /home/luna/stage_imitation_learning/ros2_ws/build/create3_lidar_description -- -j16 -l16
[21.384s] DEBUG:colcon.colcon_core.event_handler.log_command:Invoking command in '/home/luna/stage_imitation_learning/ros2_ws/build/create3_lidar_description': CMAKE_PREFIX_PATH=${CMAKE_PREFIX_PATH}:/opt/ros/humble /usr/bin/cmake --install /home/luna/stage_imitation_learning/ros2_ws/build/create3_lidar_description
[22.030s] Level 1:colcon.colcon_core.environment:create_environment_scripts_only(create3_lidar_description)
[22.032s] DEBUG:colcon.colcon_core.event_handler.log_command:Invoked command in '/home/luna/stage_imitation_learning/ros2_ws/build/create3_lidar_description' returned '0': CMAKE_PREFIX_PATH=${CMAKE_PREFIX_PATH}:/opt/ros/humble /usr/bin/cmake --install /home/luna/stage_imitation_learning/ros2_ws/build/create3_lidar_description
[22.039s] Level 1:colcon.colcon_core.environment:checking '/home/luna/stage_imitation_learning/ros2_ws/install/create3_lidar_description' for CMake module files
[22.040s] Level 1:colcon.colcon_core.environment:checking '/home/luna/stage_imitation_learning/ros2_ws/install/create3_lidar_description' for CMake config files
[22.042s] Level 1:colcon.colcon_core.shell:create_environment_hook('create3_lidar_description', 'cmake_prefix_path')
[22.043s] INFO:colcon.colcon_core.shell:Creating environment hook '/home/luna/stage_imitation_learning/ros2_ws/install/create3_lidar_description/share/create3_lidar_description/hook/cmake_prefix_path.ps1'
[22.046s] INFO:colcon.colcon_core.shell:Creating environment descriptor '/home/luna/stage_imitation_learning/ros2_ws/install/create3_lidar_description/share/create3_lidar_description/hook/cmake_prefix_path.dsv'
[22.047s] INFO:colcon.colcon_core.shell:Creating environment hook '/home/luna/stage_imitation_learning/ros2_ws/install/create3_lidar_description/share/create3_lidar_description/hook/cmake_prefix_path.sh'
[22.050s] Level 1:colcon.colcon_core.environment:checking '/home/luna/stage_imitation_learning/ros2_ws/install/create3_lidar_description/bin'
[22.050s] Level 1:colcon.colcon_core.environment:checking '/home/luna/stage_imitation_learning/ros2_ws/install/create3_lidar_description/lib/pkgconfig/create3_lidar_description.pc'
[22.051s] Level 1:colcon.colcon_core.environment:checking '/home/luna/stage_imitation_learning/ros2_ws/install/create3_lidar_description/lib/python3.10/site-packages'
[22.052s] Level 1:colcon.colcon_core.environment:checking '/home/luna/stage_imitation_learning/ros2_ws/install/create3_lidar_description/bin'
[22.053s] INFO:colcon.colcon_core.shell:Creating package script '/home/luna/stage_imitation_learning/ros2_ws/install/create3_lidar_description/share/create3_lidar_description/package.ps1'
[22.058s] INFO:colcon.colcon_core.shell:Creating package descriptor '/home/luna/stage_imitation_learning/ros2_ws/install/create3_lidar_description/share/create3_lidar_description/package.dsv'
[22.062s] INFO:colcon.colcon_core.shell:Creating package script '/home/luna/stage_imitation_learning/ros2_ws/install/create3_lidar_description/share/create3_lidar_description/package.sh'
[22.064s] INFO:colcon.colcon_core.shell:Creating package script '/home/luna/stage_imitation_learning/ros2_ws/install/create3_lidar_description/share/create3_lidar_description/package.bash'
[22.067s] INFO:colcon.colcon_core.shell:Creating package script '/home/luna/stage_imitation_learning/ros2_ws/install/create3_lidar_description/share/create3_lidar_description/package.zsh'
[22.070s] Level 1:colcon.colcon_core.environment:create_file_with_runtime_dependencies(/home/luna/stage_imitation_learning/ros2_ws/install/create3_lidar_description/share/colcon-core/packages/create3_lidar_description)
[22.073s] Level 1:colcon.colcon_core.environment:create_environment_scripts_only(create3_lidar_description)
[22.074s] Level 1:colcon.colcon_core.environment:checking '/home/luna/stage_imitation_learning/ros2_ws/install/create3_lidar_description' for CMake module files
[22.075s] Level 1:colcon.colcon_core.environment:checking '/home/luna/stage_imitation_learning/ros2_ws/install/create3_lidar_description' for CMake config files
[22.076s] Level 1:colcon.colcon_core.shell:create_environment_hook('create3_lidar_description', 'cmake_prefix_path')
[22.077s] INFO:colcon.colcon_core.shell:Creating environment hook '/home/luna/stage_imitation_learning/ros2_ws/install/create3_lidar_description/share/create3_lidar_description/hook/cmake_prefix_path.ps1'
[22.078s] INFO:colcon.colcon_core.shell:Creating environment descriptor '/home/luna/stage_imitation_learning/ros2_ws/install/create3_lidar_description/share/create3_lidar_description/hook/cmake_prefix_path.dsv'
[22.080s] INFO:colcon.colcon_core.shell:Creating environment hook '/home/luna/stage_imitation_learning/ros2_ws/install/create3_lidar_description/share/create3_lidar_description/hook/cmake_prefix_path.sh'
[22.081s] Level 1:colcon.colcon_core.environment:checking '/home/luna/stage_imitation_learning/ros2_ws/install/create3_lidar_description/bin'
[22.081s] Level 1:colcon.colcon_core.environment:checking '/home/luna/stage_imitation_learning/ros2_ws/install/create3_lidar_description/lib/pkgconfig/create3_lidar_description.pc'
[22.082s] Level 1:colcon.colcon_core.environment:checking '/home/luna/stage_imitation_learning/ros2_ws/install/create3_lidar_description/lib/python3.10/site-packages'
[22.082s] Level 1:colcon.colcon_core.environment:checking '/home/luna/stage_imitation_learning/ros2_ws/install/create3_lidar_description/bin'
[22.083s] INFO:colcon.colcon_core.shell:Creating package script '/home/luna/stage_imitation_learning/ros2_ws/install/create3_lidar_description/share/create3_lidar_description/package.ps1'
[22.085s] INFO:colcon.colcon_core.shell:Creating package descriptor '/home/luna/stage_imitation_learning/ros2_ws/install/create3_lidar_description/share/create3_lidar_description/package.dsv'
[22.086s] INFO:colcon.colcon_core.shell:Creating package script '/home/luna/stage_imitation_learning/ros2_ws/install/create3_lidar_description/share/create3_lidar_description/package.sh'
[22.087s] INFO:colcon.colcon_core.shell:Creating package script '/home/luna/stage_imitation_learning/ros2_ws/install/create3_lidar_description/share/create3_lidar_description/package.bash'
[22.088s] INFO:colcon.colcon_core.shell:Creating package script '/home/luna/stage_imitation_learning/ros2_ws/install/create3_lidar_description/share/create3_lidar_description/package.zsh'
[22.092s] Level 1:colcon.colcon_core.environment:create_file_with_runtime_dependencies(/home/luna/stage_imitation_learning/ros2_ws/install/create3_lidar_description/share/colcon-core/packages/create3_lidar_description)
[22.094s] DEBUG:colcon.colcon_parallel_executor.executor.parallel:closing loop
[22.096s] DEBUG:colcon.colcon_parallel_executor.executor.parallel:loop closed
[22.097s] DEBUG:colcon.colcon_parallel_executor.executor.parallel:run_until_complete finished with '0'
[22.097s] DEBUG:colcon.colcon_core.event_reactor:joining thread
[22.640s] INFO:colcon.colcon_core.plugin_system:Skipping extension 'colcon_notification.desktop_notification.notify_send': Could not find 'notify-send'
[22.640s] INFO:colcon.colcon_core.plugin_system:Skipping extension 'colcon_notification.desktop_notification.terminal_notifier': Not used on non-Darwin systems
[22.640s] INFO:colcon.colcon_core.plugin_system:Skipping extension 'colcon_notification.desktop_notification.win32': Not used on non-Windows systems
[22.640s] INFO:colcon.colcon_notification.desktop_notification:Sending desktop notification using 'notify2'
[22.641s] DEBUG:colcon.colcon_notification.desktop_notification.notify2:Failed to initialize notify2: org.freedesktop.DBus.Error.FileNotFound: Failed to connect to socket /run/user/1000/bus: No such file or directory
[22.641s] DEBUG:colcon.colcon_core.event_reactor:joined thread
[22.642s] INFO:colcon.colcon_core.shell:Creating prefix script '/home/luna/stage_imitation_learning/ros2_ws/install/local_setup.ps1'
[22.667s] INFO:colcon.colcon_core.shell:Creating prefix util module '/home/luna/stage_imitation_learning/ros2_ws/install/_local_setup_util_ps1.py'
[22.673s] INFO:colcon.colcon_core.shell:Creating prefix chain script '/home/luna/stage_imitation_learning/ros2_ws/install/setup.ps1'
[22.680s] INFO:colcon.colcon_core.shell:Creating prefix script '/home/luna/stage_imitation_learning/ros2_ws/install/local_setup.sh'
[22.685s] INFO:colcon.colcon_core.shell:Creating prefix util module '/home/luna/stage_imitation_learning/ros2_ws/install/_local_setup_util_sh.py'
[22.690s] INFO:colcon.colcon_core.shell:Creating prefix chain script '/home/luna/stage_imitation_learning/ros2_ws/install/setup.sh'
[22.695s] INFO:colcon.colcon_core.shell:Creating prefix script '/home/luna/stage_imitation_learning/ros2_ws/install/local_setup.bash'
[22.697s] INFO:colcon.colcon_core.shell:Creating prefix chain script '/home/luna/stage_imitation_learning/ros2_ws/install/setup.bash'
[22.699s] INFO:colcon.colcon_core.shell:Creating prefix script '/home/luna/stage_imitation_learning/ros2_ws/install/local_setup.zsh'
[22.700s] INFO:colcon.colcon_core.shell:Creating prefix chain script '/home/luna/stage_imitation_learning/ros2_ws/install/setup.zsh'
