-- The C compiler identification is GNU 11.4.0
-- The CXX compiler identification is GNU 11.4.0
-- Detecting C compiler ABI info
-- Detecting C compiler ABI info - done
-- Check for working C compiler: /usr/bin/cc - skipped
-- Detecting C compile features
-- Detecting C compile features - done
-- Detecting CXX compiler ABI info
-- Detecting CXX compiler ABI info - done
-- Check for working CXX compiler: /usr/bin/c++ - skipped
-- Detecting CXX compile features
-- Detecting CXX compile features - done
-- Found ament_cmake: 1.3.14 (/opt/ros/humble/share/ament_cmake/cmake)
-- Found Python3: /usr/bin/python3 (found version "3.10.12") found components: Interpreter 
-- Override CMake install command with custom implementation using symlinks instead of copying resources
-- Found ament_lint_auto: 0.12.15 (/opt/ros/humble/share/ament_lint_auto/cmake)
-- Added test 'flake8' to check Python code syntax and style conventions
-- Added test 'lint_cmake' to check CMake code style
-- Added test 'pep257' to check Python code against some of the docstring style conventions in PEP 257
-- Added test 'xmllint' to check XML markup files
-- Configuring done
-- Generating done
-- Build files have been written to: /home/luna/stage_imitation_learning/ros2_ws/build/create3_lidar_description
-- Install configuration: ""
-- Execute custom install script
-- Symlinking: /home/luna/stage_imitation_learning/ros2_ws/install/create3_lidar_description/share/create3_lidar_description/urdf/create3_with_lidar.urdf.xacro
-- Symlinking: /home/luna/stage_imitation_learning/ros2_ws/install/create3_lidar_description/share/create3_lidar_description/launch/create3_lidar_full.launch.py
-- Symlinking: /home/luna/stage_imitation_learning/ros2_ws/install/create3_lidar_description/share/create3_lidar_description/launch/create3_lidar_gazebo.launch.py
-- Symlinking: /home/luna/stage_imitation_learning/ros2_ws/install/create3_lidar_description/share/create3_lidar_description/launch/create3_lidar_spawn.launch.py
-- Symlinking: /home/luna/stage_imitation_learning/ros2_ws/install/create3_lidar_description/share/create3_lidar_description/launch/robot_description_lidar.launch.py
-- Symlinking: /home/luna/stage_imitation_learning/ros2_ws/install/create3_lidar_description/share/create3_lidar_description/worlds/obstacles.world
-- Symlinking: /home/luna/stage_imitation_learning/ros2_ws/install/create3_lidar_description/share/ament_index/resource_index/package_run_dependencies/create3_lidar_description
-- Symlinking: /home/luna/stage_imitation_learning/ros2_ws/install/create3_lidar_description/share/ament_index/resource_index/parent_prefix_path/create3_lidar_description
-- Symlinking: /home/luna/stage_imitation_learning/ros2_ws/install/create3_lidar_description/share/create3_lidar_description/environment/ament_prefix_path.sh
-- Symlinking: /home/luna/stage_imitation_learning/ros2_ws/install/create3_lidar_description/share/create3_lidar_description/environment/ament_prefix_path.dsv
-- Symlinking: /home/luna/stage_imitation_learning/ros2_ws/install/create3_lidar_description/share/create3_lidar_description/environment/path.sh
-- Symlinking: /home/luna/stage_imitation_learning/ros2_ws/install/create3_lidar_description/share/create3_lidar_description/environment/path.dsv
-- Symlinking: /home/luna/stage_imitation_learning/ros2_ws/install/create3_lidar_description/share/create3_lidar_description/local_setup.bash
-- Symlinking: /home/luna/stage_imitation_learning/ros2_ws/install/create3_lidar_description/share/create3_lidar_description/local_setup.sh
-- Symlinking: /home/luna/stage_imitation_learning/ros2_ws/install/create3_lidar_description/share/create3_lidar_description/local_setup.zsh
-- Symlinking: /home/luna/stage_imitation_learning/ros2_ws/install/create3_lidar_description/share/create3_lidar_description/local_setup.dsv
-- Symlinking: /home/luna/stage_imitation_learning/ros2_ws/install/create3_lidar_description/share/create3_lidar_description/package.dsv
-- Symlinking: /home/luna/stage_imitation_learning/ros2_ws/install/create3_lidar_description/share/ament_index/resource_index/packages/create3_lidar_description
-- Symlinking: /home/luna/stage_imitation_learning/ros2_ws/install/create3_lidar_description/share/create3_lidar_description/cmake/create3_lidar_descriptionConfig.cmake
-- Symlinking: /home/luna/stage_imitation_learning/ros2_ws/install/create3_lidar_description/share/create3_lidar_description/cmake/create3_lidar_descriptionConfig-version.cmake
-- Symlinking: /home/luna/stage_imitation_learning/ros2_ws/install/create3_lidar_description/share/create3_lidar_description/package.xml
