[4.080s] Invoking command in '/home/luna/stage_imitation_learning/ros2_ws/src/create3_il': PYTHONPATH=/home/luna/stage_imitation_learning/ros2_ws/build/create3_il/prefix_override:/usr/lib/python3/dist-packages/colcon_core/task/python/colcon_distutils_commands:/home/luna/stage_imitation_learning/ros2_ws/install/create3_il/lib/python3.10/site-packages:${PYTHONPATH} /usr/bin/python3 -W ignore:setup.py install is deprecated -W ignore:easy_install command is deprecated setup.py egg_info --egg-base ../../build/create3_il build --build-base /home/luna/stage_imitation_learning/ros2_ws/build/create3_il/build install --record /home/luna/stage_imitation_learning/ros2_ws/build/create3_il/install.log --install-scripts $base/lib/create3_il --single-version-externally-managed install_data
[5.715s] running egg_info
[5.766s] writing ../../build/create3_il/create3_il.egg-info/PKG-INFO
[5.768s] writing dependency_links to ../../build/create3_il/create3_il.egg-info/dependency_links.txt
[5.769s] writing entry points to ../../build/create3_il/create3_il.egg-info/entry_points.txt
[5.769s] writing requirements to ../../build/create3_il/create3_il.egg-info/requires.txt
[5.769s] writing top-level names to ../../build/create3_il/create3_il.egg-info/top_level.txt
[5.925s] reading manifest file '../../build/create3_il/create3_il.egg-info/SOURCES.txt'
[5.930s] writing manifest file '../../build/create3_il/create3_il.egg-info/SOURCES.txt'
[5.931s] running build
[5.931s] running build_py
[5.932s] copying create3_il/inference_node.py -> /home/luna/stage_imitation_learning/ros2_ws/build/create3_il/build/lib/create3_il
[5.934s] running install
[5.962s] running install_lib
[6.020s] copying /home/luna/stage_imitation_learning/ros2_ws/build/create3_il/build/lib/create3_il/inference_node.py -> /home/luna/stage_imitation_learning/ros2_ws/install/create3_il/lib/python3.10/site-packages/create3_il
[6.022s] byte-compiling /home/luna/stage_imitation_learning/ros2_ws/install/create3_il/lib/python3.10/site-packages/create3_il/inference_node.py to inference_node.cpython-310.pyc
[6.028s] running install_data
[6.028s] running install_egg_info
[6.091s] removing '/home/luna/stage_imitation_learning/ros2_ws/install/create3_il/lib/python3.10/site-packages/create3_il-0.0.0-py3.10.egg-info' (and everything under it)
[6.093s] Copying ../../build/create3_il/create3_il.egg-info to /home/luna/stage_imitation_learning/ros2_ws/install/create3_il/lib/python3.10/site-packages/create3_il-0.0.0-py3.10.egg-info
[6.096s] running install_scripts
[6.364s] Installing bc_inference_node script to /home/luna/stage_imitation_learning/ros2_ws/install/create3_il/lib/create3_il
[6.365s] Installing dagger_session_node script to /home/luna/stage_imitation_learning/ros2_ws/install/create3_il/lib/create3_il
[6.365s] Installing il_data_collector script to /home/luna/stage_imitation_learning/ros2_ws/install/create3_il/lib/create3_il
[6.368s] writing list of installed files to '/home/luna/stage_imitation_learning/ros2_ws/build/create3_il/install.log'
[6.543s] Invoked command in '/home/luna/stage_imitation_learning/ros2_ws/src/create3_il' returned '0': PYTHONPATH=/home/luna/stage_imitation_learning/ros2_ws/build/create3_il/prefix_override:/usr/lib/python3/dist-packages/colcon_core/task/python/colcon_distutils_commands:/home/luna/stage_imitation_learning/ros2_ws/install/create3_il/lib/python3.10/site-packages:${PYTHONPATH} /usr/bin/python3 -W ignore:setup.py install is deprecated -W ignore:easy_install command is deprecated setup.py egg_info --egg-base ../../build/create3_il build --build-base /home/luna/stage_imitation_learning/ros2_ws/build/create3_il/build install --record /home/luna/stage_imitation_learning/ros2_ws/build/create3_il/install.log --install-scripts $base/lib/create3_il --single-version-externally-managed install_data
