[78.425s] DEBUG:colcon:Command line arguments: ['/usr/bin/colcon', 'build', '--packages-select', 'create3_il']
[78.425s] DEBUG:colcon:Parsed command line arguments: Namespace(log_base=None, log_level=None, verb_name='build', build_base='build', install_base='install', merge_install=False, symlink_install=False, test_result_base=None, continue_on_error=False, executor='parallel', parallel_workers=16, event_handlers=None, ignore_user_meta=False, metas=['./colcon.meta'], base_paths=['.'], packages_ignore=None, packages_ignore_regex=None, paths=None, packages_up_to=None, packages_up_to_regex=None, packages_above=None, packages_above_and_dependencies=None, packages_above_depth=None, packages_select_by_dep=None, packages_skip_by_dep=None, packages_skip_up_to=None, packages_select_build_failed=False, packages_skip_build_finished=False, packages_select_test_failures=False, packages_skip_test_passed=False, packages_select=['create3_il'], packages_skip=None, packages_select_regex=None, packages_skip_regex=None, packages_start=None, packages_end=None, allow_overriding=[], cmake_args=None, cmake_target=None, cmake_target_skip_unavailable=False, cmake_clean_cache=False, cmake_clean_first=False, cmake_force_configure=False, ament_cmake_args=None, catkin_cmake_args=None, catkin_skip_building_tests=False, mixin_files=None, mixin=None, verb_parser=<colcon_mixin.mixin.mixin_argument.MixinArgumentDecorator object at 0x7f733fd56ef0>, verb_extension=<colcon_core.verb.build.BuildVerb object at 0x7f733fd56980>, main=<bound method BuildVerb.main of <colcon_core.verb.build.BuildVerb object at 0x7f733fd56980>>, mixin_verb=('build',))
[81.724s] Level 1:colcon.colcon_core.package_discovery:discover_packages(colcon_meta) check parameters
[81.724s] Level 1:colcon.colcon_core.package_discovery:discover_packages(recursive) check parameters
[81.724s] Level 1:colcon.colcon_core.package_discovery:discover_packages(ignore) check parameters
[81.725s] Level 1:colcon.colcon_core.package_discovery:discover_packages(path) check parameters
[81.725s] Level 1:colcon.colcon_core.package_discovery:discover_packages(colcon_meta) discover
[81.725s] Level 1:colcon.colcon_core.package_discovery:discover_packages(recursive) discover
[81.725s] INFO:colcon.colcon_core.package_discovery:Crawling recursively for packages in '/home/luna/stage_imitation_learning/ros2_ws'
[81.726s] Level 1:colcon.colcon_core.package_identification:_identify(.) by extensions ['ignore', 'ignore_ament_install']
[81.727s] Level 1:colcon.colcon_core.package_identification:_identify(.) by extension 'ignore'
[81.727s] Level 1:colcon.colcon_core.package_identification:_identify(.) by extension 'ignore_ament_install'
[81.727s] Level 1:colcon.colcon_core.package_identification:_identify(.) by extensions ['colcon_pkg']
[81.727s] Level 1:colcon.colcon_core.package_identification:_identify(.) by extension 'colcon_pkg'
[81.727s] Level 1:colcon.colcon_core.package_identification:_identify(.) by extensions ['colcon_meta']
[81.728s] Level 1:colcon.colcon_core.package_identification:_identify(.) by extension 'colcon_meta'
[81.728s] Level 1:colcon.colcon_core.package_identification:_identify(.) by extensions ['ros']
[81.728s] Level 1:colcon.colcon_core.package_identification:_identify(.) by extension 'ros'
[81.821s] Level 1:colcon.colcon_core.package_identification:_identify(.) by extensions ['cmake', 'python']
[81.822s] Level 1:colcon.colcon_core.package_identification:_identify(.) by extension 'cmake'
[81.822s] Level 1:colcon.colcon_core.package_identification:_identify(.) by extension 'python'
[81.822s] Level 1:colcon.colcon_core.package_identification:_identify(.) by extensions ['python_setup_py']
[81.822s] Level 1:colcon.colcon_core.package_identification:_identify(.) by extension 'python_setup_py'
[81.823s] Level 1:colcon.colcon_core.package_identification:_identify(build) by extensions ['ignore', 'ignore_ament_install']
[81.823s] Level 1:colcon.colcon_core.package_identification:_identify(build) by extension 'ignore'
[81.823s] Level 1:colcon.colcon_core.package_identification:_identify(build) ignored
[81.824s] Level 1:colcon.colcon_core.package_identification:_identify(install) by extensions ['ignore', 'ignore_ament_install']
[81.824s] Level 1:colcon.colcon_core.package_identification:_identify(install) by extension 'ignore'
[81.824s] Level 1:colcon.colcon_core.package_identification:_identify(install) ignored
[81.825s] Level 1:colcon.colcon_core.package_identification:_identify(log) by extensions ['ignore', 'ignore_ament_install']
[81.825s] Level 1:colcon.colcon_core.package_identification:_identify(log) by extension 'ignore'
[81.825s] Level 1:colcon.colcon_core.package_identification:_identify(log) ignored
[81.825s] Level 1:colcon.colcon_core.package_identification:_identify(src) by extensions ['ignore', 'ignore_ament_install']
[81.826s] Level 1:colcon.colcon_core.package_identification:_identify(src) by extension 'ignore'
[81.826s] Level 1:colcon.colcon_core.package_identification:_identify(src) by extension 'ignore_ament_install'
[81.826s] Level 1:colcon.colcon_core.package_identification:_identify(src) by extensions ['colcon_pkg']
[81.826s] Level 1:colcon.colcon_core.package_identification:_identify(src) by extension 'colcon_pkg'
[81.827s] Level 1:colcon.colcon_core.package_identification:_identify(src) by extensions ['colcon_meta']
[81.827s] Level 1:colcon.colcon_core.package_identification:_identify(src) by extension 'colcon_meta'
[81.827s] Level 1:colcon.colcon_core.package_identification:_identify(src) by extensions ['ros']
[81.827s] Level 1:colcon.colcon_core.package_identification:_identify(src) by extension 'ros'
[81.827s] Level 1:colcon.colcon_core.package_identification:_identify(src) by extensions ['cmake', 'python']
[81.827s] Level 1:colcon.colcon_core.package_identification:_identify(src) by extension 'cmake'
[81.827s] Level 1:colcon.colcon_core.package_identification:_identify(src) by extension 'python'
[81.828s] Level 1:colcon.colcon_core.package_identification:_identify(src) by extensions ['python_setup_py']
[81.828s] Level 1:colcon.colcon_core.package_identification:_identify(src) by extension 'python_setup_py'
[81.829s] Level 1:colcon.colcon_core.package_identification:_identify(src/create3_il) by extensions ['ignore', 'ignore_ament_install']
[81.830s] Level 1:colcon.colcon_core.package_identification:_identify(src/create3_il) by extension 'ignore'
[81.831s] Level 1:colcon.colcon_core.package_identification:_identify(src/create3_il) by extension 'ignore_ament_install'
[81.831s] Level 1:colcon.colcon_core.package_identification:_identify(src/create3_il) by extensions ['colcon_pkg']
[81.831s] Level 1:colcon.colcon_core.package_identification:_identify(src/create3_il) by extension 'colcon_pkg'
[81.831s] Level 1:colcon.colcon_core.package_identification:_identify(src/create3_il) by extensions ['colcon_meta']
[81.831s] Level 1:colcon.colcon_core.package_identification:_identify(src/create3_il) by extension 'colcon_meta'
[81.831s] Level 1:colcon.colcon_core.package_identification:_identify(src/create3_il) by extensions ['ros']
[81.831s] Level 1:colcon.colcon_core.package_identification:_identify(src/create3_il) by extension 'ros'
[81.850s] DEBUG:colcon.colcon_core.package_identification:Package 'src/create3_il' with type 'ros.ament_python' and name 'create3_il'
[81.851s] Level 1:colcon.colcon_core.package_identification:_identify(src/create3_lidar_description) by extensions ['ignore', 'ignore_ament_install']
[81.851s] Level 1:colcon.colcon_core.package_identification:_identify(src/create3_lidar_description) by extension 'ignore'
[81.851s] Level 1:colcon.colcon_core.package_identification:_identify(src/create3_lidar_description) by extension 'ignore_ament_install'
[81.852s] Level 1:colcon.colcon_core.package_identification:_identify(src/create3_lidar_description) by extensions ['colcon_pkg']
[81.852s] Level 1:colcon.colcon_core.package_identification:_identify(src/create3_lidar_description) by extension 'colcon_pkg'
[81.852s] Level 1:colcon.colcon_core.package_identification:_identify(src/create3_lidar_description) by extensions ['colcon_meta']
[81.852s] Level 1:colcon.colcon_core.package_identification:_identify(src/create3_lidar_description) by extension 'colcon_meta'
[81.852s] Level 1:colcon.colcon_core.package_identification:_identify(src/create3_lidar_description) by extensions ['ros']
[81.852s] Level 1:colcon.colcon_core.package_identification:_identify(src/create3_lidar_description) by extension 'ros'
[81.854s] DEBUG:colcon.colcon_core.package_identification:Package 'src/create3_lidar_description' with type 'ros.ament_cmake' and name 'create3_lidar_description'
[81.855s] Level 1:colcon.colcon_core.package_discovery:discover_packages(recursive) using defaults
[81.855s] Level 1:colcon.colcon_core.package_discovery:discover_packages(ignore) discover
[81.855s] Level 1:colcon.colcon_core.package_discovery:discover_packages(ignore) using defaults
[81.855s] Level 1:colcon.colcon_core.package_discovery:discover_packages(path) discover
[81.855s] Level 1:colcon.colcon_core.package_discovery:discover_packages(path) using defaults
[82.527s] INFO:colcon.colcon_core.package_selection:Skipping not selected package 'create3_lidar_description' in 'src/create3_lidar_description'
[82.531s] Level 1:colcon.colcon_core.package_discovery:discover_packages(prefix_path) check parameters
[82.531s] Level 1:colcon.colcon_core.package_discovery:discover_packages(prefix_path) discover
[82.569s] DEBUG:colcon.colcon_installed_package_information.package_discovery:Found 2 installed packages in /home/luna/stage_imitation_learning/ros2_ws/install
[82.578s] DEBUG:colcon.colcon_installed_package_information.package_discovery:Found 329 installed packages in /opt/ros/humble
[82.589s] Level 1:colcon.colcon_core.package_discovery:discover_packages(prefix_path) using defaults
[82.797s] Level 5:colcon.colcon_core.verb:set package 'create3_il' build argument 'cmake_args' from command line to 'None'
[82.797s] Level 5:colcon.colcon_core.verb:set package 'create3_il' build argument 'cmake_target' from command line to 'None'
[82.798s] Level 5:colcon.colcon_core.verb:set package 'create3_il' build argument 'cmake_target_skip_unavailable' from command line to 'False'
[82.798s] Level 5:colcon.colcon_core.verb:set package 'create3_il' build argument 'cmake_clean_cache' from command line to 'False'
[82.798s] Level 5:colcon.colcon_core.verb:set package 'create3_il' build argument 'cmake_clean_first' from command line to 'False'
[82.798s] Level 5:colcon.colcon_core.verb:set package 'create3_il' build argument 'cmake_force_configure' from command line to 'False'
[82.798s] Level 5:colcon.colcon_core.verb:set package 'create3_il' build argument 'ament_cmake_args' from command line to 'None'
[82.798s] Level 5:colcon.colcon_core.verb:set package 'create3_il' build argument 'catkin_cmake_args' from command line to 'None'
[82.798s] Level 5:colcon.colcon_core.verb:set package 'create3_il' build argument 'catkin_skip_building_tests' from command line to 'False'
[82.798s] DEBUG:colcon.colcon_core.verb:Building package 'create3_il' with the following arguments: {'ament_cmake_args': None, 'build_base': '/home/luna/stage_imitation_learning/ros2_ws/build/create3_il', 'catkin_cmake_args': None, 'catkin_skip_building_tests': False, 'cmake_args': None, 'cmake_clean_cache': False, 'cmake_clean_first': False, 'cmake_force_configure': False, 'cmake_target': None, 'cmake_target_skip_unavailable': False, 'install_base': '/home/luna/stage_imitation_learning/ros2_ws/install/create3_il', 'merge_install': False, 'path': '/home/luna/stage_imitation_learning/ros2_ws/src/create3_il', 'symlink_install': False, 'test_result_base': None}
[82.799s] INFO:colcon.colcon_core.executor:Executing jobs using 'parallel' executor
[82.804s] DEBUG:colcon.colcon_parallel_executor.executor.parallel:run_until_complete
[82.806s] INFO:colcon.colcon_ros.task.ament_python.build:Building ROS package in '/home/luna/stage_imitation_learning/ros2_ws/src/create3_il' with build type 'ament_python'
[82.806s] Level 1:colcon.colcon_core.shell:create_environment_hook('create3_il', 'ament_prefix_path')
[82.861s] INFO:colcon.colcon_core.plugin_system:Skipping extension 'colcon_core.shell.bat': Not used on non-Windows systems
[82.862s] INFO:colcon.colcon_core.shell:Creating environment hook '/home/luna/stage_imitation_learning/ros2_ws/install/create3_il/share/create3_il/hook/ament_prefix_path.ps1'
[82.868s] INFO:colcon.colcon_core.shell:Creating environment descriptor '/home/luna/stage_imitation_learning/ros2_ws/install/create3_il/share/create3_il/hook/ament_prefix_path.dsv'
[82.872s] INFO:colcon.colcon_core.shell:Creating environment hook '/home/luna/stage_imitation_learning/ros2_ws/install/create3_il/share/create3_il/hook/ament_prefix_path.sh'
[82.877s] INFO:colcon.colcon_core.shell:Skip shell extension 'powershell' for command environment: Not usable outside of PowerShell
[82.877s] DEBUG:colcon.colcon_core.shell:Skip shell extension 'dsv' for command environment
[85.028s] INFO:colcon.colcon_core.task.python.build:Building Python package in '/home/luna/stage_imitation_learning/ros2_ws/src/create3_il'
[85.030s] INFO:colcon.colcon_core.shell:Skip shell extension 'powershell' for command environment: Not usable outside of PowerShell
[85.031s] DEBUG:colcon.colcon_core.shell:Skip shell extension 'dsv' for command environment
[92.385s] DEBUG:colcon.colcon_core.task.python.build:Available setuptools commands: install_egg_info, test, bdist_egg, install_scripts, bdist, upload, install_headers, symlink_data, develop, rotate, alias, bdist_wheel, bdist_dumb, build, bdist_rpm, easy_install, install_lib, compile_catalog, install_data, check, extract_messages, register, init_catalog, setopt, clean, upload_docs, saveopts, egg_info, dist_info, build_ext, install, build_py, build_scripts, sdist, update_catalog, editable_wheel, build_clib
[92.395s] DEBUG:colcon.colcon_core.event_handler.log_command:Invoking command in '/home/luna/stage_imitation_learning/ros2_ws/build/create3_il': PYTHONPATH=/home/luna/stage_imitation_learning/ros2_ws/build/create3_il/prefix_override:/usr/lib/python3/dist-packages/colcon_core/task/python/colcon_distutils_commands:/home/luna/stage_imitation_learning/ros2_ws/install/create3_il/lib/python3.10/site-packages:${PYTHONPATH} /usr/bin/python3 -W ignore:setup.py install is deprecated -W ignore:easy_install command is deprecated setup.py develop --uninstall --editable --build-directory /home/luna/stage_imitation_learning/ros2_ws/build/create3_il/build
[95.422s] DEBUG:colcon.colcon_core.event_handler.log_command:Invoked command in '/home/luna/stage_imitation_learning/ros2_ws/build/create3_il' returned '0': PYTHONPATH=/home/luna/stage_imitation_learning/ros2_ws/build/create3_il/prefix_override:/usr/lib/python3/dist-packages/colcon_core/task/python/colcon_distutils_commands:/home/luna/stage_imitation_learning/ros2_ws/install/create3_il/lib/python3.10/site-packages:${PYTHONPATH} /usr/bin/python3 -W ignore:setup.py install is deprecated -W ignore:easy_install command is deprecated setup.py develop --uninstall --editable --build-directory /home/luna/stage_imitation_learning/ros2_ws/build/create3_il/build
[95.431s] DEBUG:colcon.colcon_core.event_handler.log_command:Invoking command in '/home/luna/stage_imitation_learning/ros2_ws/src/create3_il': PYTHONPATH=/home/luna/stage_imitation_learning/ros2_ws/build/create3_il/prefix_override:/usr/lib/python3/dist-packages/colcon_core/task/python/colcon_distutils_commands:/home/luna/stage_imitation_learning/ros2_ws/install/create3_il/lib/python3.10/site-packages:${PYTHONPATH} /usr/bin/python3 -W ignore:setup.py install is deprecated -W ignore:easy_install command is deprecated setup.py egg_info --egg-base ../../build/create3_il build --build-base /home/luna/stage_imitation_learning/ros2_ws/build/create3_il/build install --record /home/luna/stage_imitation_learning/ros2_ws/build/create3_il/install.log --install-scripts $base/lib/create3_il --single-version-externally-managed install_data --force
[98.270s] DEBUG:colcon.colcon_core.event_handler.log_command:Invoked command in '/home/luna/stage_imitation_learning/ros2_ws/src/create3_il' returned '0': PYTHONPATH=/home/luna/stage_imitation_learning/ros2_ws/build/create3_il/prefix_override:/usr/lib/python3/dist-packages/colcon_core/task/python/colcon_distutils_commands:/home/luna/stage_imitation_learning/ros2_ws/install/create3_il/lib/python3.10/site-packages:${PYTHONPATH} /usr/bin/python3 -W ignore:setup.py install is deprecated -W ignore:easy_install command is deprecated setup.py egg_info --egg-base ../../build/create3_il build --build-base /home/luna/stage_imitation_learning/ros2_ws/build/create3_il/build install --record /home/luna/stage_imitation_learning/ros2_ws/build/create3_il/install.log --install-scripts $base/lib/create3_il --single-version-externally-managed install_data --force
[98.342s] Level 1:colcon.colcon_core.environment:checking '/home/luna/stage_imitation_learning/ros2_ws/install/create3_il' for CMake module files
[98.344s] Level 1:colcon.colcon_core.environment:checking '/home/luna/stage_imitation_learning/ros2_ws/install/create3_il' for CMake config files
[98.352s] Level 1:colcon.colcon_core.environment:checking '/home/luna/stage_imitation_learning/ros2_ws/install/create3_il/lib'
[98.354s] Level 1:colcon.colcon_core.environment:checking '/home/luna/stage_imitation_learning/ros2_ws/install/create3_il/bin'
[98.354s] Level 1:colcon.colcon_core.environment:checking '/home/luna/stage_imitation_learning/ros2_ws/install/create3_il/lib/pkgconfig/create3_il.pc'
[98.355s] Level 1:colcon.colcon_core.environment:checking '/home/luna/stage_imitation_learning/ros2_ws/install/create3_il/lib/python3.10/site-packages'
[98.356s] Level 1:colcon.colcon_core.shell:create_environment_hook('create3_il', 'pythonpath')
[98.356s] INFO:colcon.colcon_core.shell:Creating environment hook '/home/luna/stage_imitation_learning/ros2_ws/install/create3_il/share/create3_il/hook/pythonpath.ps1'
[98.358s] INFO:colcon.colcon_core.shell:Creating environment descriptor '/home/luna/stage_imitation_learning/ros2_ws/install/create3_il/share/create3_il/hook/pythonpath.dsv'
[98.360s] INFO:colcon.colcon_core.shell:Creating environment hook '/home/luna/stage_imitation_learning/ros2_ws/install/create3_il/share/create3_il/hook/pythonpath.sh'
[98.369s] Level 1:colcon.colcon_core.environment:checking '/home/luna/stage_imitation_learning/ros2_ws/install/create3_il/bin'
[98.369s] Level 1:colcon.colcon_core.environment:create_environment_scripts_only(create3_il)
[98.372s] INFO:colcon.colcon_core.shell:Creating package script '/home/luna/stage_imitation_learning/ros2_ws/install/create3_il/share/create3_il/package.ps1'
[98.381s] INFO:colcon.colcon_core.shell:Creating package descriptor '/home/luna/stage_imitation_learning/ros2_ws/install/create3_il/share/create3_il/package.dsv'
[98.394s] INFO:colcon.colcon_core.shell:Creating package script '/home/luna/stage_imitation_learning/ros2_ws/install/create3_il/share/create3_il/package.sh'
[98.399s] INFO:colcon.colcon_core.shell:Creating package script '/home/luna/stage_imitation_learning/ros2_ws/install/create3_il/share/create3_il/package.bash'
[98.414s] INFO:colcon.colcon_core.shell:Creating package script '/home/luna/stage_imitation_learning/ros2_ws/install/create3_il/share/create3_il/package.zsh'
[98.421s] Level 1:colcon.colcon_core.environment:create_file_with_runtime_dependencies(/home/luna/stage_imitation_learning/ros2_ws/install/create3_il/share/colcon-core/packages/create3_il)
[98.423s] DEBUG:colcon.colcon_parallel_executor.executor.parallel:closing loop
[98.429s] DEBUG:colcon.colcon_parallel_executor.executor.parallel:loop closed
[98.430s] DEBUG:colcon.colcon_parallel_executor.executor.parallel:run_until_complete finished with '0'
[98.430s] DEBUG:colcon.colcon_core.event_reactor:joining thread
[128.098s] INFO:colcon.colcon_core.plugin_system:Skipping extension 'colcon_notification.desktop_notification.notify_send': Could not find 'notify-send'
[128.099s] INFO:colcon.colcon_core.plugin_system:Skipping extension 'colcon_notification.desktop_notification.terminal_notifier': Not used on non-Darwin systems
[128.099s] INFO:colcon.colcon_core.plugin_system:Skipping extension 'colcon_notification.desktop_notification.win32': Not used on non-Windows systems
[128.099s] INFO:colcon.colcon_notification.desktop_notification:Sending desktop notification using 'notify2'
[128.100s] DEBUG:colcon.colcon_notification.desktop_notification.notify2:Failed to initialize notify2: org.freedesktop.DBus.Error.FileNotFound: Failed to connect to socket /run/user/1000/bus: No such file or directory
[128.100s] DEBUG:colcon.colcon_core.event_reactor:joined thread
[128.101s] INFO:colcon.colcon_core.shell:Creating prefix script '/home/luna/stage_imitation_learning/ros2_ws/install/local_setup.ps1'
[128.130s] INFO:colcon.colcon_core.shell:Creating prefix util module '/home/luna/stage_imitation_learning/ros2_ws/install/_local_setup_util_ps1.py'
[128.135s] INFO:colcon.colcon_core.shell:Creating prefix chain script '/home/luna/stage_imitation_learning/ros2_ws/install/setup.ps1'
[128.142s] INFO:colcon.colcon_core.shell:Creating prefix script '/home/luna/stage_imitation_learning/ros2_ws/install/local_setup.sh'
[128.146s] INFO:colcon.colcon_core.shell:Creating prefix util module '/home/luna/stage_imitation_learning/ros2_ws/install/_local_setup_util_sh.py'
[128.149s] INFO:colcon.colcon_core.shell:Creating prefix chain script '/home/luna/stage_imitation_learning/ros2_ws/install/setup.sh'
[128.157s] INFO:colcon.colcon_core.shell:Creating prefix script '/home/luna/stage_imitation_learning/ros2_ws/install/local_setup.bash'
[128.161s] INFO:colcon.colcon_core.shell:Creating prefix chain script '/home/luna/stage_imitation_learning/ros2_ws/install/setup.bash'
[128.167s] INFO:colcon.colcon_core.shell:Creating prefix script '/home/luna/stage_imitation_learning/ros2_ws/install/local_setup.zsh'
[128.169s] INFO:colcon.colcon_core.shell:Creating prefix chain script '/home/luna/stage_imitation_learning/ros2_ws/install/setup.zsh'
