[1.514s] DEBUG:colcon:Command line arguments: ['/usr/bin/colcon', 'build', '--symlink-install', '--packages-select', 'create3_il']
[1.515s] DEBUG:colcon:Parsed command line arguments: Namespace(log_base=None, log_level=None, verb_name='build', build_base='build', install_base='install', merge_install=False, symlink_install=True, test_result_base=None, continue_on_error=False, executor='parallel', parallel_workers=16, event_handlers=None, ignore_user_meta=False, metas=['./colcon.meta'], base_paths=['.'], packages_ignore=None, packages_ignore_regex=None, paths=None, packages_up_to=None, packages_up_to_regex=None, packages_above=None, packages_above_and_dependencies=None, packages_above_depth=None, packages_select_by_dep=None, packages_skip_by_dep=None, packages_skip_up_to=None, packages_select_build_failed=False, packages_skip_build_finished=False, packages_select_test_failures=False, packages_skip_test_passed=False, packages_select=['create3_il'], packages_skip=None, packages_select_regex=None, packages_skip_regex=None, packages_start=None, packages_end=None, allow_overriding=[], cmake_args=None, cmake_target=None, cmake_target_skip_unavailable=False, cmake_clean_cache=False, cmake_clean_first=False, cmake_force_configure=False, ament_cmake_args=None, catkin_cmake_args=None, catkin_skip_building_tests=False, mixin_files=None, mixin=None, verb_parser=<colcon_mixin.mixin.mixin_argument.MixinArgumentDecorator object at 0x7f73aef4aef0>, verb_extension=<colcon_core.verb.build.BuildVerb object at 0x7f73aef4a980>, main=<bound method BuildVerb.main of <colcon_core.verb.build.BuildVerb object at 0x7f73aef4a980>>, mixin_verb=('build',))
[2.428s] Level 1:colcon.colcon_core.package_discovery:discover_packages(colcon_meta) check parameters
[2.428s] Level 1:colcon.colcon_core.package_discovery:discover_packages(recursive) check parameters
[2.428s] Level 1:colcon.colcon_core.package_discovery:discover_packages(ignore) check parameters
[2.428s] Level 1:colcon.colcon_core.package_discovery:discover_packages(path) check parameters
[2.428s] Level 1:colcon.colcon_core.package_discovery:discover_packages(colcon_meta) discover
[2.429s] Level 1:colcon.colcon_core.package_discovery:discover_packages(recursive) discover
[2.429s] INFO:colcon.colcon_core.package_discovery:Crawling recursively for packages in '/home/luna/stage_imitation_learning/ros2_ws'
[2.429s] Level 1:colcon.colcon_core.package_identification:_identify(.) by extensions ['ignore', 'ignore_ament_install']
[2.430s] Level 1:colcon.colcon_core.package_identification:_identify(.) by extension 'ignore'
[2.430s] Level 1:colcon.colcon_core.package_identification:_identify(.) by extension 'ignore_ament_install'
[2.430s] Level 1:colcon.colcon_core.package_identification:_identify(.) by extensions ['colcon_pkg']
[2.430s] Level 1:colcon.colcon_core.package_identification:_identify(.) by extension 'colcon_pkg'
[2.430s] Level 1:colcon.colcon_core.package_identification:_identify(.) by extensions ['colcon_meta']
[2.430s] Level 1:colcon.colcon_core.package_identification:_identify(.) by extension 'colcon_meta'
[2.430s] Level 1:colcon.colcon_core.package_identification:_identify(.) by extensions ['ros']
[2.431s] Level 1:colcon.colcon_core.package_identification:_identify(.) by extension 'ros'
[2.484s] Level 1:colcon.colcon_core.package_identification:_identify(.) by extensions ['cmake', 'python']
[2.484s] Level 1:colcon.colcon_core.package_identification:_identify(.) by extension 'cmake'
[2.485s] Level 1:colcon.colcon_core.package_identification:_identify(.) by extension 'python'
[2.485s] Level 1:colcon.colcon_core.package_identification:_identify(.) by extensions ['python_setup_py']
[2.485s] Level 1:colcon.colcon_core.package_identification:_identify(.) by extension 'python_setup_py'
[2.486s] Level 1:colcon.colcon_core.package_identification:_identify(build) by extensions ['ignore', 'ignore_ament_install']
[2.486s] Level 1:colcon.colcon_core.package_identification:_identify(build) by extension 'ignore'
[2.486s] Level 1:colcon.colcon_core.package_identification:_identify(build) ignored
[2.487s] Level 1:colcon.colcon_core.package_identification:_identify(install) by extensions ['ignore', 'ignore_ament_install']
[2.487s] Level 1:colcon.colcon_core.package_identification:_identify(install) by extension 'ignore'
[2.487s] Level 1:colcon.colcon_core.package_identification:_identify(install) ignored
[2.488s] Level 1:colcon.colcon_core.package_identification:_identify(log) by extensions ['ignore', 'ignore_ament_install']
[2.488s] Level 1:colcon.colcon_core.package_identification:_identify(log) by extension 'ignore'
[2.488s] Level 1:colcon.colcon_core.package_identification:_identify(log) ignored
[2.488s] Level 1:colcon.colcon_core.package_identification:_identify(src) by extensions ['ignore', 'ignore_ament_install']
[2.489s] Level 1:colcon.colcon_core.package_identification:_identify(src) by extension 'ignore'
[2.489s] Level 1:colcon.colcon_core.package_identification:_identify(src) by extension 'ignore_ament_install'
[2.489s] Level 1:colcon.colcon_core.package_identification:_identify(src) by extensions ['colcon_pkg']
[2.489s] Level 1:colcon.colcon_core.package_identification:_identify(src) by extension 'colcon_pkg'
[2.489s] Level 1:colcon.colcon_core.package_identification:_identify(src) by extensions ['colcon_meta']
[2.489s] Level 1:colcon.colcon_core.package_identification:_identify(src) by extension 'colcon_meta'
[2.490s] Level 1:colcon.colcon_core.package_identification:_identify(src) by extensions ['ros']
[2.490s] Level 1:colcon.colcon_core.package_identification:_identify(src) by extension 'ros'
[2.490s] Level 1:colcon.colcon_core.package_identification:_identify(src) by extensions ['cmake', 'python']
[2.490s] Level 1:colcon.colcon_core.package_identification:_identify(src) by extension 'cmake'
[2.490s] Level 1:colcon.colcon_core.package_identification:_identify(src) by extension 'python'
[2.490s] Level 1:colcon.colcon_core.package_identification:_identify(src) by extensions ['python_setup_py']
[2.490s] Level 1:colcon.colcon_core.package_identification:_identify(src) by extension 'python_setup_py'
[2.491s] Level 1:colcon.colcon_core.package_identification:_identify(src/create3_il) by extensions ['ignore', 'ignore_ament_install']
[2.491s] Level 1:colcon.colcon_core.package_identification:_identify(src/create3_il) by extension 'ignore'
[2.491s] Level 1:colcon.colcon_core.package_identification:_identify(src/create3_il) by extension 'ignore_ament_install'
[2.492s] Level 1:colcon.colcon_core.package_identification:_identify(src/create3_il) by extensions ['colcon_pkg']
[2.492s] Level 1:colcon.colcon_core.package_identification:_identify(src/create3_il) by extension 'colcon_pkg'
[2.492s] Level 1:colcon.colcon_core.package_identification:_identify(src/create3_il) by extensions ['colcon_meta']
[2.492s] Level 1:colcon.colcon_core.package_identification:_identify(src/create3_il) by extension 'colcon_meta'
[2.492s] Level 1:colcon.colcon_core.package_identification:_identify(src/create3_il) by extensions ['ros']
[2.492s] Level 1:colcon.colcon_core.package_identification:_identify(src/create3_il) by extension 'ros'
[2.507s] DEBUG:colcon.colcon_core.package_identification:Package 'src/create3_il' with type 'ros.ament_python' and name 'create3_il'
[2.507s] Level 1:colcon.colcon_core.package_identification:_identify(src/create3_lidar_description) by extensions ['ignore', 'ignore_ament_install']
[2.508s] Level 1:colcon.colcon_core.package_identification:_identify(src/create3_lidar_description) by extension 'ignore'
[2.508s] Level 1:colcon.colcon_core.package_identification:_identify(src/create3_lidar_description) by extension 'ignore_ament_install'
[2.509s] Level 1:colcon.colcon_core.package_identification:_identify(src/create3_lidar_description) by extensions ['colcon_pkg']
[2.509s] Level 1:colcon.colcon_core.package_identification:_identify(src/create3_lidar_description) by extension 'colcon_pkg'
[2.509s] Level 1:colcon.colcon_core.package_identification:_identify(src/create3_lidar_description) by extensions ['colcon_meta']
[2.509s] Level 1:colcon.colcon_core.package_identification:_identify(src/create3_lidar_description) by extension 'colcon_meta'
[2.509s] Level 1:colcon.colcon_core.package_identification:_identify(src/create3_lidar_description) by extensions ['ros']
[2.510s] Level 1:colcon.colcon_core.package_identification:_identify(src/create3_lidar_description) by extension 'ros'
[2.511s] DEBUG:colcon.colcon_core.package_identification:Package 'src/create3_lidar_description' with type 'ros.ament_cmake' and name 'create3_lidar_description'
[2.512s] Level 1:colcon.colcon_core.package_discovery:discover_packages(recursive) using defaults
[2.512s] Level 1:colcon.colcon_core.package_discovery:discover_packages(ignore) discover
[2.512s] Level 1:colcon.colcon_core.package_discovery:discover_packages(ignore) using defaults
[2.512s] Level 1:colcon.colcon_core.package_discovery:discover_packages(path) discover
[2.512s] Level 1:colcon.colcon_core.package_discovery:discover_packages(path) using defaults
[2.610s] INFO:colcon.colcon_core.package_selection:Skipping not selected package 'create3_lidar_description' in 'src/create3_lidar_description'
[2.619s] Level 1:colcon.colcon_core.package_discovery:discover_packages(prefix_path) check parameters
[2.619s] Level 1:colcon.colcon_core.package_discovery:discover_packages(prefix_path) discover
[2.636s] DEBUG:colcon.colcon_installed_package_information.package_discovery:Found 2 installed packages in /home/luna/stage_imitation_learning/ros2_ws/install
[2.640s] DEBUG:colcon.colcon_installed_package_information.package_discovery:Found 329 installed packages in /opt/ros/humble
[2.658s] Level 1:colcon.colcon_core.package_discovery:discover_packages(prefix_path) using defaults
[2.861s] Level 5:colcon.colcon_core.verb:set package 'create3_il' build argument 'cmake_args' from command line to 'None'
[2.861s] Level 5:colcon.colcon_core.verb:set package 'create3_il' build argument 'cmake_target' from command line to 'None'
[2.862s] Level 5:colcon.colcon_core.verb:set package 'create3_il' build argument 'cmake_target_skip_unavailable' from command line to 'False'
[2.862s] Level 5:colcon.colcon_core.verb:set package 'create3_il' build argument 'cmake_clean_cache' from command line to 'False'
[2.862s] Level 5:colcon.colcon_core.verb:set package 'create3_il' build argument 'cmake_clean_first' from command line to 'False'
[2.862s] Level 5:colcon.colcon_core.verb:set package 'create3_il' build argument 'cmake_force_configure' from command line to 'False'
[2.862s] Level 5:colcon.colcon_core.verb:set package 'create3_il' build argument 'ament_cmake_args' from command line to 'None'
[2.862s] Level 5:colcon.colcon_core.verb:set package 'create3_il' build argument 'catkin_cmake_args' from command line to 'None'
[2.862s] Level 5:colcon.colcon_core.verb:set package 'create3_il' build argument 'catkin_skip_building_tests' from command line to 'False'
[2.862s] DEBUG:colcon.colcon_core.verb:Building package 'create3_il' with the following arguments: {'ament_cmake_args': None, 'build_base': '/home/luna/stage_imitation_learning/ros2_ws/build/create3_il', 'catkin_cmake_args': None, 'catkin_skip_building_tests': False, 'cmake_args': None, 'cmake_clean_cache': False, 'cmake_clean_first': False, 'cmake_force_configure': False, 'cmake_target': None, 'cmake_target_skip_unavailable': False, 'install_base': '/home/luna/stage_imitation_learning/ros2_ws/install/create3_il', 'merge_install': False, 'path': '/home/luna/stage_imitation_learning/ros2_ws/src/create3_il', 'symlink_install': True, 'test_result_base': None}
[2.863s] INFO:colcon.colcon_core.executor:Executing jobs using 'parallel' executor
[2.871s] DEBUG:colcon.colcon_parallel_executor.executor.parallel:run_until_complete
[2.873s] INFO:colcon.colcon_ros.task.ament_python.build:Building ROS package in '/home/luna/stage_imitation_learning/ros2_ws/src/create3_il' with build type 'ament_python'
[2.873s] Level 1:colcon.colcon_core.shell:create_environment_hook('create3_il', 'ament_prefix_path')
[2.888s] INFO:colcon.colcon_core.plugin_system:Skipping extension 'colcon_core.shell.bat': Not used on non-Windows systems
[2.890s] INFO:colcon.colcon_core.shell:Creating environment hook '/home/luna/stage_imitation_learning/ros2_ws/install/create3_il/share/create3_il/hook/ament_prefix_path.ps1'
[2.893s] INFO:colcon.colcon_core.shell:Creating environment descriptor '/home/luna/stage_imitation_learning/ros2_ws/install/create3_il/share/create3_il/hook/ament_prefix_path.dsv'
[2.896s] INFO:colcon.colcon_core.shell:Creating environment hook '/home/luna/stage_imitation_learning/ros2_ws/install/create3_il/share/create3_il/hook/ament_prefix_path.sh'
[2.902s] INFO:colcon.colcon_core.shell:Skip shell extension 'powershell' for command environment: Not usable outside of PowerShell
[2.903s] DEBUG:colcon.colcon_core.shell:Skip shell extension 'dsv' for command environment
[4.354s] INFO:colcon.colcon_core.task.python.build:Building Python package in '/home/luna/stage_imitation_learning/ros2_ws/src/create3_il'
[4.355s] INFO:colcon.colcon_core.shell:Skip shell extension 'powershell' for command environment: Not usable outside of PowerShell
[4.355s] DEBUG:colcon.colcon_core.shell:Skip shell extension 'dsv' for command environment
[6.695s] DEBUG:colcon.colcon_core.task.python.build:Available setuptools commands: bdist, setopt, sdist, check, easy_install, bdist_dumb, build_scripts, install_lib, install, install_egg_info, build, bdist_wheel, init_catalog, install_data, bdist_rpm, editable_wheel, saveopts, build_ext, symlink_data, upload_docs, register, build_clib, build_py, extract_messages, develop, egg_info, alias, dist_info, update_catalog, rotate, clean, compile_catalog, upload, bdist_egg, install_scripts, install_headers, test
[8.348s] DEBUG:colcon.colcon_core.task.python.build:Available setuptools 'develop' options: --user, --help, --upgrade, --verbose, --no-deps, --prefix, --quiet, --multi-version, --always-copy, --local-snapshots-ok, --exclude-scripts, --no-find-links, --dry-run, --site-dirs, --record, --editable, --allow-hosts, --optimize, --build-directory, --egg-path, --find-links, --version, --no-user-cfg, --zip-ok, --index-url, --always-unzip, --script-dir, --install-dir, --uninstall
[8.357s] DEBUG:colcon.colcon_core.event_handler.log_command:Invoking command in '/home/luna/stage_imitation_learning/ros2_ws/build/create3_il': PYTHONPATH=/home/luna/stage_imitation_learning/ros2_ws/build/create3_il/prefix_override:/usr/lib/python3/dist-packages/colcon_core/task/python/colcon_distutils_commands:/home/luna/stage_imitation_learning/ros2_ws/install/create3_il/lib/python3.10/site-packages:${PYTHONPATH} /usr/bin/python3 -W ignore:setup.py install is deprecated -W ignore:easy_install command is deprecated setup.py develop --editable --build-directory /home/luna/stage_imitation_learning/ros2_ws/build/create3_il/build --no-deps symlink_data
[11.154s] Level 1:colcon.colcon_core.shell:create_environment_hook('create3_il', 'pythonpath_develop')
[11.156s] INFO:colcon.colcon_core.shell:Creating environment hook '/home/luna/stage_imitation_learning/ros2_ws/build/create3_il/share/create3_il/hook/pythonpath_develop.ps1'
[11.158s] DEBUG:colcon.colcon_core.event_handler.log_command:Invoked command in '/home/luna/stage_imitation_learning/ros2_ws/build/create3_il' returned '0': PYTHONPATH=/home/luna/stage_imitation_learning/ros2_ws/build/create3_il/prefix_override:/usr/lib/python3/dist-packages/colcon_core/task/python/colcon_distutils_commands:/home/luna/stage_imitation_learning/ros2_ws/install/create3_il/lib/python3.10/site-packages:${PYTHONPATH} /usr/bin/python3 -W ignore:setup.py install is deprecated -W ignore:easy_install command is deprecated setup.py develop --editable --build-directory /home/luna/stage_imitation_learning/ros2_ws/build/create3_il/build --no-deps symlink_data
[11.160s] INFO:colcon.colcon_core.shell:Creating environment descriptor '/home/luna/stage_imitation_learning/ros2_ws/build/create3_il/share/create3_il/hook/pythonpath_develop.dsv'
[11.161s] INFO:colcon.colcon_core.shell:Creating environment hook '/home/luna/stage_imitation_learning/ros2_ws/build/create3_il/share/create3_il/hook/pythonpath_develop.sh'
[11.174s] Level 1:colcon.colcon_core.environment:checking '/home/luna/stage_imitation_learning/ros2_ws/install/create3_il' for CMake module files
[11.176s] Level 1:colcon.colcon_core.environment:checking '/home/luna/stage_imitation_learning/ros2_ws/install/create3_il' for CMake config files
[11.179s] Level 1:colcon.colcon_core.environment:checking '/home/luna/stage_imitation_learning/ros2_ws/install/create3_il/lib'
[11.180s] Level 1:colcon.colcon_core.environment:checking '/home/luna/stage_imitation_learning/ros2_ws/install/create3_il/bin'
[11.180s] Level 1:colcon.colcon_core.environment:checking '/home/luna/stage_imitation_learning/ros2_ws/install/create3_il/lib/pkgconfig/create3_il.pc'
[11.182s] Level 1:colcon.colcon_core.environment:checking '/home/luna/stage_imitation_learning/ros2_ws/install/create3_il/lib/python3.10/site-packages'
[11.182s] Level 1:colcon.colcon_core.shell:create_environment_hook('create3_il', 'pythonpath')
[11.183s] INFO:colcon.colcon_core.shell:Creating environment hook '/home/luna/stage_imitation_learning/ros2_ws/install/create3_il/share/create3_il/hook/pythonpath.ps1'
[11.187s] INFO:colcon.colcon_core.shell:Creating environment descriptor '/home/luna/stage_imitation_learning/ros2_ws/install/create3_il/share/create3_il/hook/pythonpath.dsv'
[11.188s] INFO:colcon.colcon_core.shell:Creating environment hook '/home/luna/stage_imitation_learning/ros2_ws/install/create3_il/share/create3_il/hook/pythonpath.sh'
[11.194s] Level 1:colcon.colcon_core.environment:checking '/home/luna/stage_imitation_learning/ros2_ws/install/create3_il/bin'
[11.194s] Level 1:colcon.colcon_core.environment:create_environment_scripts_only(create3_il)
[11.196s] INFO:colcon.colcon_core.shell:Creating package script '/home/luna/stage_imitation_learning/ros2_ws/install/create3_il/share/create3_il/package.ps1'
[11.202s] INFO:colcon.colcon_core.shell:Creating package descriptor '/home/luna/stage_imitation_learning/ros2_ws/install/create3_il/share/create3_il/package.dsv'
[11.204s] INFO:colcon.colcon_core.shell:Creating package script '/home/luna/stage_imitation_learning/ros2_ws/install/create3_il/share/create3_il/package.sh'
[11.207s] INFO:colcon.colcon_core.shell:Creating package script '/home/luna/stage_imitation_learning/ros2_ws/install/create3_il/share/create3_il/package.bash'
[11.210s] INFO:colcon.colcon_core.shell:Creating package script '/home/luna/stage_imitation_learning/ros2_ws/install/create3_il/share/create3_il/package.zsh'
[11.213s] Level 1:colcon.colcon_core.environment:create_file_with_runtime_dependencies(/home/luna/stage_imitation_learning/ros2_ws/install/create3_il/share/colcon-core/packages/create3_il)
[11.214s] DEBUG:colcon.colcon_parallel_executor.executor.parallel:closing loop
[11.217s] DEBUG:colcon.colcon_parallel_executor.executor.parallel:loop closed
[11.217s] DEBUG:colcon.colcon_parallel_executor.executor.parallel:run_until_complete finished with '0'
[11.218s] DEBUG:colcon.colcon_core.event_reactor:joining thread
[11.609s] INFO:colcon.colcon_core.plugin_system:Skipping extension 'colcon_notification.desktop_notification.notify_send': Could not find 'notify-send'
[11.610s] INFO:colcon.colcon_core.plugin_system:Skipping extension 'colcon_notification.desktop_notification.terminal_notifier': Not used on non-Darwin systems
[11.610s] INFO:colcon.colcon_core.plugin_system:Skipping extension 'colcon_notification.desktop_notification.win32': Not used on non-Windows systems
[11.610s] INFO:colcon.colcon_notification.desktop_notification:Sending desktop notification using 'notify2'
[11.611s] DEBUG:colcon.colcon_notification.desktop_notification.notify2:Failed to initialize notify2: org.freedesktop.DBus.Error.FileNotFound: Failed to connect to socket /run/user/1000/bus: No such file or directory
[11.611s] DEBUG:colcon.colcon_core.event_reactor:joined thread
[11.612s] INFO:colcon.colcon_core.shell:Creating prefix script '/home/luna/stage_imitation_learning/ros2_ws/install/local_setup.ps1'
[11.616s] INFO:colcon.colcon_core.shell:Creating prefix util module '/home/luna/stage_imitation_learning/ros2_ws/install/_local_setup_util_ps1.py'
[11.620s] INFO:colcon.colcon_core.shell:Creating prefix chain script '/home/luna/stage_imitation_learning/ros2_ws/install/setup.ps1'
[11.623s] INFO:colcon.colcon_core.shell:Creating prefix script '/home/luna/stage_imitation_learning/ros2_ws/install/local_setup.sh'
[11.626s] INFO:colcon.colcon_core.shell:Creating prefix util module '/home/luna/stage_imitation_learning/ros2_ws/install/_local_setup_util_sh.py'
[11.628s] INFO:colcon.colcon_core.shell:Creating prefix chain script '/home/luna/stage_imitation_learning/ros2_ws/install/setup.sh'
[11.631s] INFO:colcon.colcon_core.shell:Creating prefix script '/home/luna/stage_imitation_learning/ros2_ws/install/local_setup.bash'
[11.638s] INFO:colcon.colcon_core.shell:Creating prefix chain script '/home/luna/stage_imitation_learning/ros2_ws/install/setup.bash'
[11.647s] INFO:colcon.colcon_core.shell:Creating prefix script '/home/luna/stage_imitation_learning/ros2_ws/install/local_setup.zsh'
[11.654s] INFO:colcon.colcon_core.shell:Creating prefix chain script '/home/luna/stage_imitation_learning/ros2_ws/install/setup.zsh'
