[5.758s] Invoking command in '/home/luna/stage_imitation_learning/ros2_ws/src/create3_il': PYTHONPATH=/home/luna/stage_imitation_learning/ros2_ws/build/create3_il/prefix_override:/usr/lib/python3/dist-packages/colcon_core/task/python/colcon_distutils_commands:/home/luna/stage_imitation_learning/ros2_ws/install/create3_il/lib/python3.10/site-packages:${PYTHONPATH} /usr/bin/python3 -W ignore:setup.py install is deprecated -W ignore:easy_install command is deprecated setup.py egg_info --egg-base ../../build/create3_il build --build-base /home/luna/stage_imitation_learning/ros2_ws/build/create3_il/build install --record /home/luna/stage_imitation_learning/ros2_ws/build/create3_il/install.log --install-scripts $base/lib/create3_il --single-version-externally-managed install_data
[7.937s] running egg_info
[7.999s] writing ../../build/create3_il/create3_il.egg-info/PKG-INFO
[8.000s] writing dependency_links to ../../build/create3_il/create3_il.egg-info/dependency_links.txt
[8.002s] writing entry points to ../../build/create3_il/create3_il.egg-info/entry_points.txt
[8.003s] writing requirements to ../../build/create3_il/create3_il.egg-info/requires.txt
[8.003s] writing top-level names to ../../build/create3_il/create3_il.egg-info/top_level.txt
[8.186s] reading manifest file '../../build/create3_il/create3_il.egg-info/SOURCES.txt'
[8.195s] writing manifest file '../../build/create3_il/create3_il.egg-info/SOURCES.txt'
[8.196s] running build
[8.197s] running build_py
[8.197s] copying create3_il/dagger_session_node.py -> /home/luna/stage_imitation_learning/ros2_ws/build/create3_il/build/lib/create3_il
[8.198s] running install
[8.214s] running install_lib
[8.279s] copying /home/luna/stage_imitation_learning/ros2_ws/build/create3_il/build/lib/create3_il/dagger_session_node.py -> /home/luna/stage_imitation_learning/ros2_ws/install/create3_il/lib/python3.10/site-packages/create3_il
[8.282s] byte-compiling /home/luna/stage_imitation_learning/ros2_ws/install/create3_il/lib/python3.10/site-packages/create3_il/dagger_session_node.py to dagger_session_node.cpython-310.pyc
[8.291s] running install_data
[8.292s] running install_egg_info
[8.372s] removing '/home/luna/stage_imitation_learning/ros2_ws/install/create3_il/lib/python3.10/site-packages/create3_il-0.0.0-py3.10.egg-info' (and everything under it)
[8.372s] Copying ../../build/create3_il/create3_il.egg-info to /home/luna/stage_imitation_learning/ros2_ws/install/create3_il/lib/python3.10/site-packages/create3_il-0.0.0-py3.10.egg-info
[8.377s] running install_scripts
[8.762s] Installing bc_inference_node script to /home/luna/stage_imitation_learning/ros2_ws/install/create3_il/lib/create3_il
[8.763s] Installing dagger_session_node script to /home/luna/stage_imitation_learning/ros2_ws/install/create3_il/lib/create3_il
[8.764s] Installing il_data_collector script to /home/luna/stage_imitation_learning/ros2_ws/install/create3_il/lib/create3_il
[8.767s] writing list of installed files to '/home/luna/stage_imitation_learning/ros2_ws/build/create3_il/install.log'
[8.989s] Invoked command in '/home/luna/stage_imitation_learning/ros2_ws/src/create3_il' returned '0': PYTHONPATH=/home/luna/stage_imitation_learning/ros2_ws/build/create3_il/prefix_override:/usr/lib/python3/dist-packages/colcon_core/task/python/colcon_distutils_commands:/home/luna/stage_imitation_learning/ros2_ws/install/create3_il/lib/python3.10/site-packages:${PYTHONPATH} /usr/bin/python3 -W ignore:setup.py install is deprecated -W ignore:easy_install command is deprecated setup.py egg_info --egg-base ../../build/create3_il build --build-base /home/luna/stage_imitation_learning/ros2_ws/build/create3_il/build install --record /home/luna/stage_imitation_learning/ros2_ws/build/create3_il/install.log --install-scripts $base/lib/create3_il --single-version-externally-managed install_data
