[54.275s] DEBUG:colcon:Command line arguments: ['/usr/bin/colcon', 'build', '--symlink-install', '--packages-select', 'create3_lidar_description', 'create3_il']
[54.276s] DEBUG:colcon:Parsed command line arguments: Namespace(log_base=None, log_level=None, verb_name='build', build_base='build', install_base='install', merge_install=False, symlink_install=True, test_result_base=None, continue_on_error=False, executor='parallel', parallel_workers=16, event_handlers=None, ignore_user_meta=False, metas=['./colcon.meta'], base_paths=['.'], packages_ignore=None, packages_ignore_regex=None, paths=None, packages_up_to=None, packages_up_to_regex=None, packages_above=None, packages_above_and_dependencies=None, packages_above_depth=None, packages_select_by_dep=None, packages_skip_by_dep=None, packages_skip_up_to=None, packages_select_build_failed=False, packages_skip_build_finished=False, packages_select_test_failures=False, packages_skip_test_passed=False, packages_select=['create3_lidar_description', 'create3_il'], packages_skip=None, packages_select_regex=None, packages_skip_regex=None, packages_start=None, packages_end=None, allow_overriding=[], cmake_args=None, cmake_target=None, cmake_target_skip_unavailable=False, cmake_clean_cache=False, cmake_clean_first=False, cmake_force_configure=False, ament_cmake_args=None, catkin_cmake_args=None, catkin_skip_building_tests=False, mixin_files=None, mixin=None, verb_parser=<colcon_mixin.mixin.mixin_argument.MixinArgumentDecorator object at 0x794a06c51b40>, verb_extension=<colcon_core.verb.build.BuildVerb object at 0x794a06c515d0>, main=<bound method BuildVerb.main of <colcon_core.verb.build.BuildVerb object at 0x794a06c515d0>>, mixin_verb=('build',))
[54.440s] Level 1:colcon.colcon_core.package_discovery:discover_packages(colcon_meta) check parameters
[54.440s] Level 1:colcon.colcon_core.package_discovery:discover_packages(recursive) check parameters
[54.440s] Level 1:colcon.colcon_core.package_discovery:discover_packages(ignore) check parameters
[54.440s] Level 1:colcon.colcon_core.package_discovery:discover_packages(path) check parameters
[54.440s] Level 1:colcon.colcon_core.package_discovery:discover_packages(colcon_meta) discover
[54.440s] Level 1:colcon.colcon_core.package_discovery:discover_packages(recursive) discover
[54.440s] INFO:colcon.colcon_core.package_discovery:Crawling recursively for packages in '/home/luna/stage_imitation_learning/ros2_ws'
[54.440s] Level 1:colcon.colcon_core.package_identification:_identify(.) by extensions ['ignore', 'ignore_ament_install']
[54.440s] Level 1:colcon.colcon_core.package_identification:_identify(.) by extension 'ignore'
[54.440s] Level 1:colcon.colcon_core.package_identification:_identify(.) by extension 'ignore_ament_install'
[54.440s] Level 1:colcon.colcon_core.package_identification:_identify(.) by extensions ['colcon_pkg']
[54.440s] Level 1:colcon.colcon_core.package_identification:_identify(.) by extension 'colcon_pkg'
[54.440s] Level 1:colcon.colcon_core.package_identification:_identify(.) by extensions ['colcon_meta']
[54.440s] Level 1:colcon.colcon_core.package_identification:_identify(.) by extension 'colcon_meta'
[54.440s] Level 1:colcon.colcon_core.package_identification:_identify(.) by extensions ['ros']
[54.440s] Level 1:colcon.colcon_core.package_identification:_identify(.) by extension 'ros'
[54.452s] Level 1:colcon.colcon_core.package_identification:_identify(.) by extensions ['cmake', 'python']
[54.452s] Level 1:colcon.colcon_core.package_identification:_identify(.) by extension 'cmake'
[54.452s] Level 1:colcon.colcon_core.package_identification:_identify(.) by extension 'python'
[54.453s] Level 1:colcon.colcon_core.package_identification:_identify(.) by extensions ['python_setup_py']
[54.453s] Level 1:colcon.colcon_core.package_identification:_identify(.) by extension 'python_setup_py'
[54.453s] Level 1:colcon.colcon_core.package_identification:_identify(build) by extensions ['ignore', 'ignore_ament_install']
[54.453s] Level 1:colcon.colcon_core.package_identification:_identify(build) by extension 'ignore'
[54.453s] Level 1:colcon.colcon_core.package_identification:_identify(build) ignored
[54.453s] Level 1:colcon.colcon_core.package_identification:_identify(install) by extensions ['ignore', 'ignore_ament_install']
[54.453s] Level 1:colcon.colcon_core.package_identification:_identify(install) by extension 'ignore'
[54.453s] Level 1:colcon.colcon_core.package_identification:_identify(install) ignored
[54.453s] Level 1:colcon.colcon_core.package_identification:_identify(log) by extensions ['ignore', 'ignore_ament_install']
[54.453s] Level 1:colcon.colcon_core.package_identification:_identify(log) by extension 'ignore'
[54.453s] Level 1:colcon.colcon_core.package_identification:_identify(log) ignored
[54.453s] Level 1:colcon.colcon_core.package_identification:_identify(src) by extensions ['ignore', 'ignore_ament_install']
[54.453s] Level 1:colcon.colcon_core.package_identification:_identify(src) by extension 'ignore'
[54.453s] Level 1:colcon.colcon_core.package_identification:_identify(src) by extension 'ignore_ament_install'
[54.453s] Level 1:colcon.colcon_core.package_identification:_identify(src) by extensions ['colcon_pkg']
[54.454s] Level 1:colcon.colcon_core.package_identification:_identify(src) by extension 'colcon_pkg'
[54.454s] Level 1:colcon.colcon_core.package_identification:_identify(src) by extensions ['colcon_meta']
[54.454s] Level 1:colcon.colcon_core.package_identification:_identify(src) by extension 'colcon_meta'
[54.454s] Level 1:colcon.colcon_core.package_identification:_identify(src) by extensions ['ros']
[54.454s] Level 1:colcon.colcon_core.package_identification:_identify(src) by extension 'ros'
[54.454s] Level 1:colcon.colcon_core.package_identification:_identify(src) by extensions ['cmake', 'python']
[54.454s] Level 1:colcon.colcon_core.package_identification:_identify(src) by extension 'cmake'
[54.454s] Level 1:colcon.colcon_core.package_identification:_identify(src) by extension 'python'
[54.454s] Level 1:colcon.colcon_core.package_identification:_identify(src) by extensions ['python_setup_py']
[54.454s] Level 1:colcon.colcon_core.package_identification:_identify(src) by extension 'python_setup_py'
[54.454s] Level 1:colcon.colcon_core.package_identification:_identify(src/create3_il) by extensions ['ignore', 'ignore_ament_install']
[54.454s] Level 1:colcon.colcon_core.package_identification:_identify(src/create3_il) by extension 'ignore'
[54.454s] Level 1:colcon.colcon_core.package_identification:_identify(src/create3_il) by extension 'ignore_ament_install'
[54.454s] Level 1:colcon.colcon_core.package_identification:_identify(src/create3_il) by extensions ['colcon_pkg']
[54.454s] Level 1:colcon.colcon_core.package_identification:_identify(src/create3_il) by extension 'colcon_pkg'
[54.454s] Level 1:colcon.colcon_core.package_identification:_identify(src/create3_il) by extensions ['colcon_meta']
[54.454s] Level 1:colcon.colcon_core.package_identification:_identify(src/create3_il) by extension 'colcon_meta'
[54.454s] Level 1:colcon.colcon_core.package_identification:_identify(src/create3_il) by extensions ['ros']
[54.454s] Level 1:colcon.colcon_core.package_identification:_identify(src/create3_il) by extension 'ros'
[54.457s] DEBUG:colcon.colcon_core.package_identification:Package 'src/create3_il' with type 'ros.ament_python' and name 'create3_il'
[54.457s] Level 1:colcon.colcon_core.package_identification:_identify(src/create3_lidar_description) by extensions ['ignore', 'ignore_ament_install']
[54.457s] Level 1:colcon.colcon_core.package_identification:_identify(src/create3_lidar_description) by extension 'ignore'
[54.457s] Level 1:colcon.colcon_core.package_identification:_identify(src/create3_lidar_description) by extension 'ignore_ament_install'
[54.457s] Level 1:colcon.colcon_core.package_identification:_identify(src/create3_lidar_description) by extensions ['colcon_pkg']
[54.457s] Level 1:colcon.colcon_core.package_identification:_identify(src/create3_lidar_description) by extension 'colcon_pkg'
[54.457s] Level 1:colcon.colcon_core.package_identification:_identify(src/create3_lidar_description) by extensions ['colcon_meta']
[54.457s] Level 1:colcon.colcon_core.package_identification:_identify(src/create3_lidar_description) by extension 'colcon_meta'
[54.458s] Level 1:colcon.colcon_core.package_identification:_identify(src/create3_lidar_description) by extensions ['ros']
[54.458s] Level 1:colcon.colcon_core.package_identification:_identify(src/create3_lidar_description) by extension 'ros'
[54.458s] DEBUG:colcon.colcon_core.package_identification:Package 'src/create3_lidar_description' with type 'ros.ament_cmake' and name 'create3_lidar_description'
[54.458s] Level 1:colcon.colcon_core.package_discovery:discover_packages(recursive) using defaults
[54.458s] Level 1:colcon.colcon_core.package_discovery:discover_packages(ignore) discover
[54.458s] Level 1:colcon.colcon_core.package_discovery:discover_packages(ignore) using defaults
[54.458s] Level 1:colcon.colcon_core.package_discovery:discover_packages(path) discover
[54.458s] Level 1:colcon.colcon_core.package_discovery:discover_packages(path) using defaults
[54.491s] Level 1:colcon.colcon_core.package_discovery:discover_packages(prefix_path) check parameters
[54.491s] Level 1:colcon.colcon_core.package_discovery:discover_packages(prefix_path) discover
[54.493s] DEBUG:colcon.colcon_installed_package_information.package_discovery:Found 2 installed packages in /home/luna/stage_imitation_learning/ros2_ws/install
[54.494s] DEBUG:colcon.colcon_installed_package_information.package_discovery:Found 329 installed packages in /opt/ros/humble
[54.496s] Level 1:colcon.colcon_core.package_discovery:discover_packages(prefix_path) using defaults
[54.538s] Level 5:colcon.colcon_core.verb:set package 'create3_il' build argument 'cmake_args' from command line to 'None'
[54.538s] Level 5:colcon.colcon_core.verb:set package 'create3_il' build argument 'cmake_target' from command line to 'None'
[54.538s] Level 5:colcon.colcon_core.verb:set package 'create3_il' build argument 'cmake_target_skip_unavailable' from command line to 'False'
[54.538s] Level 5:colcon.colcon_core.verb:set package 'create3_il' build argument 'cmake_clean_cache' from command line to 'False'
[54.538s] Level 5:colcon.colcon_core.verb:set package 'create3_il' build argument 'cmake_clean_first' from command line to 'False'
[54.538s] Level 5:colcon.colcon_core.verb:set package 'create3_il' build argument 'cmake_force_configure' from command line to 'False'
[54.538s] Level 5:colcon.colcon_core.verb:set package 'create3_il' build argument 'ament_cmake_args' from command line to 'None'
[54.538s] Level 5:colcon.colcon_core.verb:set package 'create3_il' build argument 'catkin_cmake_args' from command line to 'None'
[54.538s] Level 5:colcon.colcon_core.verb:set package 'create3_il' build argument 'catkin_skip_building_tests' from command line to 'False'
[54.538s] DEBUG:colcon.colcon_core.verb:Building package 'create3_il' with the following arguments: {'ament_cmake_args': None, 'build_base': '/home/luna/stage_imitation_learning/ros2_ws/build/create3_il', 'catkin_cmake_args': None, 'catkin_skip_building_tests': False, 'cmake_args': None, 'cmake_clean_cache': False, 'cmake_clean_first': False, 'cmake_force_configure': False, 'cmake_target': None, 'cmake_target_skip_unavailable': False, 'install_base': '/home/luna/stage_imitation_learning/ros2_ws/install/create3_il', 'merge_install': False, 'path': '/home/luna/stage_imitation_learning/ros2_ws/src/create3_il', 'symlink_install': True, 'test_result_base': None}
[54.538s] Level 5:colcon.colcon_core.verb:set package 'create3_lidar_description' build argument 'cmake_args' from command line to 'None'
[54.538s] Level 5:colcon.colcon_core.verb:set package 'create3_lidar_description' build argument 'cmake_target' from command line to 'None'
[54.538s] Level 5:colcon.colcon_core.verb:set package 'create3_lidar_description' build argument 'cmake_target_skip_unavailable' from command line to 'False'
[54.539s] Level 5:colcon.colcon_core.verb:set package 'create3_lidar_description' build argument 'cmake_clean_cache' from command line to 'False'
[54.539s] Level 5:colcon.colcon_core.verb:set package 'create3_lidar_description' build argument 'cmake_clean_first' from command line to 'False'
[54.539s] Level 5:colcon.colcon_core.verb:set package 'create3_lidar_description' build argument 'cmake_force_configure' from command line to 'False'
[54.539s] Level 5:colcon.colcon_core.verb:set package 'create3_lidar_description' build argument 'ament_cmake_args' from command line to 'None'
[54.539s] Level 5:colcon.colcon_core.verb:set package 'create3_lidar_description' build argument 'catkin_cmake_args' from command line to 'None'
[54.539s] Level 5:colcon.colcon_core.verb:set package 'create3_lidar_description' build argument 'catkin_skip_building_tests' from command line to 'False'
[54.539s] DEBUG:colcon.colcon_core.verb:Building package 'create3_lidar_description' with the following arguments: {'ament_cmake_args': None, 'build_base': '/home/luna/stage_imitation_learning/ros2_ws/build/create3_lidar_description', 'catkin_cmake_args': None, 'catkin_skip_building_tests': False, 'cmake_args': None, 'cmake_clean_cache': False, 'cmake_clean_first': False, 'cmake_force_configure': False, 'cmake_target': None, 'cmake_target_skip_unavailable': False, 'install_base': '/home/luna/stage_imitation_learning/ros2_ws/install/create3_lidar_description', 'merge_install': False, 'path': '/home/luna/stage_imitation_learning/ros2_ws/src/create3_lidar_description', 'symlink_install': True, 'test_result_base': None}
[54.539s] INFO:colcon.colcon_core.executor:Executing jobs using 'parallel' executor
[54.540s] DEBUG:colcon.colcon_parallel_executor.executor.parallel:run_until_complete
[54.541s] INFO:colcon.colcon_ros.task.ament_python.build:Building ROS package in '/home/luna/stage_imitation_learning/ros2_ws/src/create3_il' with build type 'ament_python'
[54.541s] Level 1:colcon.colcon_core.shell:create_environment_hook('create3_il', 'ament_prefix_path')
[54.543s] INFO:colcon.colcon_core.plugin_system:Skipping extension 'colcon_core.shell.bat': Not used on non-Windows systems
[54.544s] INFO:colcon.colcon_core.shell:Creating environment hook '/home/luna/stage_imitation_learning/ros2_ws/install/create3_il/share/create3_il/hook/ament_prefix_path.ps1'
[54.545s] INFO:colcon.colcon_core.shell:Creating environment descriptor '/home/luna/stage_imitation_learning/ros2_ws/install/create3_il/share/create3_il/hook/ament_prefix_path.dsv'
[54.545s] INFO:colcon.colcon_core.shell:Creating environment hook '/home/luna/stage_imitation_learning/ros2_ws/install/create3_il/share/create3_il/hook/ament_prefix_path.sh'
[54.546s] INFO:colcon.colcon_core.shell:Skip shell extension 'powershell' for command environment: Not usable outside of PowerShell
[54.546s] DEBUG:colcon.colcon_core.shell:Skip shell extension 'dsv' for command environment
[54.550s] INFO:colcon.colcon_ros.task.ament_cmake.build:Building ROS package in '/home/luna/stage_imitation_learning/ros2_ws/src/create3_lidar_description' with build type 'ament_cmake'
[54.550s] INFO:colcon.colcon_cmake.task.cmake.build:Building CMake package in '/home/luna/stage_imitation_learning/ros2_ws/src/create3_lidar_description'
[54.551s] INFO:colcon.colcon_core.shell:Skip shell extension 'powershell' for command environment: Not usable outside of PowerShell
[54.551s] DEBUG:colcon.colcon_core.shell:Skip shell extension 'dsv' for command environment
[54.827s] INFO:colcon.colcon_core.task.python.build:Building Python package in '/home/luna/stage_imitation_learning/ros2_ws/src/create3_il'
[54.828s] INFO:colcon.colcon_core.shell:Skip shell extension 'powershell' for command environment: Not usable outside of PowerShell
[54.828s] DEBUG:colcon.colcon_core.shell:Skip shell extension 'dsv' for command environment
[54.840s] DEBUG:colcon.colcon_core.event_handler.log_command:Invoking command in '/home/luna/stage_imitation_learning/ros2_ws/build/create3_lidar_description': CMAKE_PREFIX_PATH=${CMAKE_PREFIX_PATH}:/home/luna/stage_imitation_learning/ros2_ws/install/create3_il:/opt/ros/humble /usr/bin/cmake --build /home/luna/stage_imitation_learning/ros2_ws/build/create3_lidar_description -- -j16 -l16
[54.912s] DEBUG:colcon.colcon_core.event_handler.log_command:Invoked command in '/home/luna/stage_imitation_learning/ros2_ws/build/create3_lidar_description' returned '0': CMAKE_PREFIX_PATH=${CMAKE_PREFIX_PATH}:/home/luna/stage_imitation_learning/ros2_ws/install/create3_il:/opt/ros/humble /usr/bin/cmake --build /home/luna/stage_imitation_learning/ros2_ws/build/create3_lidar_description -- -j16 -l16
[54.931s] DEBUG:colcon.colcon_core.event_handler.log_command:Invoking command in '/home/luna/stage_imitation_learning/ros2_ws/build/create3_lidar_description': CMAKE_PREFIX_PATH=${CMAKE_PREFIX_PATH}:/home/luna/stage_imitation_learning/ros2_ws/install/create3_il:/opt/ros/humble /usr/bin/cmake --install /home/luna/stage_imitation_learning/ros2_ws/build/create3_lidar_description
[54.961s] Level 1:colcon.colcon_core.environment:create_environment_scripts_only(create3_lidar_description)
[54.962s] DEBUG:colcon.colcon_core.event_handler.log_command:Invoked command in '/home/luna/stage_imitation_learning/ros2_ws/build/create3_lidar_description' returned '0': CMAKE_PREFIX_PATH=${CMAKE_PREFIX_PATH}:/home/luna/stage_imitation_learning/ros2_ws/install/create3_il:/opt/ros/humble /usr/bin/cmake --install /home/luna/stage_imitation_learning/ros2_ws/build/create3_lidar_description
[54.964s] Level 1:colcon.colcon_core.environment:checking '/home/luna/stage_imitation_learning/ros2_ws/install/create3_lidar_description' for CMake module files
[54.965s] Level 1:colcon.colcon_core.environment:checking '/home/luna/stage_imitation_learning/ros2_ws/install/create3_lidar_description' for CMake config files
[54.965s] Level 1:colcon.colcon_core.shell:create_environment_hook('create3_lidar_description', 'cmake_prefix_path')
[54.965s] INFO:colcon.colcon_core.shell:Creating environment hook '/home/luna/stage_imitation_learning/ros2_ws/install/create3_lidar_description/share/create3_lidar_description/hook/cmake_prefix_path.ps1'
[54.966s] INFO:colcon.colcon_core.shell:Creating environment descriptor '/home/luna/stage_imitation_learning/ros2_ws/install/create3_lidar_description/share/create3_lidar_description/hook/cmake_prefix_path.dsv'
[54.967s] INFO:colcon.colcon_core.shell:Creating environment hook '/home/luna/stage_imitation_learning/ros2_ws/install/create3_lidar_description/share/create3_lidar_description/hook/cmake_prefix_path.sh'
[54.968s] Level 1:colcon.colcon_core.environment:checking '/home/luna/stage_imitation_learning/ros2_ws/install/create3_lidar_description/bin'
[54.968s] Level 1:colcon.colcon_core.environment:checking '/home/luna/stage_imitation_learning/ros2_ws/install/create3_lidar_description/lib/pkgconfig/create3_lidar_description.pc'
[54.968s] Level 1:colcon.colcon_core.environment:checking '/home/luna/stage_imitation_learning/ros2_ws/install/create3_lidar_description/lib/python3.10/site-packages'
[54.969s] Level 1:colcon.colcon_core.environment:checking '/home/luna/stage_imitation_learning/ros2_ws/install/create3_lidar_description/bin'
[54.969s] INFO:colcon.colcon_core.shell:Creating package script '/home/luna/stage_imitation_learning/ros2_ws/install/create3_lidar_description/share/create3_lidar_description/package.ps1'
[54.970s] INFO:colcon.colcon_core.shell:Creating package descriptor '/home/luna/stage_imitation_learning/ros2_ws/install/create3_lidar_description/share/create3_lidar_description/package.dsv'
[54.971s] INFO:colcon.colcon_core.shell:Creating package script '/home/luna/stage_imitation_learning/ros2_ws/install/create3_lidar_description/share/create3_lidar_description/package.sh'
[54.972s] INFO:colcon.colcon_core.shell:Creating package script '/home/luna/stage_imitation_learning/ros2_ws/install/create3_lidar_description/share/create3_lidar_description/package.bash'
[54.973s] INFO:colcon.colcon_core.shell:Creating package script '/home/luna/stage_imitation_learning/ros2_ws/install/create3_lidar_description/share/create3_lidar_description/package.zsh'
[54.974s] Level 1:colcon.colcon_core.environment:create_file_with_runtime_dependencies(/home/luna/stage_imitation_learning/ros2_ws/install/create3_lidar_description/share/colcon-core/packages/create3_lidar_description)
[54.975s] Level 1:colcon.colcon_core.environment:create_environment_scripts_only(create3_lidar_description)
[54.975s] Level 1:colcon.colcon_core.environment:checking '/home/luna/stage_imitation_learning/ros2_ws/install/create3_lidar_description' for CMake module files
[54.976s] Level 1:colcon.colcon_core.environment:checking '/home/luna/stage_imitation_learning/ros2_ws/install/create3_lidar_description' for CMake config files
[54.976s] Level 1:colcon.colcon_core.shell:create_environment_hook('create3_lidar_description', 'cmake_prefix_path')
[54.976s] INFO:colcon.colcon_core.shell:Creating environment hook '/home/luna/stage_imitation_learning/ros2_ws/install/create3_lidar_description/share/create3_lidar_description/hook/cmake_prefix_path.ps1'
[54.976s] INFO:colcon.colcon_core.shell:Creating environment descriptor '/home/luna/stage_imitation_learning/ros2_ws/install/create3_lidar_description/share/create3_lidar_description/hook/cmake_prefix_path.dsv'
[54.977s] INFO:colcon.colcon_core.shell:Creating environment hook '/home/luna/stage_imitation_learning/ros2_ws/install/create3_lidar_description/share/create3_lidar_description/hook/cmake_prefix_path.sh'
[54.977s] Level 1:colcon.colcon_core.environment:checking '/home/luna/stage_imitation_learning/ros2_ws/install/create3_lidar_description/bin'
[54.977s] Level 1:colcon.colcon_core.environment:checking '/home/luna/stage_imitation_learning/ros2_ws/install/create3_lidar_description/lib/pkgconfig/create3_lidar_description.pc'
[54.978s] Level 1:colcon.colcon_core.environment:checking '/home/luna/stage_imitation_learning/ros2_ws/install/create3_lidar_description/lib/python3.10/site-packages'
[54.978s] Level 1:colcon.colcon_core.environment:checking '/home/luna/stage_imitation_learning/ros2_ws/install/create3_lidar_description/bin'
[54.978s] INFO:colcon.colcon_core.shell:Creating package script '/home/luna/stage_imitation_learning/ros2_ws/install/create3_lidar_description/share/create3_lidar_description/package.ps1'
[54.979s] INFO:colcon.colcon_core.shell:Creating package descriptor '/home/luna/stage_imitation_learning/ros2_ws/install/create3_lidar_description/share/create3_lidar_description/package.dsv'
[54.980s] INFO:colcon.colcon_core.shell:Creating package script '/home/luna/stage_imitation_learning/ros2_ws/install/create3_lidar_description/share/create3_lidar_description/package.sh'
[54.980s] INFO:colcon.colcon_core.shell:Creating package script '/home/luna/stage_imitation_learning/ros2_ws/install/create3_lidar_description/share/create3_lidar_description/package.bash'
[54.980s] INFO:colcon.colcon_core.shell:Creating package script '/home/luna/stage_imitation_learning/ros2_ws/install/create3_lidar_description/share/create3_lidar_description/package.zsh'
[54.981s] Level 1:colcon.colcon_core.environment:create_file_with_runtime_dependencies(/home/luna/stage_imitation_learning/ros2_ws/install/create3_lidar_description/share/colcon-core/packages/create3_lidar_description)
[55.245s] DEBUG:colcon.colcon_core.task.python.build:Available setuptools commands: install_data, build, check, bdist_dumb, register, bdist, build_clib, egg_info, init_catalog, update_catalog, build_scripts, saveopts, clean, alias, upload_docs, rotate, develop, bdist_rpm, build_ext, dist_info, compile_catalog, setopt, install, extract_messages, install_lib, symlink_data, bdist_egg, easy_install, upload, install_egg_info, install_scripts, test, sdist, install_headers, build_py
[55.624s] DEBUG:colcon.colcon_core.task.python.build:Available setuptools 'develop' options: --multi-version, --site-dirs, --find-links, --no-deps, --no-find-links, --install-dir, --user, --optimize, --allow-hosts, --local-snapshots-ok, --script-dir, --index-url, --always-copy, --egg-path, --record, --zip-ok, --verbose, --dry-run, --no-user-cfg, --help, --version, --uninstall, --install-layout, --force-installation-into-system-dir, --editable, --exclude-scripts, --always-unzip, --quiet, --build-directory, --prefix, --upgrade
[55.627s] DEBUG:colcon.colcon_core.event_handler.log_command:Invoking command in '/home/luna/stage_imitation_learning/ros2_ws/build/create3_il': PYTHONPATH=/home/luna/stage_imitation_learning/ros2_ws/build/create3_il/prefix_override:/usr/lib/python3/dist-packages/colcon_core/task/python/colcon_distutils_commands:/home/luna/stage_imitation_learning/ros2_ws/install/create3_il/lib/python3.10/site-packages:${PYTHONPATH} /usr/bin/python3 -W ignore:setup.py install is deprecated -W ignore:easy_install command is deprecated setup.py develop --editable --build-directory /home/luna/stage_imitation_learning/ros2_ws/build/create3_il/build --no-deps symlink_data
[56.171s] Level 1:colcon.colcon_core.shell:create_environment_hook('create3_il', 'pythonpath_develop')
[56.171s] DEBUG:colcon.colcon_core.event_handler.log_command:Invoked command in '/home/luna/stage_imitation_learning/ros2_ws/build/create3_il' returned '0': PYTHONPATH=/home/luna/stage_imitation_learning/ros2_ws/build/create3_il/prefix_override:/usr/lib/python3/dist-packages/colcon_core/task/python/colcon_distutils_commands:/home/luna/stage_imitation_learning/ros2_ws/install/create3_il/lib/python3.10/site-packages:${PYTHONPATH} /usr/bin/python3 -W ignore:setup.py install is deprecated -W ignore:easy_install command is deprecated setup.py develop --editable --build-directory /home/luna/stage_imitation_learning/ros2_ws/build/create3_il/build --no-deps symlink_data
[56.172s] INFO:colcon.colcon_core.shell:Creating environment hook '/home/luna/stage_imitation_learning/ros2_ws/build/create3_il/share/create3_il/hook/pythonpath_develop.ps1'
[56.173s] INFO:colcon.colcon_core.shell:Creating environment descriptor '/home/luna/stage_imitation_learning/ros2_ws/build/create3_il/share/create3_il/hook/pythonpath_develop.dsv'
[56.173s] INFO:colcon.colcon_core.shell:Creating environment hook '/home/luna/stage_imitation_learning/ros2_ws/build/create3_il/share/create3_il/hook/pythonpath_develop.sh'
[56.174s] Level 1:colcon.colcon_core.environment:checking '/home/luna/stage_imitation_learning/ros2_ws/install/create3_il' for CMake module files
[56.175s] Level 1:colcon.colcon_core.environment:checking '/home/luna/stage_imitation_learning/ros2_ws/install/create3_il' for CMake config files
[56.175s] Level 1:colcon.colcon_core.environment:checking '/home/luna/stage_imitation_learning/ros2_ws/install/create3_il/lib'
[56.176s] Level 1:colcon.colcon_core.environment:checking '/home/luna/stage_imitation_learning/ros2_ws/install/create3_il/bin'
[56.176s] Level 1:colcon.colcon_core.environment:checking '/home/luna/stage_imitation_learning/ros2_ws/install/create3_il/lib/pkgconfig/create3_il.pc'
[56.176s] Level 1:colcon.colcon_core.environment:checking '/home/luna/stage_imitation_learning/ros2_ws/install/create3_il/lib/python3.10/site-packages'
[56.176s] Level 1:colcon.colcon_core.shell:create_environment_hook('create3_il', 'pythonpath')
[56.176s] INFO:colcon.colcon_core.shell:Creating environment hook '/home/luna/stage_imitation_learning/ros2_ws/install/create3_il/share/create3_il/hook/pythonpath.ps1'
[56.177s] INFO:colcon.colcon_core.shell:Creating environment descriptor '/home/luna/stage_imitation_learning/ros2_ws/install/create3_il/share/create3_il/hook/pythonpath.dsv'
[56.177s] INFO:colcon.colcon_core.shell:Creating environment hook '/home/luna/stage_imitation_learning/ros2_ws/install/create3_il/share/create3_il/hook/pythonpath.sh'
[56.178s] Level 1:colcon.colcon_core.environment:checking '/home/luna/stage_imitation_learning/ros2_ws/install/create3_il/bin'
[56.178s] Level 1:colcon.colcon_core.environment:create_environment_scripts_only(create3_il)
[56.179s] INFO:colcon.colcon_core.shell:Creating package script '/home/luna/stage_imitation_learning/ros2_ws/install/create3_il/share/create3_il/package.ps1'
[56.180s] INFO:colcon.colcon_core.shell:Creating package descriptor '/home/luna/stage_imitation_learning/ros2_ws/install/create3_il/share/create3_il/package.dsv'
[56.181s] INFO:colcon.colcon_core.shell:Creating package script '/home/luna/stage_imitation_learning/ros2_ws/install/create3_il/share/create3_il/package.sh'
[56.181s] INFO:colcon.colcon_core.shell:Creating package script '/home/luna/stage_imitation_learning/ros2_ws/install/create3_il/share/create3_il/package.bash'
[56.183s] INFO:colcon.colcon_core.shell:Creating package script '/home/luna/stage_imitation_learning/ros2_ws/install/create3_il/share/create3_il/package.zsh'
[56.184s] Level 1:colcon.colcon_core.environment:create_file_with_runtime_dependencies(/home/luna/stage_imitation_learning/ros2_ws/install/create3_il/share/colcon-core/packages/create3_il)
[56.185s] DEBUG:colcon.colcon_parallel_executor.executor.parallel:closing loop
[56.187s] DEBUG:colcon.colcon_parallel_executor.executor.parallel:loop closed
[56.187s] DEBUG:colcon.colcon_parallel_executor.executor.parallel:run_until_complete finished with '0'
[56.187s] DEBUG:colcon.colcon_core.event_reactor:joining thread
[87.732s] INFO:colcon.colcon_core.plugin_system:Skipping extension 'colcon_notification.desktop_notification.notify_send': Could not find 'notify-send'
[87.733s] INFO:colcon.colcon_core.plugin_system:Skipping extension 'colcon_notification.desktop_notification.terminal_notifier': Not used on non-Darwin systems
[87.733s] INFO:colcon.colcon_core.plugin_system:Skipping extension 'colcon_notification.desktop_notification.win32': Not used on non-Windows systems
[87.733s] INFO:colcon.colcon_notification.desktop_notification:Sending desktop notification using 'notify2'
[87.733s] DEBUG:colcon.colcon_notification.desktop_notification.notify2:Failed to initialize notify2: org.freedesktop.DBus.Error.FileNotFound: Failed to connect to socket /run/user/1000/bus: No such file or directory
[87.734s] DEBUG:colcon.colcon_core.event_reactor:joined thread
[87.735s] INFO:colcon.colcon_core.shell:Creating prefix script '/home/luna/stage_imitation_learning/ros2_ws/install/local_setup.ps1'
[87.738s] INFO:colcon.colcon_core.shell:Creating prefix util module '/home/luna/stage_imitation_learning/ros2_ws/install/_local_setup_util_ps1.py'
[87.741s] INFO:colcon.colcon_core.shell:Creating prefix chain script '/home/luna/stage_imitation_learning/ros2_ws/install/setup.ps1'
[87.744s] INFO:colcon.colcon_core.shell:Creating prefix script '/home/luna/stage_imitation_learning/ros2_ws/install/local_setup.sh'
[87.745s] INFO:colcon.colcon_core.shell:Creating prefix util module '/home/luna/stage_imitation_learning/ros2_ws/install/_local_setup_util_sh.py'
[87.748s] INFO:colcon.colcon_core.shell:Creating prefix chain script '/home/luna/stage_imitation_learning/ros2_ws/install/setup.sh'
[87.750s] INFO:colcon.colcon_core.shell:Creating prefix script '/home/luna/stage_imitation_learning/ros2_ws/install/local_setup.bash'
[87.751s] INFO:colcon.colcon_core.shell:Creating prefix chain script '/home/luna/stage_imitation_learning/ros2_ws/install/setup.bash'
[87.754s] INFO:colcon.colcon_core.shell:Creating prefix script '/home/luna/stage_imitation_learning/ros2_ws/install/local_setup.zsh'
[87.755s] INFO:colcon.colcon_core.shell:Creating prefix chain script '/home/luna/stage_imitation_learning/ros2_ws/install/setup.zsh'
