[15.386s] DEBUG:colcon:Command line arguments: ['/usr/bin/colcon', 'build', '--symlink-install', '--packages-select', 'create3_lidar_description']
[15.387s] DEBUG:colcon:Parsed command line arguments: Namespace(log_base=None, log_level=None, verb_name='build', build_base='build', install_base='install', merge_install=False, symlink_install=True, test_result_base=None, continue_on_error=False, executor='parallel', parallel_workers=16, event_handlers=None, ignore_user_meta=False, metas=['./colcon.meta'], base_paths=['.'], packages_ignore=None, packages_ignore_regex=None, paths=None, packages_up_to=None, packages_up_to_regex=None, packages_above=None, packages_above_and_dependencies=None, packages_above_depth=None, packages_select_by_dep=None, packages_skip_by_dep=None, packages_skip_up_to=None, packages_select_build_failed=False, packages_skip_build_finished=False, packages_select_test_failures=False, packages_skip_test_passed=False, packages_select=['create3_lidar_description'], packages_skip=None, packages_select_regex=None, packages_skip_regex=None, packages_start=None, packages_end=None, allow_overriding=[], cmake_args=None, cmake_target=None, cmake_target_skip_unavailable=False, cmake_clean_cache=False, cmake_clean_first=False, cmake_force_configure=False, ament_cmake_args=None, catkin_cmake_args=None, catkin_skip_building_tests=False, mixin_files=None, mixin=None, verb_parser=<colcon_mixin.mixin.mixin_argument.MixinArgumentDecorator object at 0x75b781349600>, verb_extension=<colcon_core.verb.build.BuildVerb object at 0x75b781349090>, main=<bound method BuildVerb.main of <colcon_core.verb.build.BuildVerb object at 0x75b781349090>>, mixin_verb=('build',))
[15.810s] Level 1:colcon.colcon_core.package_discovery:discover_packages(colcon_meta) check parameters
[15.811s] Level 1:colcon.colcon_core.package_discovery:discover_packages(recursive) check parameters
[15.811s] Level 1:colcon.colcon_core.package_discovery:discover_packages(ignore) check parameters
[15.811s] Level 1:colcon.colcon_core.package_discovery:discover_packages(path) check parameters
[15.811s] Level 1:colcon.colcon_core.package_discovery:discover_packages(colcon_meta) discover
[15.811s] Level 1:colcon.colcon_core.package_discovery:discover_packages(recursive) discover
[15.811s] INFO:colcon.colcon_core.package_discovery:Crawling recursively for packages in '/home/luna/stage_imitation_learning/ros2_ws'
[15.811s] Level 1:colcon.colcon_core.package_identification:_identify(.) by extensions ['ignore', 'ignore_ament_install']
[15.811s] Level 1:colcon.colcon_core.package_identification:_identify(.) by extension 'ignore'
[15.812s] Level 1:colcon.colcon_core.package_identification:_identify(.) by extension 'ignore_ament_install'
[15.812s] Level 1:colcon.colcon_core.package_identification:_identify(.) by extensions ['colcon_pkg']
[15.812s] Level 1:colcon.colcon_core.package_identification:_identify(.) by extension 'colcon_pkg'
[15.812s] Level 1:colcon.colcon_core.package_identification:_identify(.) by extensions ['colcon_meta']
[15.812s] Level 1:colcon.colcon_core.package_identification:_identify(.) by extension 'colcon_meta'
[15.812s] Level 1:colcon.colcon_core.package_identification:_identify(.) by extensions ['ros']
[15.812s] Level 1:colcon.colcon_core.package_identification:_identify(.) by extension 'ros'
[15.843s] Level 1:colcon.colcon_core.package_identification:_identify(.) by extensions ['cmake', 'python']
[15.843s] Level 1:colcon.colcon_core.package_identification:_identify(.) by extension 'cmake'
[15.843s] Level 1:colcon.colcon_core.package_identification:_identify(.) by extension 'python'
[15.843s] Level 1:colcon.colcon_core.package_identification:_identify(.) by extensions ['python_setup_py']
[15.843s] Level 1:colcon.colcon_core.package_identification:_identify(.) by extension 'python_setup_py'
[15.844s] Level 1:colcon.colcon_core.package_identification:_identify(build) by extensions ['ignore', 'ignore_ament_install']
[15.844s] Level 1:colcon.colcon_core.package_identification:_identify(build) by extension 'ignore'
[15.844s] Level 1:colcon.colcon_core.package_identification:_identify(build) ignored
[15.844s] Level 1:colcon.colcon_core.package_identification:_identify(install) by extensions ['ignore', 'ignore_ament_install']
[15.845s] Level 1:colcon.colcon_core.package_identification:_identify(install) by extension 'ignore'
[15.845s] Level 1:colcon.colcon_core.package_identification:_identify(install) ignored
[15.845s] Level 1:colcon.colcon_core.package_identification:_identify(log) by extensions ['ignore', 'ignore_ament_install']
[15.845s] Level 1:colcon.colcon_core.package_identification:_identify(log) by extension 'ignore'
[15.845s] Level 1:colcon.colcon_core.package_identification:_identify(log) ignored
[15.845s] Level 1:colcon.colcon_core.package_identification:_identify(src) by extensions ['ignore', 'ignore_ament_install']
[15.845s] Level 1:colcon.colcon_core.package_identification:_identify(src) by extension 'ignore'
[15.845s] Level 1:colcon.colcon_core.package_identification:_identify(src) by extension 'ignore_ament_install'
[15.846s] Level 1:colcon.colcon_core.package_identification:_identify(src) by extensions ['colcon_pkg']
[15.846s] Level 1:colcon.colcon_core.package_identification:_identify(src) by extension 'colcon_pkg'
[15.846s] Level 1:colcon.colcon_core.package_identification:_identify(src) by extensions ['colcon_meta']
[15.846s] Level 1:colcon.colcon_core.package_identification:_identify(src) by extension 'colcon_meta'
[15.846s] Level 1:colcon.colcon_core.package_identification:_identify(src) by extensions ['ros']
[15.846s] Level 1:colcon.colcon_core.package_identification:_identify(src) by extension 'ros'
[15.846s] Level 1:colcon.colcon_core.package_identification:_identify(src) by extensions ['cmake', 'python']
[15.846s] Level 1:colcon.colcon_core.package_identification:_identify(src) by extension 'cmake'
[15.846s] Level 1:colcon.colcon_core.package_identification:_identify(src) by extension 'python'
[15.846s] Level 1:colcon.colcon_core.package_identification:_identify(src) by extensions ['python_setup_py']
[15.846s] Level 1:colcon.colcon_core.package_identification:_identify(src) by extension 'python_setup_py'
[15.846s] Level 1:colcon.colcon_core.package_identification:_identify(src/create3_lidar_description) by extensions ['ignore', 'ignore_ament_install']
[15.847s] Level 1:colcon.colcon_core.package_identification:_identify(src/create3_lidar_description) by extension 'ignore'
[15.847s] Level 1:colcon.colcon_core.package_identification:_identify(src/create3_lidar_description) by extension 'ignore_ament_install'
[15.847s] Level 1:colcon.colcon_core.package_identification:_identify(src/create3_lidar_description) by extensions ['colcon_pkg']
[15.847s] Level 1:colcon.colcon_core.package_identification:_identify(src/create3_lidar_description) by extension 'colcon_pkg'
[15.847s] Level 1:colcon.colcon_core.package_identification:_identify(src/create3_lidar_description) by extensions ['colcon_meta']
[15.847s] Level 1:colcon.colcon_core.package_identification:_identify(src/create3_lidar_description) by extension 'colcon_meta'
[15.847s] Level 1:colcon.colcon_core.package_identification:_identify(src/create3_lidar_description) by extensions ['ros']
[15.847s] Level 1:colcon.colcon_core.package_identification:_identify(src/create3_lidar_description) by extension 'ros'
[15.854s] DEBUG:colcon.colcon_core.package_identification:Package 'src/create3_lidar_description' with type 'ros.ament_cmake' and name 'create3_lidar_description'
[15.854s] Level 1:colcon.colcon_core.package_discovery:discover_packages(recursive) using defaults
[15.855s] Level 1:colcon.colcon_core.package_discovery:discover_packages(ignore) discover
[15.855s] Level 1:colcon.colcon_core.package_discovery:discover_packages(ignore) using defaults
[15.855s] Level 1:colcon.colcon_core.package_discovery:discover_packages(path) discover
[15.855s] Level 1:colcon.colcon_core.package_discovery:discover_packages(path) using defaults
[15.950s] Level 1:colcon.colcon_core.package_discovery:discover_packages(prefix_path) check parameters
[15.951s] Level 1:colcon.colcon_core.package_discovery:discover_packages(prefix_path) discover
[15.953s] WARNING:colcon.colcon_core.prefix_path.colcon:The path '/home/luna/ros2_ws/install' in the environment variable COLCON_PREFIX_PATH doesn't exist
[15.953s] WARNING:colcon.colcon_ros.prefix_path.ament:The path '/home/luna/ros2_ws/install/create3_lidar_description' in the environment variable AMENT_PREFIX_PATH doesn't exist
[15.953s] WARNING:colcon.colcon_ros.prefix_path.catkin:The path '/home/luna/ros2_ws/install/create3_lidar_description' in the environment variable CMAKE_PREFIX_PATH doesn't exist
[15.955s] DEBUG:colcon.colcon_installed_package_information.package_discovery:Found 1 installed packages in /home/luna/stage_imitation_learning/ros2_ws/install
[15.957s] DEBUG:colcon.colcon_installed_package_information.package_discovery:Found 329 installed packages in /opt/ros/humble
[15.962s] Level 1:colcon.colcon_core.package_discovery:discover_packages(prefix_path) using defaults
[16.076s] Level 5:colcon.colcon_core.verb:set package 'create3_lidar_description' build argument 'cmake_args' from command line to 'None'
[16.076s] Level 5:colcon.colcon_core.verb:set package 'create3_lidar_description' build argument 'cmake_target' from command line to 'None'
[16.076s] Level 5:colcon.colcon_core.verb:set package 'create3_lidar_description' build argument 'cmake_target_skip_unavailable' from command line to 'False'
[16.076s] Level 5:colcon.colcon_core.verb:set package 'create3_lidar_description' build argument 'cmake_clean_cache' from command line to 'False'
[16.076s] Level 5:colcon.colcon_core.verb:set package 'create3_lidar_description' build argument 'cmake_clean_first' from command line to 'False'
[16.076s] Level 5:colcon.colcon_core.verb:set package 'create3_lidar_description' build argument 'cmake_force_configure' from command line to 'False'
[16.076s] Level 5:colcon.colcon_core.verb:set package 'create3_lidar_description' build argument 'ament_cmake_args' from command line to 'None'
[16.076s] Level 5:colcon.colcon_core.verb:set package 'create3_lidar_description' build argument 'catkin_cmake_args' from command line to 'None'
[16.076s] Level 5:colcon.colcon_core.verb:set package 'create3_lidar_description' build argument 'catkin_skip_building_tests' from command line to 'False'
[16.076s] DEBUG:colcon.colcon_core.verb:Building package 'create3_lidar_description' with the following arguments: {'ament_cmake_args': None, 'build_base': '/home/luna/stage_imitation_learning/ros2_ws/build/create3_lidar_description', 'catkin_cmake_args': None, 'catkin_skip_building_tests': False, 'cmake_args': None, 'cmake_clean_cache': False, 'cmake_clean_first': False, 'cmake_force_configure': False, 'cmake_target': None, 'cmake_target_skip_unavailable': False, 'install_base': '/home/luna/stage_imitation_learning/ros2_ws/install/create3_lidar_description', 'merge_install': False, 'path': '/home/luna/stage_imitation_learning/ros2_ws/src/create3_lidar_description', 'symlink_install': True, 'test_result_base': None}
[16.076s] INFO:colcon.colcon_core.executor:Executing jobs using 'parallel' executor
[16.080s] DEBUG:colcon.colcon_parallel_executor.executor.parallel:run_until_complete
[16.080s] INFO:colcon.colcon_ros.task.ament_cmake.build:Building ROS package in '/home/luna/stage_imitation_learning/ros2_ws/src/create3_lidar_description' with build type 'ament_cmake'
[16.081s] INFO:colcon.colcon_cmake.task.cmake.build:Building CMake package in '/home/luna/stage_imitation_learning/ros2_ws/src/create3_lidar_description'
[16.086s] INFO:colcon.colcon_core.plugin_system:Skipping extension 'colcon_core.shell.bat': Not used on non-Windows systems
[16.087s] INFO:colcon.colcon_core.shell:Skip shell extension 'powershell' for command environment: Not usable outside of PowerShell
[16.087s] DEBUG:colcon.colcon_core.shell:Skip shell extension 'dsv' for command environment
[16.130s] DEBUG:colcon.colcon_core.event_handler.log_command:Invoking command in '/home/luna/stage_imitation_learning/ros2_ws/build/create3_lidar_description': CMAKE_PREFIX_PATH=${CMAKE_PREFIX_PATH}:/opt/ros/humble /usr/bin/cmake --build /home/luna/stage_imitation_learning/ros2_ws/build/create3_lidar_description -- -j16 -l16
[16.224s] DEBUG:colcon.colcon_core.event_handler.log_command:Invoked command in '/home/luna/stage_imitation_learning/ros2_ws/build/create3_lidar_description' returned '0': CMAKE_PREFIX_PATH=${CMAKE_PREFIX_PATH}:/opt/ros/humble /usr/bin/cmake --build /home/luna/stage_imitation_learning/ros2_ws/build/create3_lidar_description -- -j16 -l16
[16.252s] DEBUG:colcon.colcon_core.event_handler.log_command:Invoking command in '/home/luna/stage_imitation_learning/ros2_ws/build/create3_lidar_description': CMAKE_PREFIX_PATH=${CMAKE_PREFIX_PATH}:/opt/ros/humble /usr/bin/cmake --install /home/luna/stage_imitation_learning/ros2_ws/build/create3_lidar_description
[16.306s] Level 1:colcon.colcon_core.environment:create_environment_scripts_only(create3_lidar_description)
[16.308s] DEBUG:colcon.colcon_core.event_handler.log_command:Invoked command in '/home/luna/stage_imitation_learning/ros2_ws/build/create3_lidar_description' returned '0': CMAKE_PREFIX_PATH=${CMAKE_PREFIX_PATH}:/opt/ros/humble /usr/bin/cmake --install /home/luna/stage_imitation_learning/ros2_ws/build/create3_lidar_description
[16.313s] Level 1:colcon.colcon_core.environment:checking '/home/luna/stage_imitation_learning/ros2_ws/install/create3_lidar_description' for CMake module files
[16.315s] Level 1:colcon.colcon_core.environment:checking '/home/luna/stage_imitation_learning/ros2_ws/install/create3_lidar_description' for CMake config files
[16.328s] Level 1:colcon.colcon_core.shell:create_environment_hook('create3_lidar_description', 'cmake_prefix_path')
[16.329s] INFO:colcon.colcon_core.shell:Creating environment hook '/home/luna/stage_imitation_learning/ros2_ws/install/create3_lidar_description/share/create3_lidar_description/hook/cmake_prefix_path.ps1'
[16.331s] INFO:colcon.colcon_core.shell:Creating environment descriptor '/home/luna/stage_imitation_learning/ros2_ws/install/create3_lidar_description/share/create3_lidar_description/hook/cmake_prefix_path.dsv'
[16.332s] INFO:colcon.colcon_core.shell:Creating environment hook '/home/luna/stage_imitation_learning/ros2_ws/install/create3_lidar_description/share/create3_lidar_description/hook/cmake_prefix_path.sh'
[16.335s] Level 1:colcon.colcon_core.environment:checking '/home/luna/stage_imitation_learning/ros2_ws/install/create3_lidar_description/bin'
[16.335s] Level 1:colcon.colcon_core.environment:checking '/home/luna/stage_imitation_learning/ros2_ws/install/create3_lidar_description/lib/pkgconfig/create3_lidar_description.pc'
[16.335s] Level 1:colcon.colcon_core.environment:checking '/home/luna/stage_imitation_learning/ros2_ws/install/create3_lidar_description/lib/python3.10/site-packages'
[16.336s] Level 1:colcon.colcon_core.environment:checking '/home/luna/stage_imitation_learning/ros2_ws/install/create3_lidar_description/bin'
[16.337s] INFO:colcon.colcon_core.shell:Creating package script '/home/luna/stage_imitation_learning/ros2_ws/install/create3_lidar_description/share/create3_lidar_description/package.ps1'
[16.340s] INFO:colcon.colcon_core.shell:Creating package descriptor '/home/luna/stage_imitation_learning/ros2_ws/install/create3_lidar_description/share/create3_lidar_description/package.dsv'
[16.342s] INFO:colcon.colcon_core.shell:Creating package script '/home/luna/stage_imitation_learning/ros2_ws/install/create3_lidar_description/share/create3_lidar_description/package.sh'
[16.344s] INFO:colcon.colcon_core.shell:Creating package script '/home/luna/stage_imitation_learning/ros2_ws/install/create3_lidar_description/share/create3_lidar_description/package.bash'
[16.345s] INFO:colcon.colcon_core.shell:Creating package script '/home/luna/stage_imitation_learning/ros2_ws/install/create3_lidar_description/share/create3_lidar_description/package.zsh'
[16.347s] Level 1:colcon.colcon_core.environment:create_file_with_runtime_dependencies(/home/luna/stage_imitation_learning/ros2_ws/install/create3_lidar_description/share/colcon-core/packages/create3_lidar_description)
[16.348s] Level 1:colcon.colcon_core.environment:create_environment_scripts_only(create3_lidar_description)
[16.348s] Level 1:colcon.colcon_core.environment:checking '/home/luna/stage_imitation_learning/ros2_ws/install/create3_lidar_description' for CMake module files
[16.349s] Level 1:colcon.colcon_core.environment:checking '/home/luna/stage_imitation_learning/ros2_ws/install/create3_lidar_description' for CMake config files
[16.350s] Level 1:colcon.colcon_core.shell:create_environment_hook('create3_lidar_description', 'cmake_prefix_path')
[16.350s] INFO:colcon.colcon_core.shell:Creating environment hook '/home/luna/stage_imitation_learning/ros2_ws/install/create3_lidar_description/share/create3_lidar_description/hook/cmake_prefix_path.ps1'
[16.351s] INFO:colcon.colcon_core.shell:Creating environment descriptor '/home/luna/stage_imitation_learning/ros2_ws/install/create3_lidar_description/share/create3_lidar_description/hook/cmake_prefix_path.dsv'
[16.352s] INFO:colcon.colcon_core.shell:Creating environment hook '/home/luna/stage_imitation_learning/ros2_ws/install/create3_lidar_description/share/create3_lidar_description/hook/cmake_prefix_path.sh'
[16.353s] Level 1:colcon.colcon_core.environment:checking '/home/luna/stage_imitation_learning/ros2_ws/install/create3_lidar_description/bin'
[16.354s] Level 1:colcon.colcon_core.environment:checking '/home/luna/stage_imitation_learning/ros2_ws/install/create3_lidar_description/lib/pkgconfig/create3_lidar_description.pc'
[16.354s] Level 1:colcon.colcon_core.environment:checking '/home/luna/stage_imitation_learning/ros2_ws/install/create3_lidar_description/lib/python3.10/site-packages'
[16.356s] Level 1:colcon.colcon_core.environment:checking '/home/luna/stage_imitation_learning/ros2_ws/install/create3_lidar_description/bin'
[16.357s] INFO:colcon.colcon_core.shell:Creating package script '/home/luna/stage_imitation_learning/ros2_ws/install/create3_lidar_description/share/create3_lidar_description/package.ps1'
[16.359s] INFO:colcon.colcon_core.shell:Creating package descriptor '/home/luna/stage_imitation_learning/ros2_ws/install/create3_lidar_description/share/create3_lidar_description/package.dsv'
[16.360s] INFO:colcon.colcon_core.shell:Creating package script '/home/luna/stage_imitation_learning/ros2_ws/install/create3_lidar_description/share/create3_lidar_description/package.sh'
[16.362s] INFO:colcon.colcon_core.shell:Creating package script '/home/luna/stage_imitation_learning/ros2_ws/install/create3_lidar_description/share/create3_lidar_description/package.bash'
[16.364s] INFO:colcon.colcon_core.shell:Creating package script '/home/luna/stage_imitation_learning/ros2_ws/install/create3_lidar_description/share/create3_lidar_description/package.zsh'
[16.364s] Level 1:colcon.colcon_core.environment:create_file_with_runtime_dependencies(/home/luna/stage_imitation_learning/ros2_ws/install/create3_lidar_description/share/colcon-core/packages/create3_lidar_description)
[16.365s] DEBUG:colcon.colcon_parallel_executor.executor.parallel:closing loop
[16.367s] DEBUG:colcon.colcon_parallel_executor.executor.parallel:loop closed
[16.367s] DEBUG:colcon.colcon_parallel_executor.executor.parallel:run_until_complete finished with '0'
[16.367s] DEBUG:colcon.colcon_core.event_reactor:joining thread
[26.732s] INFO:colcon.colcon_core.plugin_system:Skipping extension 'colcon_notification.desktop_notification.notify_send': Could not find 'notify-send'
[26.732s] INFO:colcon.colcon_core.plugin_system:Skipping extension 'colcon_notification.desktop_notification.terminal_notifier': Not used on non-Darwin systems
[26.732s] INFO:colcon.colcon_core.plugin_system:Skipping extension 'colcon_notification.desktop_notification.win32': Not used on non-Windows systems
[26.733s] INFO:colcon.colcon_notification.desktop_notification:Sending desktop notification using 'notify2'
[26.733s] DEBUG:colcon.colcon_notification.desktop_notification.notify2:Failed to initialize notify2: org.freedesktop.DBus.Error.FileNotFound: Failed to connect to socket /run/user/1000/bus: No such file or directory
[26.733s] DEBUG:colcon.colcon_core.event_reactor:joined thread
[26.734s] INFO:colcon.colcon_core.shell:Creating prefix script '/home/luna/stage_imitation_learning/ros2_ws/install/local_setup.ps1'
[26.736s] INFO:colcon.colcon_core.shell:Creating prefix util module '/home/luna/stage_imitation_learning/ros2_ws/install/_local_setup_util_ps1.py'
[26.738s] INFO:colcon.colcon_core.shell:Creating prefix chain script '/home/luna/stage_imitation_learning/ros2_ws/install/setup.ps1'
[26.741s] INFO:colcon.colcon_core.shell:Creating prefix script '/home/luna/stage_imitation_learning/ros2_ws/install/local_setup.sh'
[26.743s] INFO:colcon.colcon_core.shell:Creating prefix util module '/home/luna/stage_imitation_learning/ros2_ws/install/_local_setup_util_sh.py'
[26.744s] INFO:colcon.colcon_core.shell:Creating prefix chain script '/home/luna/stage_imitation_learning/ros2_ws/install/setup.sh'
[26.745s] INFO:colcon.colcon_core.shell:Creating prefix script '/home/luna/stage_imitation_learning/ros2_ws/install/local_setup.bash'
[26.747s] INFO:colcon.colcon_core.shell:Creating prefix chain script '/home/luna/stage_imitation_learning/ros2_ws/install/setup.bash'
[26.749s] INFO:colcon.colcon_core.shell:Creating prefix script '/home/luna/stage_imitation_learning/ros2_ws/install/local_setup.zsh'
[26.751s] INFO:colcon.colcon_core.shell:Creating prefix chain script '/home/luna/stage_imitation_learning/ros2_ws/install/setup.zsh'
