[0.018s] Invoking command in '/home/luna/stage_imitation_learning/ros2_ws/build/create3_lidar_description': CMAKE_PREFIX_PATH=/opt/ros/humble /usr/bin/cmake --build /home/luna/stage_imitation_learning/ros2_ws/build/create3_lidar_description -- -j16 -l16
[0.064s] Invoked command in '/home/luna/stage_imitation_learning/ros2_ws/build/create3_lidar_description' returned '0': CMAKE_PREFIX_PATH=/opt/ros/humble /usr/bin/cmake --build /home/luna/stage_imitation_learning/ros2_ws/build/create3_lidar_description -- -j16 -l16
[0.078s] Invoking command in '/home/luna/stage_imitation_learning/ros2_ws/build/create3_lidar_description': CMAKE_PREFIX_PATH=/opt/ros/humble /usr/bin/cmake --install /home/luna/stage_imitation_learning/ros2_ws/build/create3_lidar_description
[0.087s] -- Install configuration: ""
[0.087s] -- Execute custom install script
[0.088s] -- Up-to-date symlink: /home/luna/stage_imitation_learning/ros2_ws/install/create3_lidar_description/share/create3_lidar_description/urdf/create3_with_lidar.urdf.xacro
[0.088s] -- Up-to-date symlink: /home/luna/stage_imitation_learning/ros2_ws/install/create3_lidar_description/share/create3_lidar_description/launch/create3_lidar_full.launch.py
[0.089s] -- Up-to-date symlink: /home/luna/stage_imitation_learning/ros2_ws/install/create3_lidar_description/share/create3_lidar_description/launch/create3_lidar_gazebo.launch.py
[0.089s] -- Up-to-date symlink: /home/luna/stage_imitation_learning/ros2_ws/install/create3_lidar_description/share/create3_lidar_description/launch/create3_lidar_spawn.launch.py
[0.089s] -- Up-to-date symlink: /home/luna/stage_imitation_learning/ros2_ws/install/create3_lidar_description/share/create3_lidar_description/launch/robot_description_lidar.launch.py
[0.089s] -- Up-to-date symlink: /home/luna/stage_imitation_learning/ros2_ws/install/create3_lidar_description/share/create3_lidar_description/worlds/obstacles.world
[0.090s] -- Up-to-date symlink: /home/luna/stage_imitation_learning/ros2_ws/install/create3_lidar_description/share/ament_index/resource_index/package_run_dependencies/create3_lidar_description
[0.090s] -- Up-to-date symlink: /home/luna/stage_imitation_learning/ros2_ws/install/create3_lidar_description/share/ament_index/resource_index/parent_prefix_path/create3_lidar_description
[0.090s] -- Up-to-date symlink: /home/luna/stage_imitation_learning/ros2_ws/install/create3_lidar_description/share/create3_lidar_description/environment/ament_prefix_path.sh
[0.090s] -- Up-to-date symlink: /home/luna/stage_imitation_learning/ros2_ws/install/create3_lidar_description/share/create3_lidar_description/environment/ament_prefix_path.dsv
[0.090s] -- Up-to-date symlink: /home/luna/stage_imitation_learning/ros2_ws/install/create3_lidar_description/share/create3_lidar_description/environment/path.sh
[0.091s] -- Up-to-date symlink: /home/luna/stage_imitation_learning/ros2_ws/install/create3_lidar_description/share/create3_lidar_description/environment/path.dsv
[0.091s] -- Up-to-date symlink: /home/luna/stage_imitation_learning/ros2_ws/install/create3_lidar_description/share/create3_lidar_description/local_setup.bash
[0.091s] -- Up-to-date symlink: /home/luna/stage_imitation_learning/ros2_ws/install/create3_lidar_description/share/create3_lidar_description/local_setup.sh
[0.091s] -- Up-to-date symlink: /home/luna/stage_imitation_learning/ros2_ws/install/create3_lidar_description/share/create3_lidar_description/local_setup.zsh
[0.092s] -- Up-to-date symlink: /home/luna/stage_imitation_learning/ros2_ws/install/create3_lidar_description/share/create3_lidar_description/local_setup.dsv
[0.092s] -- Symlinking: /home/luna/stage_imitation_learning/ros2_ws/install/create3_lidar_description/share/create3_lidar_description/package.dsv
[0.103s] -- Up-to-date symlink: /home/luna/stage_imitation_learning/ros2_ws/install/create3_lidar_description/share/ament_index/resource_index/packages/create3_lidar_description
[0.104s] -- Up-to-date symlink: /home/luna/stage_imitation_learning/ros2_ws/install/create3_lidar_description/share/create3_lidar_description/cmake/create3_lidar_descriptionConfig.cmake
[0.104s] -- Up-to-date symlink: /home/luna/stage_imitation_learning/ros2_ws/install/create3_lidar_description/share/create3_lidar_description/cmake/create3_lidar_descriptionConfig-version.cmake
[0.104s] -- Up-to-date symlink: /home/luna/stage_imitation_learning/ros2_ws/install/create3_lidar_description/share/create3_lidar_description/package.xml
[0.107s] Invoked command in '/home/luna/stage_imitation_learning/ros2_ws/build/create3_lidar_description' returned '0': CMAKE_PREFIX_PATH=/opt/ros/humble /usr/bin/cmake --install /home/luna/stage_imitation_learning/ros2_ws/build/create3_lidar_description
