[9.586s] Invoking command in '/home/luna/stage_imitation_learning/ros2_ws/build/create3_il': PYTHONPATH=/home/luna/stage_imitation_learning/ros2_ws/build/create3_il/prefix_override:/usr/lib/python3/dist-packages/colcon_core/task/python/colcon_distutils_commands:/home/luna/stage_imitation_learning/ros2_ws/install/create3_il/lib/python3.10/site-packages:${PYTHONPATH} /usr/bin/python3 -W ignore:setup.py install is deprecated -W ignore:easy_install command is deprecated setup.py develop --uninstall --editable --build-directory /home/luna/stage_imitation_learning/ros2_ws/build/create3_il/build
[11.307s] running develop
[12.437s] Removing /home/luna/stage_imitation_learning/ros2_ws/install/create3_il/lib/python3.10/site-packages/create3-il.egg-link (link to .)
[12.613s] Invoked command in '/home/luna/stage_imitation_learning/ros2_ws/build/create3_il' returned '0': PYTHONPATH=/home/luna/stage_imitation_learning/ros2_ws/build/create3_il/prefix_override:/usr/lib/python3/dist-packages/colcon_core/task/python/colcon_distutils_commands:/home/luna/stage_imitation_learning/ros2_ws/install/create3_il/lib/python3.10/site-packages:${PYTHONPATH} /usr/bin/python3 -W ignore:setup.py install is deprecated -W ignore:easy_install command is deprecated setup.py develop --uninstall --editable --build-directory /home/luna/stage_imitation_learning/ros2_ws/build/create3_il/build
[12.622s] Invoking command in '/home/luna/stage_imitation_learning/ros2_ws/src/create3_il': PYTHONPATH=/home/luna/stage_imitation_learning/ros2_ws/build/create3_il/prefix_override:/usr/lib/python3/dist-packages/colcon_core/task/python/colcon_distutils_commands:/home/luna/stage_imitation_learning/ros2_ws/install/create3_il/lib/python3.10/site-packages:${PYTHONPATH} /usr/bin/python3 -W ignore:setup.py install is deprecated -W ignore:easy_install command is deprecated setup.py egg_info --egg-base ../../build/create3_il build --build-base /home/luna/stage_imitation_learning/ros2_ws/build/create3_il/build install --record /home/luna/stage_imitation_learning/ros2_ws/build/create3_il/install.log --install-scripts $base/lib/create3_il --single-version-externally-managed install_data --force
[14.466s] running egg_info
[14.530s] writing ../../build/create3_il/create3_il.egg-info/PKG-INFO
[14.532s] writing dependency_links to ../../build/create3_il/create3_il.egg-info/dependency_links.txt
[14.533s] writing entry points to ../../build/create3_il/create3_il.egg-info/entry_points.txt
[14.534s] writing requirements to ../../build/create3_il/create3_il.egg-info/requires.txt
[14.535s] writing top-level names to ../../build/create3_il/create3_il.egg-info/top_level.txt
[14.709s] reading manifest file '../../build/create3_il/create3_il.egg-info/SOURCES.txt'
[14.713s] writing manifest file '../../build/create3_il/create3_il.egg-info/SOURCES.txt'
[14.714s] running build
[14.714s] running build_py
[14.715s] creating /home/luna/stage_imitation_learning/ros2_ws/build/create3_il/build
[14.716s] creating /home/luna/stage_imitation_learning/ros2_ws/build/create3_il/build/lib
[14.716s] creating /home/luna/stage_imitation_learning/ros2_ws/build/create3_il/build/lib/create3_il
[14.716s] copying create3_il/bc_inference_node.py -> /home/luna/stage_imitation_learning/ros2_ws/build/create3_il/build/lib/create3_il
[14.717s] copying create3_il/il_data_collector.py -> /home/luna/stage_imitation_learning/ros2_ws/build/create3_il/build/lib/create3_il
[14.717s] copying create3_il/inference_node.py -> /home/luna/stage_imitation_learning/ros2_ws/build/create3_il/build/lib/create3_il
[14.718s] copying create3_il/__init__.py -> /home/luna/stage_imitation_learning/ros2_ws/build/create3_il/build/lib/create3_il
[14.718s] copying create3_il/dagger_session_node.py -> /home/luna/stage_imitation_learning/ros2_ws/build/create3_il/build/lib/create3_il
[14.719s] running install
[14.749s] running install_lib
[14.819s] creating /home/luna/stage_imitation_learning/ros2_ws/install/create3_il/lib/python3.10/site-packages/create3_il
[14.820s] copying /home/luna/stage_imitation_learning/ros2_ws/build/create3_il/build/lib/create3_il/bc_inference_node.py -> /home/luna/stage_imitation_learning/ros2_ws/install/create3_il/lib/python3.10/site-packages/create3_il
[14.821s] copying /home/luna/stage_imitation_learning/ros2_ws/build/create3_il/build/lib/create3_il/il_data_collector.py -> /home/luna/stage_imitation_learning/ros2_ws/install/create3_il/lib/python3.10/site-packages/create3_il
[14.822s] copying /home/luna/stage_imitation_learning/ros2_ws/build/create3_il/build/lib/create3_il/inference_node.py -> /home/luna/stage_imitation_learning/ros2_ws/install/create3_il/lib/python3.10/site-packages/create3_il
[14.822s] copying /home/luna/stage_imitation_learning/ros2_ws/build/create3_il/build/lib/create3_il/__init__.py -> /home/luna/stage_imitation_learning/ros2_ws/install/create3_il/lib/python3.10/site-packages/create3_il
[14.823s] copying /home/luna/stage_imitation_learning/ros2_ws/build/create3_il/build/lib/create3_il/dagger_session_node.py -> /home/luna/stage_imitation_learning/ros2_ws/install/create3_il/lib/python3.10/site-packages/create3_il
[14.825s] byte-compiling /home/luna/stage_imitation_learning/ros2_ws/install/create3_il/lib/python3.10/site-packages/create3_il/bc_inference_node.py to bc_inference_node.cpython-310.pyc
[14.835s] byte-compiling /home/luna/stage_imitation_learning/ros2_ws/install/create3_il/lib/python3.10/site-packages/create3_il/il_data_collector.py to il_data_collector.cpython-310.pyc
[14.839s] byte-compiling /home/luna/stage_imitation_learning/ros2_ws/install/create3_il/lib/python3.10/site-packages/create3_il/inference_node.py to inference_node.cpython-310.pyc
[14.842s] Sorry: IndentationError: unexpected indent (inference_node.py, line 73)
[14.843s] byte-compiling /home/luna/stage_imitation_learning/ros2_ws/install/create3_il/lib/python3.10/site-packages/create3_il/__init__.py to __init__.cpython-310.pyc
[14.844s] byte-compiling /home/luna/stage_imitation_learning/ros2_ws/install/create3_il/lib/python3.10/site-packages/create3_il/dagger_session_node.py to dagger_session_node.cpython-310.pyc
[14.854s] running install_data
[14.855s] copying resource/create3_il -> /home/luna/stage_imitation_learning/ros2_ws/install/create3_il/share/ament_index/resource_index/packages
[14.855s] copying package.xml -> /home/luna/stage_imitation_learning/ros2_ws/install/create3_il/share/create3_il
[14.856s] running install_egg_info
[14.928s] Copying ../../build/create3_il/create3_il.egg-info to /home/luna/stage_imitation_learning/ros2_ws/install/create3_il/lib/python3.10/site-packages/create3_il-0.0.0-py3.10.egg-info
[14.931s] running install_scripts
[15.278s] Installing bc_inference_node script to /home/luna/stage_imitation_learning/ros2_ws/install/create3_il/lib/create3_il
[15.280s] Installing dagger_session_node script to /home/luna/stage_imitation_learning/ros2_ws/install/create3_il/lib/create3_il
[15.281s] Installing il_data_collector script to /home/luna/stage_imitation_learning/ros2_ws/install/create3_il/lib/create3_il
[15.286s] writing list of installed files to '/home/luna/stage_imitation_learning/ros2_ws/build/create3_il/install.log'
[15.461s] Invoked command in '/home/luna/stage_imitation_learning/ros2_ws/src/create3_il' returned '0': PYTHONPATH=/home/luna/stage_imitation_learning/ros2_ws/build/create3_il/prefix_override:/usr/lib/python3/dist-packages/colcon_core/task/python/colcon_distutils_commands:/home/luna/stage_imitation_learning/ros2_ws/install/create3_il/lib/python3.10/site-packages:${PYTHONPATH} /usr/bin/python3 -W ignore:setup.py install is deprecated -W ignore:easy_install command is deprecated setup.py egg_info --egg-base ../../build/create3_il build --build-base /home/luna/stage_imitation_learning/ros2_ws/build/create3_il/build install --record /home/luna/stage_imitation_learning/ros2_ws/build/create3_il/install.log --install-scripts $base/lib/create3_il --single-version-externally-managed install_data --force
