-- Install configuration: ""
-- Execute custom install script
-- Up-to-date symlink: /home/luna/stage_imitation_learning/ros2_ws/install/create3_lidar_description/share/create3_lidar_description/urdf/create3_with_lidar.urdf.xacro
-- Up-to-date symlink: /home/luna/stage_imitation_learning/ros2_ws/install/create3_lidar_description/share/create3_lidar_description/launch/create3_lidar_full.launch.py
-- Up-to-date symlink: /home/luna/stage_imitation_learning/ros2_ws/install/create3_lidar_description/share/create3_lidar_description/launch/create3_lidar_gazebo.launch.py
-- Up-to-date symlink: /home/luna/stage_imitation_learning/ros2_ws/install/create3_lidar_description/share/create3_lidar_description/launch/create3_lidar_spawn.launch.py
-- Up-to-date symlink: /home/luna/stage_imitation_learning/ros2_ws/install/create3_lidar_description/share/create3_lidar_description/launch/robot_description_lidar.launch.py
-- Up-to-date symlink: /home/luna/stage_imitation_learning/ros2_ws/install/create3_lidar_description/share/create3_lidar_description/worlds/obstacles.world
-- Up-to-date symlink: /home/luna/stage_imitation_learning/ros2_ws/install/create3_lidar_description/share/ament_index/resource_index/package_run_dependencies/create3_lidar_description
-- Up-to-date symlink: /home/luna/stage_imitation_learning/ros2_ws/install/create3_lidar_description/share/ament_index/resource_index/parent_prefix_path/create3_lidar_description
-- Up-to-date symlink: /home/luna/stage_imitation_learning/ros2_ws/install/create3_lidar_description/share/create3_lidar_description/environment/ament_prefix_path.sh
-- Up-to-date symlink: /home/luna/stage_imitation_learning/ros2_ws/install/create3_lidar_description/share/create3_lidar_description/environment/ament_prefix_path.dsv
-- Up-to-date symlink: /home/luna/stage_imitation_learning/ros2_ws/install/create3_lidar_description/share/create3_lidar_description/environment/path.sh
-- Up-to-date symlink: /home/luna/stage_imitation_learning/ros2_ws/install/create3_lidar_description/share/create3_lidar_description/environment/path.dsv
-- Up-to-date symlink: /home/luna/stage_imitation_learning/ros2_ws/install/create3_lidar_description/share/create3_lidar_description/local_setup.bash
-- Up-to-date symlink: /home/luna/stage_imitation_learning/ros2_ws/install/create3_lidar_description/share/create3_lidar_description/local_setup.sh
-- Up-to-date symlink: /home/luna/stage_imitation_learning/ros2_ws/install/create3_lidar_description/share/create3_lidar_description/local_setup.zsh
-- Up-to-date symlink: /home/luna/stage_imitation_learning/ros2_ws/install/create3_lidar_description/share/create3_lidar_description/local_setup.dsv
-- Symlinking: /home/luna/stage_imitation_learning/ros2_ws/install/create3_lidar_description/share/create3_lidar_description/package.dsv
-- Up-to-date symlink: /home/luna/stage_imitation_learning/ros2_ws/install/create3_lidar_description/share/ament_index/resource_index/packages/create3_lidar_description
-- Up-to-date symlink: /home/luna/stage_imitation_learning/ros2_ws/install/create3_lidar_description/share/create3_lidar_description/cmake/create3_lidar_descriptionConfig.cmake
-- Up-to-date symlink: /home/luna/stage_imitation_learning/ros2_ws/install/create3_lidar_description/share/create3_lidar_description/cmake/create3_lidar_descriptionConfig-version.cmake
-- Up-to-date symlink: /home/luna/stage_imitation_learning/ros2_ws/install/create3_lidar_description/share/create3_lidar_description/package.xml
