running develop
running egg_info
creating create3_il.egg-info
writing create3_il.egg-info/PKG-INFO
writing dependency_links to create3_il.egg-info/dependency_links.txt
writing entry points to create3_il.egg-info/entry_points.txt
writing requirements to create3_il.egg-info/requires.txt
writing top-level names to create3_il.egg-info/top_level.txt
writing manifest file 'create3_il.egg-info/SOURCES.txt'
reading manifest file 'create3_il.egg-info/SOURCES.txt'
writing manifest file 'create3_il.egg-info/SOURCES.txt'
running build_ext
Creating /home/luna/stage_imitation_learning/ros2_ws/install/create3_il/lib/python3.10/site-packages/create3-il.egg-link (link to .)
Installing il_data_collector script to /home/luna/stage_imitation_learning/ros2_ws/install/create3_il/lib/create3_il

Installed /home/luna/stage_imitation_learning/ros2_ws/build/create3_il
running symlink_data
creating /home/luna/stage_imitation_learning/ros2_ws/install/create3_il/share/ament_index
creating /home/luna/stage_imitation_learning/ros2_ws/install/create3_il/share/ament_index/resource_index
creating /home/luna/stage_imitation_learning/ros2_ws/install/create3_il/share/ament_index/resource_index/packages
symbolically linking /home/luna/stage_imitation_learning/ros2_ws/build/create3_il/resource/create3_il -> /home/luna/stage_imitation_learning/ros2_ws/install/create3_il/share/ament_index/resource_index/packages
symbolically linking /home/luna/stage_imitation_learning/ros2_ws/build/create3_il/package.xml -> /home/luna/stage_imitation_learning/ros2_ws/install/create3_il/share/create3_il
