[1.512s] Invoking command in '/home/luna/stage_imitation_learning/ros2_ws/build/create3_il': PYTHONPATH=/home/luna/stage_imitation_learning/ros2_ws/build/create3_il/prefix_override:/usr/lib/python3/dist-packages/colcon_core/task/python/colcon_distutils_commands:/home/luna/stage_imitation_learning/ros2_ws/install/create3_il/lib/python3.10/site-packages:${PYTHONPATH} /usr/bin/python3 -W ignore:setup.py install is deprecated -W ignore:easy_install command is deprecated setup.py develop --editable --build-directory /home/luna/stage_imitation_learning/ros2_ws/build/create3_il/build --no-deps symlink_data
[1.808s] running develop
[1.965s] running egg_info
[1.965s] creating create3_il.egg-info
[1.966s] writing create3_il.egg-info/PKG-INFO
[1.966s] writing dependency_links to create3_il.egg-info/dependency_links.txt
[1.967s] writing entry points to create3_il.egg-info/entry_points.txt
[1.967s] writing requirements to create3_il.egg-info/requires.txt
[1.967s] writing top-level names to create3_il.egg-info/top_level.txt
[1.967s] writing manifest file 'create3_il.egg-info/SOURCES.txt'
[1.969s] reading manifest file 'create3_il.egg-info/SOURCES.txt'
[1.970s] writing manifest file 'create3_il.egg-info/SOURCES.txt'
[1.972s] running build_ext
[1.972s] Creating /home/luna/stage_imitation_learning/ros2_ws/install/create3_il/lib/python3.10/site-packages/create3-il.egg-link (link to .)
[1.973s] Installing il_data_collector script to /home/luna/stage_imitation_learning/ros2_ws/install/create3_il/lib/create3_il
[1.973s] 
[1.973s] Installed /home/luna/stage_imitation_learning/ros2_ws/build/create3_il
[1.974s] running symlink_data
[1.974s] creating /home/luna/stage_imitation_learning/ros2_ws/install/create3_il/share/ament_index
[1.974s] creating /home/luna/stage_imitation_learning/ros2_ws/install/create3_il/share/ament_index/resource_index
[1.974s] creating /home/luna/stage_imitation_learning/ros2_ws/install/create3_il/share/ament_index/resource_index/packages
[1.975s] symbolically linking /home/luna/stage_imitation_learning/ros2_ws/build/create3_il/resource/create3_il -> /home/luna/stage_imitation_learning/ros2_ws/install/create3_il/share/ament_index/resource_index/packages
[1.975s] symbolically linking /home/luna/stage_imitation_learning/ros2_ws/build/create3_il/package.xml -> /home/luna/stage_imitation_learning/ros2_ws/install/create3_il/share/create3_il
[2.004s] Invoked command in '/home/luna/stage_imitation_learning/ros2_ws/build/create3_il' returned '0': PYTHONPATH=/home/luna/stage_imitation_learning/ros2_ws/build/create3_il/prefix_override:/usr/lib/python3/dist-packages/colcon_core/task/python/colcon_distutils_commands:/home/luna/stage_imitation_learning/ros2_ws/install/create3_il/lib/python3.10/site-packages:${PYTHONPATH} /usr/bin/python3 -W ignore:setup.py install is deprecated -W ignore:easy_install command is deprecated setup.py develop --editable --build-directory /home/luna/stage_imitation_learning/ros2_ws/build/create3_il/build --no-deps symlink_data
