[5.057s] Invoking command in '/home/luna/stage_imitation_learning/ros2_ws/build/create3_il': PYTHONPATH=/home/luna/stage_imitation_learning/ros2_ws/build/create3_il/prefix_override:/usr/lib/python3/dist-packages/colcon_core/task/python/colcon_distutils_commands:/home/luna/stage_imitation_learning/ros2_ws/install/create3_il/lib/python3.10/site-packages:${PYTHONPATH} /usr/bin/python3 -W ignore:setup.py install is deprecated -W ignore:easy_install command is deprecated setup.py develop --editable --build-directory /home/luna/stage_imitation_learning/ros2_ws/build/create3_il/build --no-deps symlink_data --force
[6.343s] running develop
[7.125s] running egg_info
[7.168s] writing create3_il.egg-info/PKG-INFO
[7.170s] writing dependency_links to create3_il.egg-info/dependency_links.txt
[7.170s] writing entry points to create3_il.egg-info/entry_points.txt
[7.171s] writing requirements to create3_il.egg-info/requires.txt
[7.171s] writing top-level names to create3_il.egg-info/top_level.txt
[7.281s] reading manifest file 'create3_il.egg-info/SOURCES.txt'
[7.283s] writing manifest file 'create3_il.egg-info/SOURCES.txt'
[7.337s] running build_ext
[7.339s] Creating /home/luna/stage_imitation_learning/ros2_ws/install/create3_il/lib/python3.10/site-packages/create3-il.egg-link (link to .)
[7.341s] Installing bc_inference_node script to /home/luna/stage_imitation_learning/ros2_ws/install/create3_il/lib/create3_il
[7.342s] Installing dagger_session_node script to /home/luna/stage_imitation_learning/ros2_ws/install/create3_il/lib/create3_il
[7.343s] Installing il_data_collector script to /home/luna/stage_imitation_learning/ros2_ws/install/create3_il/lib/create3_il
[7.344s] 
[7.344s] Installed /home/luna/stage_imitation_learning/ros2_ws/build/create3_il
[7.344s] running symlink_data
[7.347s] symbolically linking /home/luna/stage_imitation_learning/ros2_ws/build/create3_il/resource/create3_il -> /home/luna/stage_imitation_learning/ros2_ws/install/create3_il/share/ament_index/resource_index/packages
[7.349s] symbolically linking /home/luna/stage_imitation_learning/ros2_ws/build/create3_il/package.xml -> /home/luna/stage_imitation_learning/ros2_ws/install/create3_il/share/create3_il
[7.498s] Invoked command in '/home/luna/stage_imitation_learning/ros2_ws/build/create3_il' returned '0': PYTHONPATH=/home/luna/stage_imitation_learning/ros2_ws/build/create3_il/prefix_override:/usr/lib/python3/dist-packages/colcon_core/task/python/colcon_distutils_commands:/home/luna/stage_imitation_learning/ros2_ws/install/create3_il/lib/python3.10/site-packages:${PYTHONPATH} /usr/bin/python3 -W ignore:setup.py install is deprecated -W ignore:easy_install command is deprecated setup.py develop --editable --build-directory /home/luna/stage_imitation_learning/ros2_ws/build/create3_il/build --no-deps symlink_data --force
