[2.080s] DEBUG:colcon:Command line arguments: ['/usr/bin/colcon', 'build', '--symlink-install', '--packages-select', 'create3_il']
[2.081s] DEBUG:colcon:Parsed command line arguments: Namespace(log_base=None, log_level=None, verb_name='build', build_base='build', install_base='install', merge_install=False, symlink_install=True, test_result_base=None, continue_on_error=False, executor='parallel', parallel_workers=16, event_handlers=None, ignore_user_meta=False, metas=['./colcon.meta'], base_paths=['.'], packages_ignore=None, packages_ignore_regex=None, paths=None, packages_up_to=None, packages_up_to_regex=None, packages_above=None, packages_above_and_dependencies=None, packages_above_depth=None, packages_select_by_dep=None, packages_skip_by_dep=None, packages_skip_up_to=None, packages_select_build_failed=False, packages_skip_build_finished=False, packages_select_test_failures=False, packages_skip_test_passed=False, packages_select=['create3_il'], packages_skip=None, packages_select_regex=None, packages_skip_regex=None, packages_start=None, packages_end=None, allow_overriding=[], cmake_args=None, cmake_target=None, cmake_target_skip_unavailable=False, cmake_clean_cache=False, cmake_clean_first=False, cmake_force_configure=False, ament_cmake_args=None, catkin_cmake_args=None, catkin_skip_building_tests=False, mixin_files=None, mixin=None, verb_parser=<colcon_mixin.mixin.mixin_argument.MixinArgumentDecorator object at 0x76ce4d54eef0>, verb_extension=<colcon_core.verb.build.BuildVerb object at 0x76ce4d54e980>, main=<bound method BuildVerb.main of <colcon_core.verb.build.BuildVerb object at 0x76ce4d54e980>>, mixin_verb=('build',))
[3.370s] Level 1:colcon.colcon_core.package_discovery:discover_packages(colcon_meta) check parameters
[3.371s] Level 1:colcon.colcon_core.package_discovery:discover_packages(recursive) check parameters
[3.371s] Level 1:colcon.colcon_core.package_discovery:discover_packages(ignore) check parameters
[3.371s] Level 1:colcon.colcon_core.package_discovery:discover_packages(path) check parameters
[3.371s] Level 1:colcon.colcon_core.package_discovery:discover_packages(colcon_meta) discover
[3.371s] Level 1:colcon.colcon_core.package_discovery:discover_packages(recursive) discover
[3.371s] INFO:colcon.colcon_core.package_discovery:Crawling recursively for packages in '/home/luna/stage_imitation_learning/ros2_ws'
[3.372s] Level 1:colcon.colcon_core.package_identification:_identify(.) by extensions ['ignore', 'ignore_ament_install']
[3.372s] Level 1:colcon.colcon_core.package_identification:_identify(.) by extension 'ignore'
[3.372s] Level 1:colcon.colcon_core.package_identification:_identify(.) by extension 'ignore_ament_install'
[3.372s] Level 1:colcon.colcon_core.package_identification:_identify(.) by extensions ['colcon_pkg']
[3.373s] Level 1:colcon.colcon_core.package_identification:_identify(.) by extension 'colcon_pkg'
[3.373s] Level 1:colcon.colcon_core.package_identification:_identify(.) by extensions ['colcon_meta']
[3.373s] Level 1:colcon.colcon_core.package_identification:_identify(.) by extension 'colcon_meta'
[3.373s] Level 1:colcon.colcon_core.package_identification:_identify(.) by extensions ['ros']
[3.373s] Level 1:colcon.colcon_core.package_identification:_identify(.) by extension 'ros'
[3.442s] Level 1:colcon.colcon_core.package_identification:_identify(.) by extensions ['cmake', 'python']
[3.442s] Level 1:colcon.colcon_core.package_identification:_identify(.) by extension 'cmake'
[3.442s] Level 1:colcon.colcon_core.package_identification:_identify(.) by extension 'python'
[3.443s] Level 1:colcon.colcon_core.package_identification:_identify(.) by extensions ['python_setup_py']
[3.443s] Level 1:colcon.colcon_core.package_identification:_identify(.) by extension 'python_setup_py'
[3.443s] Level 1:colcon.colcon_core.package_identification:_identify(build) by extensions ['ignore', 'ignore_ament_install']
[3.444s] Level 1:colcon.colcon_core.package_identification:_identify(build) by extension 'ignore'
[3.444s] Level 1:colcon.colcon_core.package_identification:_identify(build) ignored
[3.445s] Level 1:colcon.colcon_core.package_identification:_identify(install) by extensions ['ignore', 'ignore_ament_install']
[3.445s] Level 1:colcon.colcon_core.package_identification:_identify(install) by extension 'ignore'
[3.445s] Level 1:colcon.colcon_core.package_identification:_identify(install) ignored
[3.446s] Level 1:colcon.colcon_core.package_identification:_identify(log) by extensions ['ignore', 'ignore_ament_install']
[3.447s] Level 1:colcon.colcon_core.package_identification:_identify(log) by extension 'ignore'
[3.447s] Level 1:colcon.colcon_core.package_identification:_identify(log) ignored
[3.448s] Level 1:colcon.colcon_core.package_identification:_identify(src) by extensions ['ignore', 'ignore_ament_install']
[3.448s] Level 1:colcon.colcon_core.package_identification:_identify(src) by extension 'ignore'
[3.448s] Level 1:colcon.colcon_core.package_identification:_identify(src) by extension 'ignore_ament_install'
[3.448s] Level 1:colcon.colcon_core.package_identification:_identify(src) by extensions ['colcon_pkg']
[3.448s] Level 1:colcon.colcon_core.package_identification:_identify(src) by extension 'colcon_pkg'
[3.449s] Level 1:colcon.colcon_core.package_identification:_identify(src) by extensions ['colcon_meta']
[3.449s] Level 1:colcon.colcon_core.package_identification:_identify(src) by extension 'colcon_meta'
[3.449s] Level 1:colcon.colcon_core.package_identification:_identify(src) by extensions ['ros']
[3.449s] Level 1:colcon.colcon_core.package_identification:_identify(src) by extension 'ros'
[3.449s] Level 1:colcon.colcon_core.package_identification:_identify(src) by extensions ['cmake', 'python']
[3.449s] Level 1:colcon.colcon_core.package_identification:_identify(src) by extension 'cmake'
[3.449s] Level 1:colcon.colcon_core.package_identification:_identify(src) by extension 'python'
[3.450s] Level 1:colcon.colcon_core.package_identification:_identify(src) by extensions ['python_setup_py']
[3.450s] Level 1:colcon.colcon_core.package_identification:_identify(src) by extension 'python_setup_py'
[3.450s] Level 1:colcon.colcon_core.package_identification:_identify(src/create3_il) by extensions ['ignore', 'ignore_ament_install']
[3.450s] Level 1:colcon.colcon_core.package_identification:_identify(src/create3_il) by extension 'ignore'
[3.451s] Level 1:colcon.colcon_core.package_identification:_identify(src/create3_il) by extension 'ignore_ament_install'
[3.451s] Level 1:colcon.colcon_core.package_identification:_identify(src/create3_il) by extensions ['colcon_pkg']
[3.451s] Level 1:colcon.colcon_core.package_identification:_identify(src/create3_il) by extension 'colcon_pkg'
[3.451s] Level 1:colcon.colcon_core.package_identification:_identify(src/create3_il) by extensions ['colcon_meta']
[3.451s] Level 1:colcon.colcon_core.package_identification:_identify(src/create3_il) by extension 'colcon_meta'
[3.451s] Level 1:colcon.colcon_core.package_identification:_identify(src/create3_il) by extensions ['ros']
[3.452s] Level 1:colcon.colcon_core.package_identification:_identify(src/create3_il) by extension 'ros'
[3.469s] DEBUG:colcon.colcon_core.package_identification:Package 'src/create3_il' with type 'ros.ament_python' and name 'create3_il'
[3.470s] Level 1:colcon.colcon_core.package_identification:_identify(src/create3_lidar_description) by extensions ['ignore', 'ignore_ament_install']
[3.471s] Level 1:colcon.colcon_core.package_identification:_identify(src/create3_lidar_description) by extension 'ignore'
[3.472s] Level 1:colcon.colcon_core.package_identification:_identify(src/create3_lidar_description) by extension 'ignore_ament_install'
[3.472s] Level 1:colcon.colcon_core.package_identification:_identify(src/create3_lidar_description) by extensions ['colcon_pkg']
[3.472s] Level 1:colcon.colcon_core.package_identification:_identify(src/create3_lidar_description) by extension 'colcon_pkg'
[3.473s] Level 1:colcon.colcon_core.package_identification:_identify(src/create3_lidar_description) by extensions ['colcon_meta']
[3.473s] Level 1:colcon.colcon_core.package_identification:_identify(src/create3_lidar_description) by extension 'colcon_meta'
[3.473s] Level 1:colcon.colcon_core.package_identification:_identify(src/create3_lidar_description) by extensions ['ros']
[3.473s] Level 1:colcon.colcon_core.package_identification:_identify(src/create3_lidar_description) by extension 'ros'
[3.476s] DEBUG:colcon.colcon_core.package_identification:Package 'src/create3_lidar_description' with type 'ros.ament_cmake' and name 'create3_lidar_description'
[3.476s] Level 1:colcon.colcon_core.package_discovery:discover_packages(recursive) using defaults
[3.476s] Level 1:colcon.colcon_core.package_discovery:discover_packages(ignore) discover
[3.476s] Level 1:colcon.colcon_core.package_discovery:discover_packages(ignore) using defaults
[3.476s] Level 1:colcon.colcon_core.package_discovery:discover_packages(path) discover
[3.476s] Level 1:colcon.colcon_core.package_discovery:discover_packages(path) using defaults
[3.572s] INFO:colcon.colcon_core.package_selection:Skipping not selected package 'create3_lidar_description' in 'src/create3_lidar_description'
[3.573s] Level 1:colcon.colcon_core.package_discovery:discover_packages(prefix_path) check parameters
[3.574s] Level 1:colcon.colcon_core.package_discovery:discover_packages(prefix_path) discover
[3.579s] DEBUG:colcon.colcon_installed_package_information.package_discovery:Found 2 installed packages in /home/luna/stage_imitation_learning/ros2_ws/install
[3.583s] DEBUG:colcon.colcon_installed_package_information.package_discovery:Found 329 installed packages in /opt/ros/humble
[3.588s] Level 1:colcon.colcon_core.package_discovery:discover_packages(prefix_path) using defaults
[3.810s] Level 5:colcon.colcon_core.verb:set package 'create3_il' build argument 'cmake_args' from command line to 'None'
[3.810s] Level 5:colcon.colcon_core.verb:set package 'create3_il' build argument 'cmake_target' from command line to 'None'
[3.810s] Level 5:colcon.colcon_core.verb:set package 'create3_il' build argument 'cmake_target_skip_unavailable' from command line to 'False'
[3.810s] Level 5:colcon.colcon_core.verb:set package 'create3_il' build argument 'cmake_clean_cache' from command line to 'False'
[3.810s] Level 5:colcon.colcon_core.verb:set package 'create3_il' build argument 'cmake_clean_first' from command line to 'False'
[3.811s] Level 5:colcon.colcon_core.verb:set package 'create3_il' build argument 'cmake_force_configure' from command line to 'False'
[3.811s] Level 5:colcon.colcon_core.verb:set package 'create3_il' build argument 'ament_cmake_args' from command line to 'None'
[3.811s] Level 5:colcon.colcon_core.verb:set package 'create3_il' build argument 'catkin_cmake_args' from command line to 'None'
[3.811s] Level 5:colcon.colcon_core.verb:set package 'create3_il' build argument 'catkin_skip_building_tests' from command line to 'False'
[3.811s] DEBUG:colcon.colcon_core.verb:Building package 'create3_il' with the following arguments: {'ament_cmake_args': None, 'build_base': '/home/luna/stage_imitation_learning/ros2_ws/build/create3_il', 'catkin_cmake_args': None, 'catkin_skip_building_tests': False, 'cmake_args': None, 'cmake_clean_cache': False, 'cmake_clean_first': False, 'cmake_force_configure': False, 'cmake_target': None, 'cmake_target_skip_unavailable': False, 'install_base': '/home/luna/stage_imitation_learning/ros2_ws/install/create3_il', 'merge_install': False, 'path': '/home/luna/stage_imitation_learning/ros2_ws/src/create3_il', 'symlink_install': True, 'test_result_base': None}
[3.812s] INFO:colcon.colcon_core.executor:Executing jobs using 'parallel' executor
[3.816s] DEBUG:colcon.colcon_parallel_executor.executor.parallel:run_until_complete
[3.818s] INFO:colcon.colcon_ros.task.ament_python.build:Building ROS package in '/home/luna/stage_imitation_learning/ros2_ws/src/create3_il' with build type 'ament_python'
[3.819s] Level 1:colcon.colcon_core.shell:create_environment_hook('create3_il', 'ament_prefix_path')
[3.832s] INFO:colcon.colcon_core.plugin_system:Skipping extension 'colcon_core.shell.bat': Not used on non-Windows systems
[3.833s] INFO:colcon.colcon_core.shell:Creating environment hook '/home/luna/stage_imitation_learning/ros2_ws/install/create3_il/share/create3_il/hook/ament_prefix_path.ps1'
[3.835s] INFO:colcon.colcon_core.shell:Creating environment descriptor '/home/luna/stage_imitation_learning/ros2_ws/install/create3_il/share/create3_il/hook/ament_prefix_path.dsv'
[3.837s] INFO:colcon.colcon_core.shell:Creating environment hook '/home/luna/stage_imitation_learning/ros2_ws/install/create3_il/share/create3_il/hook/ament_prefix_path.sh'
[3.842s] INFO:colcon.colcon_core.shell:Skip shell extension 'powershell' for command environment: Not usable outside of PowerShell
[3.843s] DEBUG:colcon.colcon_core.shell:Skip shell extension 'dsv' for command environment
[5.561s] INFO:colcon.colcon_core.task.python.build:Building Python package in '/home/luna/stage_imitation_learning/ros2_ws/src/create3_il'
[5.563s] INFO:colcon.colcon_core.shell:Skip shell extension 'powershell' for command environment: Not usable outside of PowerShell
[5.563s] DEBUG:colcon.colcon_core.shell:Skip shell extension 'dsv' for command environment
[8.571s] DEBUG:colcon.colcon_core.task.python.build:Available setuptools commands: bdist_dumb, bdist_wheel, compile_catalog, build_ext, bdist_rpm, develop, build_scripts, install_scripts, install_lib, test, update_catalog, easy_install, check, editable_wheel, build_py, register, install_data, saveopts, install_egg_info, setopt, install_headers, bdist_egg, build, rotate, install, build_clib, upload, alias, extract_messages, dist_info, upload_docs, init_catalog, sdist, clean, bdist, symlink_data, egg_info
[10.653s] DEBUG:colcon.colcon_core.task.python.build:Available setuptools 'develop' options: --no-user-cfg, --find-links, --multi-version, --version, --editable, --upgrade, --quiet, --local-snapshots-ok, --build-directory, --egg-path, --help, --always-copy, --zip-ok, --index-url, --user, --script-dir, --verbose, --install-dir, --site-dirs, --no-find-links, --uninstall, --allow-hosts, --optimize, --record, --exclude-scripts, --always-unzip, --dry-run, --no-deps, --prefix
[10.674s] DEBUG:colcon.colcon_core.event_handler.log_command:Invoking command in '/home/luna/stage_imitation_learning/ros2_ws/build/create3_il': PYTHONPATH=/home/luna/stage_imitation_learning/ros2_ws/build/create3_il/prefix_override:/usr/lib/python3/dist-packages/colcon_core/task/python/colcon_distutils_commands:/home/luna/stage_imitation_learning/ros2_ws/install/create3_il/lib/python3.10/site-packages:${PYTHONPATH} /usr/bin/python3 -W ignore:setup.py install is deprecated -W ignore:easy_install command is deprecated setup.py develop --editable --build-directory /home/luna/stage_imitation_learning/ros2_ws/build/create3_il/build --no-deps symlink_data
[14.018s] Level 1:colcon.colcon_core.shell:create_environment_hook('create3_il', 'pythonpath_develop')
[14.020s] INFO:colcon.colcon_core.shell:Creating environment hook '/home/luna/stage_imitation_learning/ros2_ws/build/create3_il/share/create3_il/hook/pythonpath_develop.ps1'
[14.021s] DEBUG:colcon.colcon_core.event_handler.log_command:Invoked command in '/home/luna/stage_imitation_learning/ros2_ws/build/create3_il' returned '0': PYTHONPATH=/home/luna/stage_imitation_learning/ros2_ws/build/create3_il/prefix_override:/usr/lib/python3/dist-packages/colcon_core/task/python/colcon_distutils_commands:/home/luna/stage_imitation_learning/ros2_ws/install/create3_il/lib/python3.10/site-packages:${PYTHONPATH} /usr/bin/python3 -W ignore:setup.py install is deprecated -W ignore:easy_install command is deprecated setup.py develop --editable --build-directory /home/luna/stage_imitation_learning/ros2_ws/build/create3_il/build --no-deps symlink_data
[14.023s] INFO:colcon.colcon_core.shell:Creating environment descriptor '/home/luna/stage_imitation_learning/ros2_ws/build/create3_il/share/create3_il/hook/pythonpath_develop.dsv'
[14.024s] INFO:colcon.colcon_core.shell:Creating environment hook '/home/luna/stage_imitation_learning/ros2_ws/build/create3_il/share/create3_il/hook/pythonpath_develop.sh'
[14.040s] Level 1:colcon.colcon_core.environment:checking '/home/luna/stage_imitation_learning/ros2_ws/install/create3_il' for CMake module files
[14.043s] Level 1:colcon.colcon_core.environment:checking '/home/luna/stage_imitation_learning/ros2_ws/install/create3_il' for CMake config files
[14.045s] Level 1:colcon.colcon_core.environment:checking '/home/luna/stage_imitation_learning/ros2_ws/install/create3_il/lib'
[14.046s] Level 1:colcon.colcon_core.environment:checking '/home/luna/stage_imitation_learning/ros2_ws/install/create3_il/bin'
[14.047s] Level 1:colcon.colcon_core.environment:checking '/home/luna/stage_imitation_learning/ros2_ws/install/create3_il/lib/pkgconfig/create3_il.pc'
[14.048s] Level 1:colcon.colcon_core.environment:checking '/home/luna/stage_imitation_learning/ros2_ws/install/create3_il/lib/python3.10/site-packages'
[14.048s] Level 1:colcon.colcon_core.shell:create_environment_hook('create3_il', 'pythonpath')
[14.051s] INFO:colcon.colcon_core.shell:Creating environment hook '/home/luna/stage_imitation_learning/ros2_ws/install/create3_il/share/create3_il/hook/pythonpath.ps1'
[14.054s] INFO:colcon.colcon_core.shell:Creating environment descriptor '/home/luna/stage_imitation_learning/ros2_ws/install/create3_il/share/create3_il/hook/pythonpath.dsv'
[14.057s] INFO:colcon.colcon_core.shell:Creating environment hook '/home/luna/stage_imitation_learning/ros2_ws/install/create3_il/share/create3_il/hook/pythonpath.sh'
[14.063s] Level 1:colcon.colcon_core.environment:checking '/home/luna/stage_imitation_learning/ros2_ws/install/create3_il/bin'
[14.064s] Level 1:colcon.colcon_core.environment:create_environment_scripts_only(create3_il)
[14.066s] INFO:colcon.colcon_core.shell:Creating package script '/home/luna/stage_imitation_learning/ros2_ws/install/create3_il/share/create3_il/package.ps1'
[14.075s] INFO:colcon.colcon_core.shell:Creating package descriptor '/home/luna/stage_imitation_learning/ros2_ws/install/create3_il/share/create3_il/package.dsv'
[14.079s] INFO:colcon.colcon_core.shell:Creating package script '/home/luna/stage_imitation_learning/ros2_ws/install/create3_il/share/create3_il/package.sh'
[14.082s] INFO:colcon.colcon_core.shell:Creating package script '/home/luna/stage_imitation_learning/ros2_ws/install/create3_il/share/create3_il/package.bash'
[14.087s] INFO:colcon.colcon_core.shell:Creating package script '/home/luna/stage_imitation_learning/ros2_ws/install/create3_il/share/create3_il/package.zsh'
[14.091s] Level 1:colcon.colcon_core.environment:create_file_with_runtime_dependencies(/home/luna/stage_imitation_learning/ros2_ws/install/create3_il/share/colcon-core/packages/create3_il)
[14.102s] DEBUG:colcon.colcon_parallel_executor.executor.parallel:closing loop
[14.103s] DEBUG:colcon.colcon_parallel_executor.executor.parallel:loop closed
[14.103s] DEBUG:colcon.colcon_parallel_executor.executor.parallel:run_until_complete finished with '0'
[14.104s] DEBUG:colcon.colcon_core.event_reactor:joining thread
[14.824s] INFO:colcon.colcon_core.plugin_system:Skipping extension 'colcon_notification.desktop_notification.notify_send': Could not find 'notify-send'
[14.825s] INFO:colcon.colcon_core.plugin_system:Skipping extension 'colcon_notification.desktop_notification.terminal_notifier': Not used on non-Darwin systems
[14.826s] INFO:colcon.colcon_core.plugin_system:Skipping extension 'colcon_notification.desktop_notification.win32': Not used on non-Windows systems
[14.826s] INFO:colcon.colcon_notification.desktop_notification:Sending desktop notification using 'notify2'
[14.827s] DEBUG:colcon.colcon_notification.desktop_notification.notify2:Failed to initialize notify2: org.freedesktop.DBus.Error.FileNotFound: Failed to connect to socket /run/user/1000/bus: No such file or directory
[14.827s] DEBUG:colcon.colcon_core.event_reactor:joined thread
[14.828s] INFO:colcon.colcon_core.shell:Creating prefix script '/home/luna/stage_imitation_learning/ros2_ws/install/local_setup.ps1'
[14.831s] INFO:colcon.colcon_core.shell:Creating prefix util module '/home/luna/stage_imitation_learning/ros2_ws/install/_local_setup_util_ps1.py'
[14.835s] INFO:colcon.colcon_core.shell:Creating prefix chain script '/home/luna/stage_imitation_learning/ros2_ws/install/setup.ps1'
[14.840s] INFO:colcon.colcon_core.shell:Creating prefix script '/home/luna/stage_imitation_learning/ros2_ws/install/local_setup.sh'
[14.845s] INFO:colcon.colcon_core.shell:Creating prefix util module '/home/luna/stage_imitation_learning/ros2_ws/install/_local_setup_util_sh.py'
[14.849s] INFO:colcon.colcon_core.shell:Creating prefix chain script '/home/luna/stage_imitation_learning/ros2_ws/install/setup.sh'
[14.854s] INFO:colcon.colcon_core.shell:Creating prefix script '/home/luna/stage_imitation_learning/ros2_ws/install/local_setup.bash'
[14.857s] INFO:colcon.colcon_core.shell:Creating prefix chain script '/home/luna/stage_imitation_learning/ros2_ws/install/setup.bash'
[14.862s] INFO:colcon.colcon_core.shell:Creating prefix script '/home/luna/stage_imitation_learning/ros2_ws/install/local_setup.zsh'
[14.865s] INFO:colcon.colcon_core.shell:Creating prefix chain script '/home/luna/stage_imitation_learning/ros2_ws/install/setup.zsh'
